Archive member included to satisfy reference by file (symbol)

mini_tree/libmini_tree.a(board_driver.c.obj)
                              CMakeFiles/STM32F407ZGT6.dir/app/src/main.cpp.obj (board_register_all_drivers)
mini_tree/libmini_tree.a(board_probe.c.obj)
                              mini_tree/libmini_tree.a(board_driver.c.obj) (board_probe_get_fn)
mini_tree/libmini_tree.a(production_log.c.obj)
                              mini_tree/libmini_tree.a(board_driver.c.obj) (production_log_push_fmt)
mini_tree/libmini_tree.a(system_init.cpp.obj)
                              CMakeFiles/STM32F407ZGT6.dir/app/src/main.cpp.obj (system_init_complete)
mini_tree/libmini_tree.a(system_scrubber.cpp.obj)
                              mini_tree/libmini_tree.a(system_init.cpp.obj) (system_scrubber_init)
mini_tree/libmini_tree.a(system_wdt.cpp.obj)
                              mini_tree/libmini_tree.a(system_init.cpp.obj) (system_wdt_init_rtc)
mini_tree/libmini_tree.a(safe_state.c.obj)
                              mini_tree/libmini_tree.a(system_init.cpp.obj) (safe_state_check_bootloop)
mini_tree/libmini_tree.a(osal_null.c.obj)
                              mini_tree/libmini_tree.a(system_scrubber.cpp.obj) (osal_task_create_handle)
mini_tree/libmini_tree.a(hal_stm32f407.c.obj)
                              mini_tree/libmini_tree.a(system_wdt.cpp.obj) (hal_wdt_init_rtc)
mini_tree/libmini_tree.a(board_device.c.obj)
                              mini_tree/libmini_tree.a(system_init.cpp.obj) (device_tree_init)
mini_tree/libmini_tree.a(dev_lifecycle.c.obj)
                              mini_tree/libmini_tree.a(board_device.c.obj) (dev_lc_init)
mini_tree/libmini_tree.a(board_devtable.c.obj)
                              mini_tree/libmini_tree.a(board_device.c.obj) (board_node_get)
mini_tree/libmini_tree.a(event_bus.c.obj)
                              mini_tree/libmini_tree.a(system_init.cpp.obj) (event_bus_init)
mini_tree/libmini_tree.a(printf_output.c.obj)
                              mini_tree/libmini_tree.a(osal_null.c.obj) (my_printf_output)
C:/ST/STM32CubeCLT_1.20.0/GNU-tools-for-STM32/bin/../lib/gcc/arm-none-eabi/13.3.1/thumb/v7e-m+fp/hard\libgcc.a(_aeabi_uldivmod.o)
                              cmake/stm32cubemx/CMakeFiles/STM32_Drivers.dir/__/__/Drivers/STM32F4xx_HAL_Driver/Src/stm32f4xx_hal_rcc.c.obj (__aeabi_uldivmod)
C:/ST/STM32CubeCLT_1.20.0/GNU-tools-for-STM32/bin/../lib/gcc/arm-none-eabi/13.3.1/thumb/v7e-m+fp/hard\libgcc.a(_udivmoddi4.o)
                              C:/ST/STM32CubeCLT_1.20.0/GNU-tools-for-STM32/bin/../lib/gcc/arm-none-eabi/13.3.1/thumb/v7e-m+fp/hard\libgcc.a(_aeabi_uldivmod.o) (__udivmoddi4)
C:/ST/STM32CubeCLT_1.20.0/GNU-tools-for-STM32/bin/../lib/gcc/arm-none-eabi/13.3.1/thumb/v7e-m+fp/hard\libgcc.a(_dvmd_tls.o)
                              C:/ST/STM32CubeCLT_1.20.0/GNU-tools-for-STM32/bin/../lib/gcc/arm-none-eabi/13.3.1/thumb/v7e-m+fp/hard\libgcc.a(_aeabi_uldivmod.o) (__aeabi_ldiv0)
C:/ST/STM32CubeCLT_1.20.0/GNU-tools-for-STM32/bin/../lib/gcc/arm-none-eabi/13.3.1/../../../../arm-none-eabi/lib/thumb/v7e-m+fp/hard\libg_nano.a(libc_a-calloc.o)
                              mini_tree/libmini_tree.a(osal_null.c.obj) (calloc)
C:/ST/STM32CubeCLT_1.20.0/GNU-tools-for-STM32/bin/../lib/gcc/arm-none-eabi/13.3.1/../../../../arm-none-eabi/lib/thumb/v7e-m+fp/hard\libg_nano.a(libc_a-callocr.o)
                              C:/ST/STM32CubeCLT_1.20.0/GNU-tools-for-STM32/bin/../lib/gcc/arm-none-eabi/13.3.1/../../../../arm-none-eabi/lib/thumb/v7e-m+fp/hard\libg_nano.a(libc_a-calloc.o) (_calloc_r)
C:/ST/STM32CubeCLT_1.20.0/GNU-tools-for-STM32/bin/../lib/gcc/arm-none-eabi/13.3.1/../../../../arm-none-eabi/lib/thumb/v7e-m+fp/hard\libg_nano.a(libc_a-exit.o)
                              C:/ST/STM32CubeCLT_1.20.0/GNU-tools-for-STM32/bin/../lib/gcc/arm-none-eabi/13.3.1/../../../../arm-none-eabi/lib/thumb/v7e-m+fp/hard/crt0.o (exit)
C:/ST/STM32CubeCLT_1.20.0/GNU-tools-for-STM32/bin/../lib/gcc/arm-none-eabi/13.3.1/../../../../arm-none-eabi/lib/thumb/v7e-m+fp/hard\libg_nano.a(libc_a-malloc.o)
                              mini_tree/libmini_tree.a(osal_null.c.obj) (free)
C:/ST/STM32CubeCLT_1.20.0/GNU-tools-for-STM32/bin/../lib/gcc/arm-none-eabi/13.3.1/../../../../arm-none-eabi/lib/thumb/v7e-m+fp/hard\libg_nano.a(libc_a-mallocr.o)
                              C:/ST/STM32CubeCLT_1.20.0/GNU-tools-for-STM32/bin/../lib/gcc/arm-none-eabi/13.3.1/../../../../arm-none-eabi/lib/thumb/v7e-m+fp/hard\libg_nano.a(libc_a-callocr.o) (_malloc_r)
C:/ST/STM32CubeCLT_1.20.0/GNU-tools-for-STM32/bin/../lib/gcc/arm-none-eabi/13.3.1/../../../../arm-none-eabi/lib/thumb/v7e-m+fp/hard\libg_nano.a(libc_a-mlock.o)
                              C:/ST/STM32CubeCLT_1.20.0/GNU-tools-for-STM32/bin/../lib/gcc/arm-none-eabi/13.3.1/../../../../arm-none-eabi/lib/thumb/v7e-m+fp/hard\libg_nano.a(libc_a-mallocr.o) (__malloc_lock)
[...]
Memory Configuration

Name             Origin             Length             Attributes
RAM              0x20000000         0x00020000         xrw
CCMRAM           0x10000000         0x00010000         xrw
FLASH            0x08000000         0x00100000         xr
*default*        0x00000000         0xffffffff

Linker script and memory map

LOAD C:/ST/STM32CubeCLT_1.20.0/GNU-tools-for-STM32/bin/../lib/gcc/arm-none-eabi/13.3.1/thumb/v7e-m+fp/hard/crti.o
LOAD C:/ST/STM32CubeCLT_1.20.0/GNU-tools-for-STM32/bin/../lib/gcc/arm-none-eabi/13.3.1/thumb/v7e-m+fp/hard/crtbegin.o
LOAD C:/ST/STM32CubeCLT_1.20.0/GNU-tools-for-STM32/bin/../lib/gcc/arm-none-eabi/13.3.1/../../../../arm-none-eabi/lib/thumb/v7e-m+fp/hard/crt0.o
LOAD cmake/stm32cubemx/CMakeFiles/STM32_Drivers.dir/__/__/Core/Src/system_stm32f4xx.c.obj
LOAD cmake/stm32cubemx/CMakeFiles/STM32_Drivers.dir/__/__/Drivers/STM32F4xx_HAL_Driver/Src/stm32f4xx_ll_gpio.c.obj
LOAD cmake/stm32cubemx/CMakeFiles/STM32_Drivers.dir/__/__/Drivers/STM32F4xx_HAL_Driver/Src/stm32f4xx_ll_adc.c.obj
LOAD cmake/stm32cubemx/CMakeFiles/STM32_Drivers.dir/__/__/Drivers/STM32F4xx_HAL_Driver/Src/stm32f4xx_ll_dma.c.obj
LOAD cmake/stm32cubemx/CMakeFiles/STM32_Drivers.dir/__/__/Drivers/STM32F4xx_HAL_Driver/Src/stm32f4xx_hal_rcc.c.obj
LOAD cmake/stm32cubemx/CMakeFiles/STM32_Drivers.dir/__/__/Drivers/STM32F4xx_HAL_Driver/Src/stm32f4xx_hal_rcc_ex.c.obj
LOAD cmake/stm32cubemx/CMakeFiles/STM32_Drivers.dir/__/__/Drivers/STM32F4xx_HAL_Driver/Src/stm32f4xx_hal_flash.c.obj
LOAD cmake/stm32cubemx/CMakeFiles/STM32_Drivers.dir/__/__/Drivers/STM32F4xx_HAL_Driver/Src/stm32f4xx_hal_flash_ex.c.obj
LOAD cmake/stm32cubemx/CMakeFiles/STM32_Drivers.dir/__/__/Drivers/STM32F4xx_HAL_Driver/Src/stm32f4xx_hal_flash_ramfunc.c.obj
LOAD cmake/stm32cubemx/CMakeFiles/STM32_Drivers.dir/__/__/Drivers/STM32F4xx_HAL_Driver/Src/stm32f4xx_hal_gpio.c.obj
LOAD cmake/stm32cubemx/CMakeFiles/STM32_Drivers.dir/__/__/Drivers/STM32F4xx_HAL_Driver/Src/stm32f4xx_hal_dma_ex.c.obj
LOAD cmake/stm32cubemx/CMakeFiles/STM32_Drivers.dir/__/__/Drivers/STM32F4xx_HAL_Driver/Src/stm32f4xx_hal_dma.c.obj
LOAD cmake/stm32cubemx/CMakeFiles/STM32_Drivers.dir/__/__/Drivers/STM32F4xx_HAL_Driver/Src/stm32f4xx_hal_pwr.c.obj
LOAD cmake/stm32cubemx/CMakeFiles/STM32_Drivers.dir/__/__/Drivers/STM32F4xx_HAL_Driver/Src/stm32f4xx_hal_pwr_ex.c.obj
LOAD cmake/stm32cubemx/CMakeFiles/STM32_Drivers.dir/__/__/Drivers/STM32F4xx_HAL_Driver/Src/stm32f4xx_hal_cortex.c.obj
LOAD cmake/stm32cubemx/CMakeFiles/STM32_Drivers.dir/__/__/Drivers/STM32F4xx_HAL_Driver/Src/stm32f4xx_hal.c.obj
LOAD cmake/stm32cubemx/CMakeFiles/STM32_Drivers.dir/__/__/Drivers/STM32F4xx_HAL_Driver/Src/stm32f4xx_hal_exti.c.obj
LOAD cmake/stm32cubemx/CMakeFiles/STM32_Drivers.dir/__/__/Drivers/STM32F4xx_HAL_Driver/Src/stm32f4xx_ll_rcc.c.obj
LOAD cmake/stm32cubemx/CMakeFiles/STM32_Drivers.dir/__/__/Drivers/STM32F4xx_HAL_Driver/Src/stm32f4xx_ll_utils.c.obj
LOAD cmake/stm32cubemx/CMakeFiles/STM32_Drivers.dir/__/__/Drivers/STM32F4xx_HAL_Driver/Src/stm32f4xx_ll_exti.c.obj
LOAD cmake/stm32cubemx/CMakeFiles/STM32_Drivers.dir/__/__/Drivers/STM32F4xx_HAL_Driver/Src/stm32f4xx_hal_can.c.obj
LOAD cmake/stm32cubemx/CMakeFiles/STM32_Drivers.dir/__/__/Drivers/STM32F4xx_HAL_Driver/Src/stm32f4xx_ll_i2c.c.obj
LOAD cmake/stm32cubemx/CMakeFiles/STM32_Drivers.dir/__/__/Drivers/STM32F4xx_HAL_Driver/Src/stm32f4xx_ll_rtc.c.obj
LOAD cmake/stm32cubemx/CMakeFiles/STM32_Drivers.dir/__/__/Drivers/STM32F4xx_HAL_Driver/Src/stm32f4xx_ll_spi.c.obj
LOAD cmake/stm32cubemx/CMakeFiles/STM32_Drivers.dir/__/__/Drivers/STM32F4xx_HAL_Driver/Src/stm32f4xx_ll_tim.c.obj
LOAD cmake/stm32cubemx/CMakeFiles/STM32_Drivers.dir/__/__/Drivers/STM32F4xx_HAL_Driver/Src/stm32f4xx_ll_usart.c.obj
LOAD CMakeFiles/STM32F407ZGT6.dir/app/src/main.cpp.obj
LOAD CMakeFiles/STM32F407ZGT6.dir/Core/Src/gpio.c.obj
LOAD CMakeFiles/STM32F407ZGT6.dir/Core/Src/adc.c.obj
LOAD CMakeFiles/STM32F407ZGT6.dir/Core/Src/can.c.obj
LOAD CMakeFiles/STM32F407ZGT6.dir/Core/Src/i2c.c.obj
LOAD CMakeFiles/STM32F407ZGT6.dir/Core/Src/rtc.c.obj
LOAD CMakeFiles/STM32F407ZGT6.dir/Core/Src/spi.c.obj
LOAD CMakeFiles/STM32F407ZGT6.dir/Core/Src/tim.c.obj
LOAD CMakeFiles/STM32F407ZGT6.dir/Core/Src/usart.c.obj
LOAD CMakeFiles/STM32F407ZGT6.dir/Core/Src/stm32f4xx_it.c.obj
LOAD CMakeFiles/STM32F407ZGT6.dir/Core/Src/stm32f4xx_hal_msp.c.obj
LOAD CMakeFiles/STM32F407ZGT6.dir/Core/Src/sysmem.c.obj
LOAD CMakeFiles/STM32F407ZGT6.dir/Core/Src/syscalls.c.obj
LOAD CMakeFiles/STM32F407ZGT6.dir/startup_stm32f407xx.s.obj
LOAD mini_tree/libmini_tree.a
LOAD hal/libstm32f407_hal.a
LOAD C:/ST/STM32CubeCLT_1.20.0/GNU-tools-for-STM32/bin/../lib/gcc/arm-none-eabi/13.3.1/../../../../arm-none-eabi/lib/thumb/v7e-m+fp/hard\libstdc++_nano.a
LOAD C:/ST/STM32CubeCLT_1.20.0/GNU-tools-for-STM32/bin/../lib/gcc/arm-none-eabi/13.3.1/../../../../arm-none-eabi/lib/thumb/v7e-m+fp/hard\libm.a
START GROUP
LOAD C:/ST/STM32CubeCLT_1.20.0/GNU-tools-for-STM32/bin/../lib/gcc/arm-none-eabi/13.3.1/thumb/v7e-m+fp/hard\libgcc.a
LOAD C:/ST/STM32CubeCLT_1.20.0/GNU-tools-for-STM32/bin/../lib/gcc/arm-none-eabi/13.3.1/../../../../arm-none-eabi/lib/thumb/v7e-m+fp/hard\libg_nano.a
LOAD C:/ST/STM32CubeCLT_1.20.0/GNU-tools-for-STM32/bin/../lib/gcc/arm-none-eabi/13.3.1/../../../../arm-none-eabi/lib/thumb/v7e-m+fp/hard\libc_nano.a
END GROUP
START GROUP
LOAD C:/ST/STM32CubeCLT_1.20.0/GNU-tools-for-STM32/bin/../lib/gcc/arm-none-eabi/13.3.1/thumb/v7e-m+fp/hard\libgcc.a
LOAD C:/ST/STM32CubeCLT_1.20.0/GNU-tools-for-STM32/bin/../lib/gcc/arm-none-eabi/13.3.1/../../../../arm-none-eabi/lib/thumb/v7e-m+fp/hard\libc_nano.a
END GROUP
LOAD C:/ST/STM32CubeCLT_1.20.0/GNU-tools-for-STM32/bin/../lib/gcc/arm-none-eabi/13.3.1/thumb/v7e-m+fp/hard/crtend.o
LOAD C:/ST/STM32CubeCLT_1.20.0/GNU-tools-for-STM32/bin/../lib/gcc/arm-none-eabi/13.3.1/thumb/v7e-m+fp/hard/crtn.o
                0x20020000                        _estack = (ORIGIN (RAM) + LENGTH (RAM))
                0x00000200                        _Min_Heap_Size = 0x200
                0x00001000                        _Min_Stack_Size = 0x1000

.isr_vector     0x08000000      0x188
                0x08000000                        . = ALIGN (0x4)
 *(.isr_vector)
 .isr_vector    0x08000000      0x188 CMakeFiles/STM32F407ZGT6.dir/startup_stm32f407xx.s.obj
                0x08000000                g_pfnVectors
                0x08000188                        . = ALIGN (0x4)

.text           0x08000190     0x53b0
                0x08000190                        . = ALIGN (0x4)
 *(.text)
 .text          0x08000190       0x40 C:/ST/STM32CubeCLT_1.20.0/GNU-tools-for-STM32/bin/../lib/gcc/arm-none-eabi/13.3.1/thumb/v7e-m+fp/hard/crtbegin.o
 .text          0x080001d0       0x30 C:/ST/STM32CubeCLT_1.20.0/GNU-tools-for-STM32/bin/../lib/gcc/arm-none-eabi/13.3.1/thumb/v7e-m+fp/hard\libgcc.a(_aeabi_uldivmod.o)
                0x080001d0                __aeabi_uldivmod
 .text          0x08000200      0x2f8 C:/ST/STM32CubeCLT_1.20.0/GNU-tools-for-STM32/bin/../lib/gcc/arm-none-eabi/13.3.1/thumb/v7e-m+fp/hard\libgcc.a(_udivmoddi4.o)
                0x08000200                __udivmoddi4
 .text          0x080004f8        0x4 C:/ST/STM32CubeCLT_1.20.0/GNU-tools-for-STM32/bin/../lib/gcc/arm-none-eabi/13.3.1/thumb/v7e-m+fp/hard\libgcc.a(_dvmd_tls.o)
                0x080004f8                __aeabi_idiv0
                0x080004f8                __aeabi_ldiv0
 *fill*         0x080004fc        0x4 
 .text          0x08000500       0xa0 C:/ST/STM32CubeCLT_1.20.0/GNU-tools-for-STM32/bin/../lib/gcc/arm-none-eabi/13.3.1/../../../../arm-none-eabi/lib/thumb/v7e-m+fp/hard\libg_nano.a(libc_a-memchr.o)
                0x08000500                memchr
 *(.text*)
 .text.SystemInit
                0x080005a0       0x24 cmake/stm32cubemx/CMakeFiles/STM32_Drivers.dir/__/__/Core/Src/system_stm32f4xx.c.obj
                0x080005a0                SystemInit
 .text.LL_GPIO_SetPinMode
                0x080005c4       0x7a cmake/stm32cubemx/CMakeFiles/STM32_Drivers.dir/__/__/Drivers/STM32F4xx_HAL_Driver/Src/stm32f4xx_ll_gpio.c.obj
 .text.LL_GPIO_SetPinOutputType
                0x0800063e       0x30 cmake/stm32cubemx/CMakeFiles/STM32_Drivers.dir/__/__/Drivers/STM32F4xx_HAL_Driver/Src/stm32f4xx_ll_gpio.c.obj
 .text.LL_GPIO_SetPinSpeed
                0x0800066e       0x7a cmake/stm32cubemx/CMakeFiles/STM32_Drivers.dir/__/__/Drivers/STM32F4xx_HAL_Driver/Src/stm32f4xx_ll_gpio.c.obj
 .text.LL_GPIO_SetPinPull
                0x080006e8       0x7a cmake/stm32cubemx/CMakeFiles/STM32_Drivers.dir/__/__/Drivers/STM32F4xx_HAL_Driver/Src/stm32f4xx_ll_gpio.c.obj
 .text.LL_GPIO_SetAFPin_0_7
                0x08000762       0x7a cmake/stm32cubemx/CMakeFiles/STM32_Drivers.dir/__/__/Drivers/STM32F4xx_HAL_Driver/Src/stm32f4xx_ll_gpio.c.obj
 .text.LL_GPIO_SetAFPin_8_15
                0x080007dc       0x7e cmake/stm32cubemx/CMakeFiles/STM32_Drivers.dir/__/__/Drivers/STM32F4xx_HAL_Driver/Src/stm32f4xx_ll_gpio.c.obj
 .text.LL_GPIO_Init
                0x0800085a      0x102 cmake/stm32cubemx/CMakeFiles/STM32_Drivers.dir/__/__/Drivers/STM32F4xx_HAL_Driver/Src/stm32f4xx_ll_gpio.c.obj
                0x0800085a                LL_GPIO_Init
 .text.HAL_RCC_OscConfig
                0x0800095c      0x4f0 cmake/stm32cubemx/CMakeFiles/STM32_Drivers.dir/__/__/Drivers/STM32F4xx_HAL_Driver/Src/stm32f4xx_hal_rcc.c.obj
                0x0800095c                HAL_RCC_OscConfig
 .text.HAL_RCC_ClockConfig
                0x08000e4c      0x1cc cmake/stm32cubemx/CMakeFiles/STM32_Drivers.dir/__/__/Drivers/STM32F4xx_HAL_Driver/Src/stm32f4xx_hal_rcc.c.obj
                0x08000e4c                HAL_RCC_ClockConfig
 .text.HAL_RCC_GetSysClockFreq
                0x08001018      0x18c cmake/stm32cubemx/CMakeFiles/STM32_Drivers.dir/__/__/Drivers/STM32F4xx_HAL_Driver/Src/stm32f4xx_hal_rcc.c.obj
                0x08001018                HAL_RCC_GetSysClockFreq
 .text.__NVIC_SetPriorityGrouping
                0x080011a4       0x48 cmake/stm32cubemx/CMakeFiles/STM32_Drivers.dir/__/__/Drivers/STM32F4xx_HAL_Driver/Src/stm32f4xx_hal_cortex.c.obj
 .text.__NVIC_GetPriorityGrouping
                0x080011ec       0x1c cmake/stm32cubemx/CMakeFiles/STM32_Drivers.dir/__/__/Drivers/STM32F4xx_HAL_Driver/Src/stm32f4xx_hal_cortex.c.obj
 .text.__NVIC_SetPriority
                0x08001208       0x54 cmake/stm32cubemx/CMakeFiles/STM32_Drivers.dir/__/__/Drivers/STM32F4xx_HAL_Driver/Src/stm32f4xx_hal_cortex.c.obj
 .text.NVIC_EncodePriority
                0x0800125c       0x66 cmake/stm32cubemx/CMakeFiles/STM32_Drivers.dir/__/__/Drivers/STM32F4xx_HAL_Driver/Src/stm32f4xx_hal_cortex.c.obj
 *fill*         0x080012c2        0x2 
 .text.SysTick_Config
                0x080012c4       0x44 cmake/stm32cubemx/CMakeFiles/STM32_Drivers.dir/__/__/Drivers/STM32F4xx_HAL_Driver/Src/stm32f4xx_hal_cortex.c.obj
 .text.HAL_NVIC_SetPriorityGrouping
                0x08001308       0x16 cmake/stm32cubemx/CMakeFiles/STM32_Drivers.dir/__/__/Drivers/STM32F4xx_HAL_Driver/Src/stm32f4xx_hal_cortex.c.obj
                0x08001308                HAL_NVIC_SetPriorityGrouping
 .text.HAL_NVIC_SetPriority
                0x0800131e       0x38 cmake/stm32cubemx/CMakeFiles/STM32_Drivers.dir/__/__/Drivers/STM32F4xx_HAL_Driver/Src/stm32f4xx_hal_cortex.c.obj
                0x0800131e                HAL_NVIC_SetPriority
 .text.HAL_SYSTICK_Config
                0x08001356       0x18 cmake/stm32cubemx/CMakeFiles/STM32_Drivers.dir/__/__/Drivers/STM32F4xx_HAL_Driver/Src/stm32f4xx_hal_cortex.c.obj
                0x08001356                HAL_SYSTICK_Config
 *fill*         0x0800136e        0x2 
 .text.HAL_Init
                0x08001370       0x44 cmake/stm32cubemx/CMakeFiles/STM32_Drivers.dir/__/__/Drivers/STM32F4xx_HAL_Driver/Src/stm32f4xx_hal.c.obj
                0x08001370                HAL_Init
 .text.HAL_InitTick
                0x080013b4       0x60 cmake/stm32cubemx/CMakeFiles/STM32_Drivers.dir/__/__/Drivers/STM32F4xx_HAL_Driver/Src/stm32f4xx_hal.c.obj
                0x080013b4                HAL_InitTick
 .text.HAL_IncTick
                0x08001414       0x28 cmake/stm32cubemx/CMakeFiles/STM32_Drivers.dir/__/__/Drivers/STM32F4xx_HAL_Driver/Src/stm32f4xx_hal.c.obj
                0x08001414                HAL_IncTick
 .text.HAL_GetTick
                0x0800143c       0x18 cmake/stm32cubemx/CMakeFiles/STM32_Drivers.dir/__/__/Drivers/STM32F4xx_HAL_Driver/Src/stm32f4xx_hal.c.obj
                0x0800143c                HAL_GetTick
 .text.LL_RCC_GetSysClkSource
                0x08001454       0x1c cmake/stm32cubemx/CMakeFiles/STM32_Drivers.dir/__/__/Drivers/STM32F4xx_HAL_Driver/Src/stm32f4xx_ll_rcc.c.obj
 .text.LL_RCC_GetAHBPrescaler
                0x08001470       0x1c cmake/stm32cubemx/CMakeFiles/STM32_Drivers.dir/__/__/Drivers/STM32F4xx_HAL_Driver/Src/stm32f4xx_ll_rcc.c.obj
 .text.LL_RCC_GetAPB1Prescaler
                0x0800148c       0x1c cmake/stm32cubemx/CMakeFiles/STM32_Drivers.dir/__/__/Drivers/STM32F4xx_HAL_Driver/Src/stm32f4xx_ll_rcc.c.obj
 .text.LL_RCC_GetAPB2Prescaler
                0x080014a8       0x1c cmake/stm32cubemx/CMakeFiles/STM32_Drivers.dir/__/__/Drivers/STM32F4xx_HAL_Driver/Src/stm32f4xx_ll_rcc.c.obj
 .text.LL_RCC_PLL_GetMainSource
                0x080014c4       0x1c cmake/stm32cubemx/CMakeFiles/STM32_Drivers.dir/__/__/Drivers/STM32F4xx_HAL_Driver/Src/stm32f4xx_ll_rcc.c.obj
 .text.LL_RCC_PLL_GetN
                0x080014e0       0x1c cmake/stm32cubemx/CMakeFiles/STM32_Drivers.dir/__/__/Drivers/STM32F4xx_HAL_Driver/Src/stm32f4xx_ll_rcc.c.obj
 .text.LL_RCC_PLL_GetP
                0x080014fc       0x1c cmake/stm32cubemx/CMakeFiles/STM32_Drivers.dir/__/__/Drivers/STM32F4xx_HAL_Driver/Src/stm32f4xx_ll_rcc.c.obj
 .text.LL_RCC_PLL_GetDivider
                0x08001518       0x1c cmake/stm32cubemx/CMakeFiles/STM32_Drivers.dir/__/__/Drivers/STM32F4xx_HAL_Driver/Src/stm32f4xx_ll_rcc.c.obj
 .text.LL_RCC_GetSystemClocksFreq
                0x08001534       0x4a cmake/stm32cubemx/CMakeFiles/STM32_Drivers.dir/__/__/Drivers/STM32F4xx_HAL_Driver/Src/stm32f4xx_ll_rcc.c.obj
                0x08001534                LL_RCC_GetSystemClocksFreq
 *fill*         0x0800157e        0x2 
 .text.RCC_GetSystemClockFreq
                0x08001580       0x50 cmake/stm32cubemx/CMakeFiles/STM32_Drivers.dir/__/__/Drivers/STM32F4xx_HAL_Driver/Src/stm32f4xx_ll_rcc.c.obj
                0x08001580                RCC_GetSystemClockFreq
 .text.RCC_GetHCLKClockFreq
                0x080015d0       0x2c cmake/stm32cubemx/CMakeFiles/STM32_Drivers.dir/__/__/Drivers/STM32F4xx_HAL_Driver/Src/stm32f4xx_ll_rcc.c.obj
                0x080015d0                RCC_GetHCLKClockFreq
 .text.RCC_GetPCLK1ClockFreq
                0x080015fc       0x28 cmake/stm32cubemx/CMakeFiles/STM32_Drivers.dir/__/__/Drivers/STM32F4xx_HAL_Driver/Src/stm32f4xx_ll_rcc.c.obj
                0x080015fc                RCC_GetPCLK1ClockFreq
 .text.RCC_GetPCLK2ClockFreq
                0x08001624       0x28 cmake/stm32cubemx/CMakeFiles/STM32_Drivers.dir/__/__/Drivers/STM32F4xx_HAL_Driver/Src/stm32f4xx_ll_rcc.c.obj
                0x08001624                RCC_GetPCLK2ClockFreq
 .text.RCC_PLL_GetFreqDomain_SYS
                0x0800164c       0x7c cmake/stm32cubemx/CMakeFiles/STM32_Drivers.dir/__/__/Drivers/STM32F4xx_HAL_Driver/Src/stm32f4xx_ll_rcc.c.obj
                0x0800164c                RCC_PLL_GetFreqDomain_SYS
 .text.LL_SPI_IsEnabled
                0x080016c8       0x26 cmake/stm32cubemx/CMakeFiles/STM32_Drivers.dir/__/__/Drivers/STM32F4xx_HAL_Driver/Src/stm32f4xx_ll_spi.c.obj
 .text.LL_SPI_SetCRCPolynomial
                0x080016ee       0x20 cmake/stm32cubemx/CMakeFiles/STM32_Drivers.dir/__/__/Drivers/STM32F4xx_HAL_Driver/Src/stm32f4xx_ll_spi.c.obj
 .text.LL_SPI_Init
                0x0800170e       0xa4 cmake/stm32cubemx/CMakeFiles/STM32_Drivers.dir/__/__/Drivers/STM32F4xx_HAL_Driver/Src/stm32f4xx_ll_spi.c.obj
                0x0800170e                LL_SPI_Init
 .text.LL_USART_IsEnabled
                0x080017b2       0x28 cmake/stm32cubemx/CMakeFiles/STM32_Drivers.dir/__/__/Drivers/STM32F4xx_HAL_Driver/Src/stm32f4xx_ll_usart.c.obj
 .text.LL_USART_SetStopBitsLength
                0x080017da       0x26 cmake/stm32cubemx/CMakeFiles/STM32_Drivers.dir/__/__/Drivers/STM32F4xx_HAL_Driver/Src/stm32f4xx_ll_usart.c.obj
 .text.LL_USART_SetHWFlowCtrl
                0x08001800       0x26 cmake/stm32cubemx/CMakeFiles/STM32_Drivers.dir/__/__/Drivers/STM32F4xx_HAL_Driver/Src/stm32f4xx_ll_usart.c.obj
 *fill*         0x08001826        0x2 
 .text.LL_USART_SetBaudRate
                0x08001828      0x45c cmake/stm32cubemx/CMakeFiles/STM32_Drivers.dir/__/__/Drivers/STM32F4xx_HAL_Driver/Src/stm32f4xx_ll_usart.c.obj
 .text.LL_USART_Init
                0x08001c84      0x100 cmake/stm32cubemx/CMakeFiles/STM32_Drivers.dir/__/__/Drivers/STM32F4xx_HAL_Driver/Src/stm32f4xx_ll_usart.c.obj
                0x08001c84                LL_USART_Init
 .text._ZL23stm32_board_periph_initv
                0x08001d84       0x10 CMakeFiles/STM32F407ZGT6.dir/app/src/main.cpp.obj
 .text._Z18SystemClock_Configv
                0x08001d94       0xec CMakeFiles/STM32F407ZGT6.dir/app/src/main.cpp.obj
                0x08001d94                SystemClock_Config()
 .text.Error_Handler
                0x08001e80        0xc CMakeFiles/STM32F407ZGT6.dir/app/src/main.cpp.obj
                0x08001e80                Error_Handler
 .text.LL_SPI_SetStandard
                0x08001e8c       0x26 CMakeFiles/STM32F407ZGT6.dir/Core/Src/spi.c.obj
 *fill*         0x08001eb2        0x2 
 .text.LL_AHB1_GRP1_EnableClock
                0x08001eb4       0x30 CMakeFiles/STM32F407ZGT6.dir/Core/Src/spi.c.obj
 .text.LL_APB2_GRP1_EnableClock
                0x08001ee4       0x30 CMakeFiles/STM32F407ZGT6.dir/Core/Src/spi.c.obj
 .text.MX_SPI1_Init
                0x08001f14       0xa4 CMakeFiles/STM32F407ZGT6.dir/Core/Src/spi.c.obj
                0x08001f14                MX_SPI1_Init
 .text.LL_USART_Enable
                0x08001fb8       0x20 CMakeFiles/STM32F407ZGT6.dir/Core/Src/usart.c.obj
 .text.LL_USART_ConfigAsyncMode
                0x08001fd8       0x2c CMakeFiles/STM32F407ZGT6.dir/Core/Src/usart.c.obj
 .text.LL_AHB1_GRP1_EnableClock
                0x08002004       0x30 CMakeFiles/STM32F407ZGT6.dir/Core/Src/usart.c.obj
 .text.LL_APB1_GRP1_EnableClock
                0x08002034       0x30 CMakeFiles/STM32F407ZGT6.dir/Core/Src/usart.c.obj
 .text.MX_UART4_Init
                0x08002064       0xd0 CMakeFiles/STM32F407ZGT6.dir/Core/Src/usart.c.obj
                0x08002064                MX_UART4_Init
 .text.NMI_Handler
                0x08002134        0x8 CMakeFiles/STM32F407ZGT6.dir/Core/Src/stm32f4xx_it.c.obj
                0x08002134                NMI_Handler
 .text.HardFault_Handler
                0x0800213c        0x8 CMakeFiles/STM32F407ZGT6.dir/Core/Src/stm32f4xx_it.c.obj
                0x0800213c                HardFault_Handler
 .text.MemManage_Handler
                0x08002144        0x8 CMakeFiles/STM32F407ZGT6.dir/Core/Src/stm32f4xx_it.c.obj
                0x08002144                MemManage_Handler
 .text.BusFault_Handler
                0x0800214c        0x8 CMakeFiles/STM32F407ZGT6.dir/Core/Src/stm32f4xx_it.c.obj
                0x0800214c                BusFault_Handler
 .text.UsageFault_Handler
                0x08002154        0x8 CMakeFiles/STM32F407ZGT6.dir/Core/Src/stm32f4xx_it.c.obj
                0x08002154                UsageFault_Handler
 .text.SVC_Handler
                0x0800215c        0xe CMakeFiles/STM32F407ZGT6.dir/Core/Src/stm32f4xx_it.c.obj
                0x0800215c                SVC_Handler
 .text.DebugMon_Handler
                0x0800216a        0xe CMakeFiles/STM32F407ZGT6.dir/Core/Src/stm32f4xx_it.c.obj
                0x0800216a                DebugMon_Handler
 .text.PendSV_Handler
                0x08002178        0xe CMakeFiles/STM32F407ZGT6.dir/Core/Src/stm32f4xx_it.c.obj
                0x08002178                PendSV_Handler
 .text.SysTick_Handler
                0x08002186        0xc CMakeFiles/STM32F407ZGT6.dir/Core/Src/stm32f4xx_it.c.obj
                0x08002186                SysTick_Handler
 *fill*         0x08002192        0x2 
 .text.HAL_MspInit
                0x08002194       0x50 CMakeFiles/STM32F407ZGT6.dir/Core/Src/stm32f4xx_hal_msp.c.obj
                0x08002194                HAL_MspInit
 .text._sbrk    0x080021e4       0x6c CMakeFiles/STM32F407ZGT6.dir/Core/Src/sysmem.c.obj
                0x080021e4                _sbrk
 .text._read    0x08002250       0x3a CMakeFiles/STM32F407ZGT6.dir/Core/Src/syscalls.c.obj
                0x08002250                _read
 .text._write   0x0800228a       0x38 CMakeFiles/STM32F407ZGT6.dir/Core/Src/syscalls.c.obj
                0x0800228a                _write
 .text._close   0x080022c2       0x18 CMakeFiles/STM32F407ZGT6.dir/Core/Src/syscalls.c.obj
                0x080022c2                _close
 .text._fstat   0x080022da       0x20 CMakeFiles/STM32F407ZGT6.dir/Core/Src/syscalls.c.obj
                0x080022da                _fstat
 .text._isatty  0x080022fa       0x16 CMakeFiles/STM32F407ZGT6.dir/Core/Src/syscalls.c.obj
                0x080022fa                _isatty
 .text._lseek   0x08002310       0x1a CMakeFiles/STM32F407ZGT6.dir/Core/Src/syscalls.c.obj
                0x08002310                _lseek
 *fill*         0x0800232a        0x2 
 .text.Reset_Handler
                0x0800232c       0x50 CMakeFiles/STM32F407ZGT6.dir/startup_stm32f407xx.s.obj
                0x0800232c                Reset_Handler
 .text.Default_Handler
                0x0800237c        0x2 CMakeFiles/STM32F407ZGT6.dir/startup_stm32f407xx.s.obj
                0x0800237c                RTC_Alarm_IRQHandler
                0x0800237c                HASH_RNG_IRQHandler
                0x0800237c                EXTI2_IRQHandler
                0x0800237c                TIM8_CC_IRQHandler
                0x0800237c                TIM1_CC_IRQHandler
                0x0800237c                DMA2_Stream5_IRQHandler
                0x0800237c                DMA1_Stream5_IRQHandler
                0x0800237c                PVD_IRQHandler
                0x0800237c                SDIO_IRQHandler
                0x0800237c                TAMP_STAMP_IRQHandler
                0x0800237c                CAN2_RX1_IRQHandler
                0x0800237c                EXTI3_IRQHandler
                0x0800237c                TIM8_TRG_COM_TIM14_IRQHandler
                0x0800237c                TIM1_UP_TIM10_IRQHandler
                0x0800237c                TIM8_UP_TIM13_IRQHandler
                0x0800237c                I2C3_ER_IRQHandler
                0x0800237c                EXTI0_IRQHandler
                0x0800237c                I2C2_EV_IRQHandler
                0x0800237c                DMA1_Stream2_IRQHandler
                0x0800237c                CAN1_RX0_IRQHandler
                0x0800237c                FPU_IRQHandler
                0x0800237c                OTG_HS_WKUP_IRQHandler
                0x0800237c                CAN2_SCE_IRQHandler
                0x0800237c                DMA2_Stream2_IRQHandler
                0x0800237c                SPI1_IRQHandler
                0x0800237c                TIM6_DAC_IRQHandler
                0x0800237c                TIM1_BRK_TIM9_IRQHandler
                0x0800237c                DCMI_IRQHandler
                0x0800237c                CAN2_RX0_IRQHandler
                0x0800237c                DMA2_Stream3_IRQHandler
                0x0800237c                USART6_IRQHandler
                0x0800237c                USART3_IRQHandler
                0x0800237c                CAN1_RX1_IRQHandler
                0x0800237c                UART5_IRQHandler
                0x0800237c                DMA2_Stream0_IRQHandler
                0x0800237c                TIM4_IRQHandler
                0x0800237c                I2C1_EV_IRQHandler
                0x0800237c                DMA1_Stream6_IRQHandler
                0x0800237c                DMA1_Stream1_IRQHandler
                0x0800237c                UART4_IRQHandler
                0x0800237c                TIM3_IRQHandler
                0x0800237c                RCC_IRQHandler
                0x0800237c                TIM8_BRK_TIM12_IRQHandler
                0x0800237c                Default_Handler
                0x0800237c                EXTI15_10_IRQHandler
                0x0800237c                ADC_IRQHandler
                0x0800237c                DMA1_Stream7_IRQHandler
                0x0800237c                TIM7_IRQHandler
                0x0800237c                CAN2_TX_IRQHandler
                0x0800237c                TIM5_IRQHandler
                0x0800237c                DMA2_Stream7_IRQHandler
                0x0800237c                I2C3_EV_IRQHandler
                0x0800237c                EXTI9_5_IRQHandler
                0x0800237c                RTC_WKUP_IRQHandler
                0x0800237c                ETH_WKUP_IRQHandler
                0x0800237c                SPI2_IRQHandler
                0x0800237c                OTG_HS_EP1_IN_IRQHandler
                0x0800237c                DMA1_Stream0_IRQHandler
                0x0800237c                CAN1_TX_IRQHandler
                0x0800237c                EXTI4_IRQHandler
                0x0800237c                FSMC_IRQHandler
                0x0800237c                ETH_IRQHandler
                0x0800237c                OTG_HS_EP1_OUT_IRQHandler
                0x0800237c                WWDG_IRQHandler
                0x0800237c                TIM2_IRQHandler
                0x0800237c                OTG_FS_WKUP_IRQHandler
                0x0800237c                TIM1_TRG_COM_TIM11_IRQHandler
                0x0800237c                OTG_HS_IRQHandler
                0x0800237c                EXTI1_IRQHandler
                0x0800237c                USART2_IRQHandler
                0x0800237c                I2C2_ER_IRQHandler
                0x0800237c                DMA2_Stream1_IRQHandler
                0x0800237c                CAN1_SCE_IRQHandler
                0x0800237c                FLASH_IRQHandler
                0x0800237c                DMA2_Stream4_IRQHandler
                0x0800237c                USART1_IRQHandler
                0x0800237c                OTG_FS_IRQHandler
                0x0800237c                SPI3_IRQHandler
                0x0800237c                DMA1_Stream4_IRQHandler
                0x0800237c                I2C1_ER_IRQHandler
                0x0800237c                DMA2_Stream6_IRQHandler
                0x0800237c                DMA1_Stream3_IRQHandler
 .text.device_dependency_not_ready
                0x0800237e       0x9c mini_tree/libmini_tree.a(board_driver.c.obj)
 .text.device_dependency_pending
                0x0800241a       0xa2 mini_tree/libmini_tree.a(board_driver.c.obj)
 .text.handle_probe_failure
                0x080024bc       0xb4 mini_tree/libmini_tree.a(board_driver.c.obj)
 .text.disable_dependents
                0x08002570       0xe8 mini_tree/libmini_tree.a(board_driver.c.obj)
 .text.system_safety_hardware_shutdown
                0x08002658       0x3c mini_tree/libmini_tree.a(board_driver.c.obj)
                0x08002658                system_safety_hardware_shutdown
 .text.board_register_all_drivers
                0x08002694        0xe mini_tree/libmini_tree.a(board_driver.c.obj)
                0x08002694                board_register_all_drivers
 *fill*         0x080026a2        0x2 
 .text.board_driver_probe_all
                0x080026a4      0x428 mini_tree/libmini_tree.a(board_driver.c.obj)
                0x080026a4                board_driver_probe_all
 .text.board_platform_probe
                0x08002acc       0x16 mini_tree/libmini_tree.a(board_probe.c.obj)
 *fill*         0x08002ae2        0x2 
 .text.board_probe_get_fn
                0x08002ae4       0x2c mini_tree/libmini_tree.a(board_probe.c.obj)
                0x08002ae4                board_probe_get_fn
 .text.board_probe_order
                0x08002b10       0x14 mini_tree/libmini_tree.a(board_probe.c.obj)
                0x08002b10                board_probe_order
 .text.board_probe_order_count
                0x08002b24       0x10 mini_tree/libmini_tree.a(board_probe.c.obj)
                0x08002b24                board_probe_order_count
 .text.board_cascade_get
                0x08002b34       0x5c mini_tree/libmini_tree.a(board_probe.c.obj)
                0x08002b34                board_cascade_get
 .text.production_log_push_fmt
                0x08002b90       0x1c mini_tree/libmini_tree.a(production_log.c.obj)
                0x08002b90                production_log_push_fmt
 .text._ZN8MiniTree18System_Pre_OS_InitEv
                0x08002bac       0xb8 mini_tree/libmini_tree.a(system_init.cpp.obj)
                0x08002bac                MiniTree::System_Pre_OS_Init()
 .text._ZN8MiniTree18System_Start_TasksEv
                0x08002c64       0x74 mini_tree/libmini_tree.a(system_init.cpp.obj)
                0x08002c64                MiniTree::System_Start_Tasks()
 .text.system_init_complete
                0x08002cd8       0x10 mini_tree/libmini_tree.a(system_init.cpp.obj)
                0x08002cd8                system_init_complete
 .text.mini_tree_pre_os_init
                0x08002ce8        0xc mini_tree/libmini_tree.a(system_init.cpp.obj)
                0x08002ce8                mini_tree_pre_os_init
 .text.mini_tree_start_tasks
                0x08002cf4        0xc mini_tree/libmini_tree.a(system_init.cpp.obj)
                0x08002cf4                mini_tree_start_tasks
 .text.mini_tree_system_loop
                0x08002d00       0x10 mini_tree/libmini_tree.a(system_init.cpp.obj)
                0x08002d00                mini_tree_system_loop
 .text._ZL13scrubber_taskPv
                0x08002d10       0x6c mini_tree/libmini_tree.a(system_scrubber.cpp.obj)
 .text.system_scrubber_init
                0x08002d7c       0x10 mini_tree/libmini_tree.a(system_scrubber.cpp.obj)
                0x08002d7c                system_scrubber_init
 .text.system_scrubber_start
                0x08002d8c       0x84 mini_tree/libmini_tree.a(system_scrubber.cpp.obj)
                0x08002d8c                system_scrubber_start
 .text.system_wdt_init_rtc
                0x08002e10       0x5c mini_tree/libmini_tree.a(system_wdt.cpp.obj)
                0x08002e10                system_wdt_init_rtc
 .text.system_wdt_feed_rtc
                0x08002e6c       0x18 mini_tree/libmini_tree.a(system_wdt.cpp.obj)
                0x08002e6c                system_wdt_feed_rtc
 .text.system_wdt_init
                0x08002e84       0x60 mini_tree/libmini_tree.a(system_wdt.cpp.obj)
                0x08002e84                system_wdt_init
 .text.system_wdt_subscribe
                0x08002ee4       0x60 mini_tree/libmini_tree.a(system_wdt.cpp.obj)
                0x08002ee4                system_wdt_subscribe
 .text.system_wdt_feed
                0x08002f44       0x18 mini_tree/libmini_tree.a(system_wdt.cpp.obj)
                0x08002f44                system_wdt_feed
 .text.safe_state_check_bootloop
                0x08002f5c       0x2c mini_tree/libmini_tree.a(safe_state.c.obj)
                0x08002f5c                safe_state_check_bootloop
 .text.safe_state_clear_bootloop
                0x08002f88       0x18 mini_tree/libmini_tree.a(safe_state.c.obj)
                0x08002f88                safe_state_clear_bootloop
 .text.enter_safe_state
                0x08002fa0       0x18 mini_tree/libmini_tree.a(safe_state.c.obj)
                0x08002fa0                enter_safe_state
 .text.COMPAT_RAND
                0x08002fb8       0xc8 mini_tree/libmini_tree.a(osal_null.c.obj)
 .text.osal_atomic_init_u32
                0x08003080       0x24 mini_tree/libmini_tree.a(osal_null.c.obj)
 .text.osal_atomic_store_relaxed_u32
                0x080030a4       0x24 mini_tree/libmini_tree.a(osal_null.c.obj)
 .text.osal_atomic_store_release_u32
                0x080030c8       0x28 mini_tree/libmini_tree.a(osal_null.c.obj)
 .text.osal_atomic_load_relaxed_u32
                0x080030f0       0x20 mini_tree/libmini_tree.a(osal_null.c.obj)
 .text.osal_atomic_load_acquire_u32
                0x08003110       0x24 mini_tree/libmini_tree.a(osal_null.c.obj)
 .text.osal_atomic_cas_weak_acquire_u32
                0x08003134       0x4a mini_tree/libmini_tree.a(osal_null.c.obj)
 .text.osal_atomic_load_relaxed_i32
                0x0800317e       0x20 mini_tree/libmini_tree.a(osal_null.c.obj)
 *fill*         0x0800319e        0x2 
 .text.osal_null_queue_pool_boot_init
                0x080031a0       0x1c mini_tree/libmini_tree.a(osal_null.c.obj)
 .text.osal_null_irq_disable
                0x080031bc       0x1c mini_tree/libmini_tree.a(osal_null.c.obj)
 .text.osal_null_irq_restore
                0x080031d8       0x1a mini_tree/libmini_tree.a(osal_null.c.obj)
 .text.osal_mutex_init
                0x080031f2       0x52 mini_tree/libmini_tree.a(osal_null.c.obj)
 .text.osal_null_mutex_pool_boot_init
                0x08003244       0x1c mini_tree/libmini_tree.a(osal_null.c.obj)
 .text.osal_pool_init
                0x08003260       0x5c mini_tree/libmini_tree.a(osal_null.c.obj)
                0x08003260                osal_pool_init
 .text.osal_pool_claim
                0x080032bc       0xae mini_tree/libmini_tree.a(osal_null.c.obj)
                0x080032bc                osal_pool_claim
 .text.osal_pool_release
                0x0800336a       0x4a mini_tree/libmini_tree.a(osal_null.c.obj)
                0x0800336a                osal_pool_release
 .text.queue_index_of
                0x080033b4       0x64 mini_tree/libmini_tree.a(osal_null.c.obj)
 .text.osal_in_isr
                0x08003418       0x20 mini_tree/libmini_tree.a(osal_null.c.obj)
                0x08003418                osal_in_isr
 .text.osal_spinlock_init
                0x08003438       0x2e mini_tree/libmini_tree.a(osal_null.c.obj)
                0x08003438                osal_spinlock_init
 .text.osal_spinlock_lock
                0x08003466       0x4a mini_tree/libmini_tree.a(osal_null.c.obj)
                0x08003466                osal_spinlock_lock
 .text.osal_spinlock_unlock
                0x080034b0       0x50 mini_tree/libmini_tree.a(osal_null.c.obj)
                0x080034b0                osal_spinlock_unlock
 .text.osal_time_ms
                0x08003500       0x14 mini_tree/libmini_tree.a(osal_null.c.obj)
                0x08003500                osal_time_ms
 .text.osal_calloc
                0x08003514       0x2a mini_tree/libmini_tree.a(osal_null.c.obj)
                0x08003514                osal_calloc
 .text.osal_free
                0x0800353e       0x20 mini_tree/libmini_tree.a(osal_null.c.obj)
                0x0800353e                osal_free
 .text.osal_mutex_create_static_typed
                0x0800355e       0x72 mini_tree/libmini_tree.a(osal_null.c.obj)
                0x0800355e                osal_mutex_create_static_typed
 .text.osal_mutex_create_static
                0x080035d0       0x22 mini_tree/libmini_tree.a(osal_null.c.obj)
                0x080035d0                osal_mutex_create_static
 .text.osal_mutex_create_static_recursive
                0x080035f2       0x22 mini_tree/libmini_tree.a(osal_null.c.obj)
                0x080035f2                osal_mutex_create_static_recursive
 .text.osal_mutex_try_acquire
                0x08003614       0x6e mini_tree/libmini_tree.a(osal_null.c.obj)
 .text.osal_mutex_lock
                0x08003682       0x88 mini_tree/libmini_tree.a(osal_null.c.obj)
                0x08003682                osal_mutex_lock
 .text.osal_mutex_unlock
                0x0800370a       0x7a mini_tree/libmini_tree.a(osal_null.c.obj)
                0x0800370a                osal_mutex_unlock
 .text.osal_task_create_handle
                0x08003784       0x30 mini_tree/libmini_tree.a(osal_null.c.obj)
                0x08003784                osal_task_create_handle
 .text.osal_task_self_delete
                0x080037b4        0x8 mini_tree/libmini_tree.a(osal_null.c.obj)
                0x080037b4                osal_task_self_delete
 .text.osal_task_get_name
                0x080037bc       0x1c mini_tree/libmini_tree.a(osal_null.c.obj)
                0x080037bc                osal_task_get_name
 .text.osal_null_sem_pool_boot_init
                0x080037d8       0x1c mini_tree/libmini_tree.a(osal_null.c.obj)
 .text.osal_queue_create
                0x080037f4       0xb0 mini_tree/libmini_tree.a(osal_null.c.obj)
                0x080037f4                osal_queue_create
 .text.osal_queue_delete
                0x080038a4       0x60 mini_tree/libmini_tree.a(osal_null.c.obj)
                0x080038a4                osal_queue_delete
 .text.osal_queue_send
                0x08003904       0xb4 mini_tree/libmini_tree.a(osal_null.c.obj)
                0x08003904                osal_queue_send
 .text.osal_queue_send_from_isr
                0x080039b8       0xa8 mini_tree/libmini_tree.a(osal_null.c.obj)
                0x080039b8                osal_queue_send_from_isr
 .text.osal_queue_receive
                0x08003a60      0x114 mini_tree/libmini_tree.a(osal_null.c.obj)
                0x08003a60                osal_queue_receive
 .text.osal_sched_suspend
                0x08003b74        0xc mini_tree/libmini_tree.a(osal_null.c.obj)
                0x08003b74                osal_sched_suspend
 .text.osal_int_disable
                0x08003b80        0xc mini_tree/libmini_tree.a(osal_null.c.obj)
                0x08003b80                osal_int_disable
 .text.osal_log
                0x08003b8c       0x60 mini_tree/libmini_tree.a(osal_null.c.obj)
                0x08003b8c                osal_log
 .text.osal_log_fatal
                0x08003bec       0x48 mini_tree/libmini_tree.a(osal_null.c.obj)
                0x08003bec                osal_log_fatal
 .text.hal_pwm_force_stop_all
                0x08003c34        0xe mini_tree/libmini_tree.a(hal_stm32f407.c.obj)
                0x08003c34                hal_pwm_force_stop_all
 .text.hal_wdt_init_rtc
                0x08003c42       0x16 mini_tree/libmini_tree.a(hal_stm32f407.c.obj)
                0x08003c42                hal_wdt_init_rtc
 .text.hal_wdt_feed_rtc
                0x08003c58        0xe mini_tree/libmini_tree.a(hal_stm32f407.c.obj)
                0x08003c58                hal_wdt_feed_rtc
 .text.hal_wdt_init_twdt
                0x08003c66       0x16 mini_tree/libmini_tree.a(hal_stm32f407.c.obj)
                0x08003c66                hal_wdt_init_twdt
 .text.hal_wdt_subscribe
                0x08003c7c       0x16 mini_tree/libmini_tree.a(hal_stm32f407.c.obj)
                0x08003c7c                hal_wdt_subscribe
 .text.hal_wdt_feed_twdt
                0x08003c92        0xe mini_tree/libmini_tree.a(hal_stm32f407.c.obj)
                0x08003c92                hal_wdt_feed_twdt
 .text.hal_flash_get_app_addr
                0x08003ca0       0x12 mini_tree/libmini_tree.a(hal_stm32f407.c.obj)
                0x08003ca0                hal_flash_get_app_addr
 .text.hal_flash_get_app_size
                0x08003cb2       0x12 mini_tree/libmini_tree.a(hal_stm32f407.c.obj)
                0x08003cb2                hal_flash_get_app_size
 .text.hal_platform_critical_hardware_lock
                0x08003cc4        0xc mini_tree/libmini_tree.a(hal_stm32f407.c.obj)
                0x08003cc4                hal_platform_critical_hardware_lock
 .text.hal_is_in_isr
                0x08003cd0       0x1a mini_tree/libmini_tree.a(board_device.c.obj)
 *fill*         0x08003cea        0x2 
 .text.device_status_can_transit
                0x08003cec      0x124 mini_tree/libmini_tree.a(board_device.c.obj)
 .text.device_tree_init
                0x08003e10      0x184 mini_tree/libmini_tree.a(board_device.c.obj)
                0x08003e10                device_tree_init
 .text.board_dev_get
                0x08003f94       0x34 mini_tree/libmini_tree.a(board_device.c.obj)
                0x08003f94                board_dev_get
 .text.device_get_name
                0x08003fc8       0x2c mini_tree/libmini_tree.a(board_device.c.obj)
                0x08003fc8                device_get_name
 .text.device_get_compatible
                0x08003ff4       0x2c mini_tree/libmini_tree.a(board_device.c.obj)
                0x08003ff4                device_get_compatible
 .text.device_get_status
                0x08004020       0x22 mini_tree/libmini_tree.a(board_device.c.obj)
                0x08004020                device_get_status
 .text.device_get_criticality
                0x08004042       0x2e mini_tree/libmini_tree.a(board_device.c.obj)
                0x08004042                device_get_criticality
 .text.device_set_status
                0x08004070       0x60 mini_tree/libmini_tree.a(board_device.c.obj)
                0x08004070                device_set_status
 .text.device_open
                0x080040d0       0xba mini_tree/libmini_tree.a(board_device.c.obj)
                0x080040d0                device_open
 .text.device_lock
                0x0800418a       0x44 mini_tree/libmini_tree.a(board_device.c.obj)
                0x0800418a                device_lock
 .text.device_unlock
                0x080041ce       0x3c mini_tree/libmini_tree.a(board_device.c.obj)
                0x080041ce                device_unlock
 .text.dev_lc_reset
                0x0800420a       0x34 mini_tree/libmini_tree.a(dev_lifecycle.c.obj)
                0x0800420a                dev_lc_reset
 *fill*         0x0800423e        0x2 
 .text.board_node_get
                0x08004240       0x34 mini_tree/libmini_tree.a(board_devtable.c.obj)
                0x08004240                board_node_get
 .text.board_dev_count
                0x08004274       0x10 mini_tree/libmini_tree.a(board_devtable.c.obj)
                0x08004274                board_dev_count
 .text.event_bus_dispatch_task
                0x08004284      0x170 mini_tree/libmini_tree.a(event_bus.c.obj)
 .text.event_bus_init
                0x080043f4       0xac mini_tree/libmini_tree.a(event_bus.c.obj)
                0x080043f4                event_bus_init
 .text.event_bus_post_internal
                0x080044a0       0xdc mini_tree/libmini_tree.a(event_bus.c.obj)
 .text.event_bus_post
                0x0800457c       0x2e mini_tree/libmini_tree.a(event_bus.c.obj)
                0x0800457c                event_bus_post
 *fill*         0x080045aa        0x2 
 .text.event_bus_start
                0x080045ac       0x8c mini_tree/libmini_tree.a(event_bus.c.obj)
                0x080045ac                event_bus_start
 .text.event_bus_seal
                0x08004638       0x1c mini_tree/libmini_tree.a(event_bus.c.obj)
                0x08004638                event_bus_seal
 .text.my_printf_output
                0x08004654       0x24 mini_tree/libmini_tree.a(printf_output.c.obj)
                0x08004654                my_printf_output
 .text.calloc   0x08004678       0x10 C:/ST/STM32CubeCLT_1.20.0/GNU-tools-for-STM32/bin/../lib/gcc/arm-none-eabi/13.3.1/../../../../arm-none-eabi/lib/thumb/v7e-m+fp/hard\libg_nano.a(libc_a-calloc.o)
                0x08004678                calloc
 .text._calloc_r
                0x08004688       0x28 C:/ST/STM32CubeCLT_1.20.0/GNU-tools-for-STM32/bin/../lib/gcc/arm-none-eabi/13.3.1/../../../../arm-none-eabi/lib/thumb/v7e-m+fp/hard\libg_nano.a(libc_a-callocr.o)
                0x08004688                _calloc_r
 .text.free     0x080046b0       0x10 C:/ST/STM32CubeCLT_1.20.0/GNU-tools-for-STM32/bin/../lib/gcc/arm-none-eabi/13.3.1/../../../../arm-none-eabi/lib/thumb/v7e-m+fp/hard\libg_nano.a(libc_a-malloc.o)
                0x080046b0                free
 .text.sbrk_aligned
                0x080046c0       0x44 C:/ST/STM32CubeCLT_1.20.0/GNU-tools-for-STM32/bin/../lib/gcc/arm-none-eabi/13.3.1/../../../../arm-none-eabi/lib/thumb/v7e-m+fp/hard\libg_nano.a(libc_a-mallocr.o)
 .text._malloc_r
                0x08004704      0x100 C:/ST/STM32CubeCLT_1.20.0/GNU-tools-for-STM32/bin/../lib/gcc/arm-none-eabi/13.3.1/../../../../arm-none-eabi/lib/thumb/v7e-m+fp/hard\libg_nano.a(libc_a-mallocr.o)
                0x08004704                _malloc_r
 .text.__malloc_lock
                0x08004804        0xc C:/ST/STM32CubeCLT_1.20.0/GNU-tools-for-STM32/bin/../lib/gcc/arm-none-eabi/13.3.1/../../../../arm-none-eabi/lib/thumb/v7e-m+fp/hard\libg_nano.a(libc_a-mlock.o)
                0x08004804                __malloc_lock
 .text.__malloc_unlock
                0x08004810        0xc C:/ST/STM32CubeCLT_1.20.0/GNU-tools-for-STM32/bin/../lib/gcc/arm-none-eabi/13.3.1/../../../../arm-none-eabi/lib/thumb/v7e-m+fp/hard\libg_nano.a(libc_a-mlock.o)
                0x08004810                __malloc_unlock
 .text.std      0x0800481c       0x6c C:/ST/STM32CubeCLT_1.20.0/GNU-tools-for-STM32/bin/../lib/gcc/arm-none-eabi/13.3.1/../../../../arm-none-eabi/lib/thumb/v7e-m+fp/hard\libg_nano.a(libc_a-findfp.o)
 .text.stdio_exit_handler
                0x08004888       0x18 C:/ST/STM32CubeCLT_1.20.0/GNU-tools-for-STM32/bin/../lib/gcc/arm-none-eabi/13.3.1/../../../../arm-none-eabi/lib/thumb/v7e-m+fp/hard\libg_nano.a(libc_a-findfp.o)
 .text.cleanup_stdio
                0x080048a0       0x40 C:/ST/STM32CubeCLT_1.20.0/GNU-tools-for-STM32/bin/../lib/gcc/arm-none-eabi/13.3.1/../../../../arm-none-eabi/lib/thumb/v7e-m+fp/hard\libg_nano.a(libc_a-findfp.o)
 .text.global_stdio_init.part.0
                0x080048e0       0x3c C:/ST/STM32CubeCLT_1.20.0/GNU-tools-for-STM32/bin/../lib/gcc/arm-none-eabi/13.3.1/../../../../arm-none-eabi/lib/thumb/v7e-m+fp/hard\libg_nano.a(libc_a-findfp.o)
 .text.__sfp_lock_acquire
                0x0800491c        0xc C:/ST/STM32CubeCLT_1.20.0/GNU-tools-for-STM32/bin/../lib/gcc/arm-none-eabi/13.3.1/../../../../arm-none-eabi/lib/thumb/v7e-m+fp/hard\libg_nano.a(libc_a-findfp.o)
                0x0800491c                __sfp_lock_acquire
 .text.__sfp_lock_release
                0x08004928        0xc C:/ST/STM32CubeCLT_1.20.0/GNU-tools-for-STM32/bin/../lib/gcc/arm-none-eabi/13.3.1/../../../../arm-none-eabi/lib/thumb/v7e-m+fp/hard\libg_nano.a(libc_a-findfp.o)
                0x08004928                __sfp_lock_release
 .text.__sinit  0x08004934       0x30 C:/ST/STM32CubeCLT_1.20.0/GNU-tools-for-STM32/bin/../lib/gcc/arm-none-eabi/13.3.1/../../../../arm-none-eabi/lib/thumb/v7e-m+fp/hard\libg_nano.a(libc_a-findfp.o)
                0x08004934                __sinit
 .text._fwalk_sglue
                0x08004964       0x3c C:/ST/STM32CubeCLT_1.20.0/GNU-tools-for-STM32/bin/../lib/gcc/arm-none-eabi/13.3.1/../../../../arm-none-eabi/lib/thumb/v7e-m+fp/hard\libg_nano.a(libc_a-fwalk.o)
                0x08004964                _fwalk_sglue
 .text.__sread  0x080049a0       0x22 C:/ST/STM32CubeCLT_1.20.0/GNU-tools-for-STM32/bin/../lib/gcc/arm-none-eabi/13.3.1/../../../../arm-none-eabi/lib/thumb/v7e-m+fp/hard\libg_nano.a(libc_a-stdio.o)
                0x080049a0                __sread
 .text.__swrite
                0x080049c2       0x38 C:/ST/STM32CubeCLT_1.20.0/GNU-tools-for-STM32/bin/../lib/gcc/arm-none-eabi/13.3.1/../../../../arm-none-eabi/lib/thumb/v7e-m+fp/hard\libg_nano.a(libc_a-stdio.o)
                0x080049c2                __swrite
 .text.__sseek  0x080049fa       0x24 C:/ST/STM32CubeCLT_1.20.0/GNU-tools-for-STM32/bin/../lib/gcc/arm-none-eabi/13.3.1/../../../../arm-none-eabi/lib/thumb/v7e-m+fp/hard\libg_nano.a(libc_a-stdio.o)
                0x080049fa                __sseek
 .text.__sclose
                0x08004a1e        0x8 C:/ST/STM32CubeCLT_1.20.0/GNU-tools-for-STM32/bin/../lib/gcc/arm-none-eabi/13.3.1/../../../../arm-none-eabi/lib/thumb/v7e-m+fp/hard\libg_nano.a(libc_a-stdio.o)
                0x08004a1e                __sclose
 *fill*         0x08004a26        0x2 
 .text.vprintf  0x08004a28       0x14 C:/ST/STM32CubeCLT_1.20.0/GNU-tools-for-STM32/bin/../lib/gcc/arm-none-eabi/13.3.1/../../../../arm-none-eabi/lib/thumb/v7e-m+fp/hard\libg_nano.a(libc_a-vprintf.o)
                0x08004a28                viprintf
                0x08004a28                vprintf
 .text.memset   0x08004a3c       0x10 C:/ST/STM32CubeCLT_1.20.0/GNU-tools-for-STM32/bin/../lib/gcc/arm-none-eabi/13.3.1/../../../../arm-none-eabi/lib/thumb/v7e-m+fp/hard\libg_nano.a(libc_a-memset.o)
                0x08004a3c                memset
 .text._close_r
                0x08004a4c       0x20 C:/ST/STM32CubeCLT_1.20.0/GNU-tools-for-STM32/bin/../lib/gcc/arm-none-eabi/13.3.1/../../../../arm-none-eabi/lib/thumb/v7e-m+fp/hard\libg_nano.a(libc_a-closer.o)
                0x08004a4c                _close_r
 .text._lseek_r
                0x08004a6c       0x24 C:/ST/STM32CubeCLT_1.20.0/GNU-tools-for-STM32/bin/../lib/gcc/arm-none-eabi/13.3.1/../../../../arm-none-eabi/lib/thumb/v7e-m+fp/hard\libg_nano.a(libc_a-lseekr.o)
                0x08004a6c                _lseek_r
 .text._read_r  0x08004a90       0x24 C:/ST/STM32CubeCLT_1.20.0/GNU-tools-for-STM32/bin/../lib/gcc/arm-none-eabi/13.3.1/../../../../arm-none-eabi/lib/thumb/v7e-m+fp/hard\libg_nano.a(libc_a-readr.o)
                0x08004a90                _read_r
 .text._sbrk_r  0x08004ab4       0x20 C:/ST/STM32CubeCLT_1.20.0/GNU-tools-for-STM32/bin/../lib/gcc/arm-none-eabi/13.3.1/../../../../arm-none-eabi/lib/thumb/v7e-m+fp/hard\libg_nano.a(libc_a-sbrkr.o)
                0x08004ab4                _sbrk_r
 .text._write_r
                0x08004ad4       0x24 C:/ST/STM32CubeCLT_1.20.0/GNU-tools-for-STM32/bin/../lib/gcc/arm-none-eabi/13.3.1/../../../../arm-none-eabi/lib/thumb/v7e-m+fp/hard\libg_nano.a(libc_a-writer.o)
                0x08004ad4                _write_r
 .text.__errno  0x08004af8        0xc C:/ST/STM32CubeCLT_1.20.0/GNU-tools-for-STM32/bin/../lib/gcc/arm-none-eabi/13.3.1/../../../../arm-none-eabi/lib/thumb/v7e-m+fp/hard\libg_nano.a(libc_a-errno.o)
                0x08004af8                __errno
 .text.__libc_init_array
                0x08004b04       0x48 C:/ST/STM32CubeCLT_1.20.0/GNU-tools-for-STM32/bin/../lib/gcc/arm-none-eabi/13.3.1/../../../../arm-none-eabi/lib/thumb/v7e-m+fp/hard\libg_nano.a(libc_a-init.o)
                0x08004b04                __libc_init_array
 .text.__retarget_lock_init_recursive
                0x08004b4c        0x2 C:/ST/STM32CubeCLT_1.20.0/GNU-tools-for-STM32/bin/../lib/gcc/arm-none-eabi/13.3.1/../../../../arm-none-eabi/lib/thumb/v7e-m+fp/hard\libg_nano.a(libc_a-lock.o)
                0x08004b4c                __retarget_lock_init_recursive
 .text.__retarget_lock_acquire_recursive
                0x08004b4e        0x2 C:/ST/STM32CubeCLT_1.20.0/GNU-tools-for-STM32/bin/../lib/gcc/arm-none-eabi/13.3.1/../../../../arm-none-eabi/lib/thumb/v7e-m+fp/hard\libg_nano.a(libc_a-lock.o)
                0x08004b4e                __retarget_lock_acquire_recursive
 .text.__retarget_lock_release_recursive
                0x08004b50        0x2 C:/ST/STM32CubeCLT_1.20.0/GNU-tools-for-STM32/bin/../lib/gcc/arm-none-eabi/13.3.1/../../../../arm-none-eabi/lib/thumb/v7e-m+fp/hard\libg_nano.a(libc_a-lock.o)
                0x08004b50                __retarget_lock_release_recursive
 .text.memcpy   0x08004b52       0x1c C:/ST/STM32CubeCLT_1.20.0/GNU-tools-for-STM32/bin/../lib/gcc/arm-none-eabi/13.3.1/../../../../arm-none-eabi/lib/thumb/v7e-m+fp/hard\libg_nano.a(libc_a-memcpy-stub.o)
                0x08004b52                memcpy
 *fill*         0x08004b6e        0x2 
 .text._free_r  0x08004b70       0x94 C:/ST/STM32CubeCLT_1.20.0/GNU-tools-for-STM32/bin/../lib/gcc/arm-none-eabi/13.3.1/../../../../arm-none-eabi/lib/thumb/v7e-m+fp/hard\libg_nano.a(libc_a-freer.o)
                0x08004b70                _free_r
 .text.__sfputc_r
                0x08004c04       0x2e C:/ST/STM32CubeCLT_1.20.0/GNU-tools-for-STM32/bin/../lib/gcc/arm-none-eabi/13.3.1/../../../../arm-none-eabi/lib/thumb/v7e-m+fp/hard\libg_nano.a(libc_a-nano-vfprintf.o)
 .text.__sfputs_r
                0x08004c32       0x24 C:/ST/STM32CubeCLT_1.20.0/GNU-tools-for-STM32/bin/../lib/gcc/arm-none-eabi/13.3.1/../../../../arm-none-eabi/lib/thumb/v7e-m+fp/hard\libg_nano.a(libc_a-nano-vfprintf.o)
                0x08004c32                __sfputs_r
 *fill*         0x08004c56        0x2 
 .text._vfprintf_r
                0x08004c58      0x230 C:/ST/STM32CubeCLT_1.20.0/GNU-tools-for-STM32/bin/../lib/gcc/arm-none-eabi/13.3.1/../../../../arm-none-eabi/lib/thumb/v7e-m+fp/hard\libg_nano.a(libc_a-nano-vfprintf.o)
                0x08004c58                _vfprintf_r
                0x08004c58                _vfiprintf_r
 .text._printf_common
                0x08004e88       0xda C:/ST/STM32CubeCLT_1.20.0/GNU-tools-for-STM32/bin/../lib/gcc/arm-none-eabi/13.3.1/../../../../arm-none-eabi/lib/thumb/v7e-m+fp/hard\libg_nano.a(libc_a-nano-vfprintf_i.o)
                0x08004e88                _printf_common
 *fill*         0x08004f62        0x2 
 .text._printf_i
                0x08004f64      0x23c C:/ST/STM32CubeCLT_1.20.0/GNU-tools-for-STM32/bin/../lib/gcc/arm-none-eabi/13.3.1/../../../../arm-none-eabi/lib/thumb/v7e-m+fp/hard\libg_nano.a(libc_a-nano-vfprintf_i.o)
                0x08004f64                _printf_i
 .text.__sflush_r
                0x080051a0      0x108 C:/ST/STM32CubeCLT_1.20.0/GNU-tools-for-STM32/bin/../lib/gcc/arm-none-eabi/13.3.1/../../../../arm-none-eabi/lib/thumb/v7e-m+fp/hard\libg_nano.a(libc_a-fflush.o)
                0x080051a0                __sflush_r
 .text._fflush_r
                0x080052a8       0x50 C:/ST/STM32CubeCLT_1.20.0/GNU-tools-for-STM32/bin/../lib/gcc/arm-none-eabi/13.3.1/../../../../arm-none-eabi/lib/thumb/v7e-m+fp/hard\libg_nano.a(libc_a-fflush.o)
                0x080052a8                _fflush_r
 .text.__swbuf_r
                0x080052f8       0x7c C:/ST/STM32CubeCLT_1.20.0/GNU-tools-for-STM32/bin/../lib/gcc/arm-none-eabi/13.3.1/../../../../arm-none-eabi/lib/thumb/v7e-m+fp/hard\libg_nano.a(libc_a-wbuf.o)
                0x080052f8                __swbuf_r
 .text.__swsetup_r
                0x08005374       0xac C:/ST/STM32CubeCLT_1.20.0/GNU-tools-for-STM32/bin/../lib/gcc/arm-none-eabi/13.3.1/../../../../arm-none-eabi/lib/thumb/v7e-m+fp/hard\libg_nano.a(libc_a-wsetup.o)
                0x08005374                __swsetup_r
 .text.__swhatbuf_r
                0x08005420       0x4c C:/ST/STM32CubeCLT_1.20.0/GNU-tools-for-STM32/bin/../lib/gcc/arm-none-eabi/13.3.1/../../../../arm-none-eabi/lib/thumb/v7e-m+fp/hard\libg_nano.a(libc_a-makebuf.o)
                0x08005420                __swhatbuf_r
 .text.__smakebuf_r
                0x0800546c       0x78 C:/ST/STM32CubeCLT_1.20.0/GNU-tools-for-STM32/bin/../lib/gcc/arm-none-eabi/13.3.1/../../../../arm-none-eabi/lib/thumb/v7e-m+fp/hard\libg_nano.a(libc_a-makebuf.o)
                0x0800546c                __smakebuf_r
 .text._fstat_r
                0x080054e4       0x24 C:/ST/STM32CubeCLT_1.20.0/GNU-tools-for-STM32/bin/../lib/gcc/arm-none-eabi/13.3.1/../../../../arm-none-eabi/lib/thumb/v7e-m+fp/hard\libg_nano.a(libc_a-fstatr.o)
                0x080054e4                _fstat_r
 .text._isatty_r
                0x08005508       0x20 C:/ST/STM32CubeCLT_1.20.0/GNU-tools-for-STM32/bin/../lib/gcc/arm-none-eabi/13.3.1/../../../../arm-none-eabi/lib/thumb/v7e-m+fp/hard\libg_nano.a(libc_a-isattyr.o)
                0x08005508                _isatty_r
 *(.glue_7)
 .glue_7        0x08005528        0x0 linker stubs
 *(.glue_7t)
 .glue_7t       0x08005528        0x0 linker stubs
 *(.eh_frame)
 .eh_frame      0x08005528        0x0 C:/ST/STM32CubeCLT_1.20.0/GNU-tools-for-STM32/bin/../lib/gcc/arm-none-eabi/13.3.1/thumb/v7e-m+fp/hard/crtbegin.o
 *(.init)
 .init          0x08005528        0x4 C:/ST/STM32CubeCLT_1.20.0/GNU-tools-for-STM32/bin/../lib/gcc/arm-none-eabi/13.3.1/thumb/v7e-m+fp/hard/crti.o
                0x08005528                _init
 .init          0x0800552c        0x8 C:/ST/STM32CubeCLT_1.20.0/GNU-tools-for-STM32/bin/../lib/gcc/arm-none-eabi/13.3.1/thumb/v7e-m+fp/hard/crtn.o
 *(.fini)
 .fini          0x08005534        0x4 C:/ST/STM32CubeCLT_1.20.0/GNU-tools-for-STM32/bin/../lib/gcc/arm-none-eabi/13.3.1/thumb/v7e-m+fp/hard/crti.o
                0x08005534                _fini
 .fini          0x08005538        0x8 C:/ST/STM32CubeCLT_1.20.0/GNU-tools-for-STM32/bin/../lib/gcc/arm-none-eabi/13.3.1/thumb/v7e-m+fp/hard/crtn.o
                0x08005540                        . = ALIGN (0x4)
                0x08005540                        _etext = .

.vfp11_veneer   0x08005540        0x0
 .vfp11_veneer  0x08005540        0x0 linker stubs

.v4_bx          0x08005540        0x0
 .v4_bx         0x08005540        0x0 linker stubs

.iplt           0x08005540        0x0
 .iplt          0x08005540        0x0 C:/ST/STM32CubeCLT_1.20.0/GNU-tools-for-STM32/bin/../lib/gcc/arm-none-eabi/13.3.1/thumb/v7e-m+fp/hard/crtbegin.o

.entry          0x08005540       0x22
 .entry         0x08005540       0x22 CMakeFiles/STM32F407ZGT6.dir/app/src/main.cpp.obj
                0x08005540                stm32f407zgt6_node_main

.rodata         0x08005564     0x110c
                0x08005564                        . = ALIGN (0x4)
 *(.rodata)
 .rodata        0x08005564      0x2f7 mini_tree/libmini_tree.a(board_driver.c.obj)
 *fill*         0x0800585b        0x1 
 .rodata        0x0800585c      0x166 mini_tree/libmini_tree.a(system_init.cpp.obj)
 *fill*         0x080059c2        0x2 
 .rodata        0x080059c4      0x10f mini_tree/libmini_tree.a(system_scrubber.cpp.obj)
 *fill*         0x08005ad3        0x1 
 .rodata        0x08005ad4      0x1c4 mini_tree/libmini_tree.a(system_wdt.cpp.obj)
 .rodata        0x08005c98       0x28 mini_tree/libmini_tree.a(safe_state.c.obj)
 .rodata        0x08005cc0       0x63 mini_tree/libmini_tree.a(osal_null.c.obj)
 *fill*         0x08005d23        0x1 
 .rodata        0x08005d24       0x62 mini_tree/libmini_tree.a(board_device.c.obj)
 *fill*         0x08005d86        0x2 
 .rodata        0x08005d88      0x388 mini_tree/libmini_tree.a(board_devtable.c.obj)
 .rodata        0x08006110      0x1bb mini_tree/libmini_tree.a(event_bus.c.obj)
 *(.rodata*)
 *fill*         0x080062cb        0x1 
 .rodata.AHBPrescTable
                0x080062cc       0x10 cmake/stm32cubemx/CMakeFiles/STM32_Drivers.dir/__/__/Core/Src/system_stm32f4xx.c.obj
                0x080062cc                AHBPrescTable
 .rodata.APBPrescTable
                0x080062dc        0x8 cmake/stm32cubemx/CMakeFiles/STM32_Drivers.dir/__/__/Core/Src/system_stm32f4xx.c.obj
                0x080062dc                APBPrescTable
 .rodata.s_probe_fns
                0x080062e4       0x20 mini_tree/libmini_tree.a(board_probe.c.obj)
 .rodata.s_probe_order
                0x08006304        0x8 mini_tree/libmini_tree.a(board_probe.c.obj)
 .rodata.s_cascade_data
                0x0800630c        0x1 mini_tree/libmini_tree.a(board_probe.c.obj)
 *fill*         0x0800630d        0x3 
 .rodata.s_cascade_counts
                0x08006310        0x8 mini_tree/libmini_tree.a(board_probe.c.obj)
 .rodata.s_cascade_offset
                0x08006318       0x10 mini_tree/libmini_tree.a(board_probe.c.obj)
 .rodata.DEV__props
                0x08006328       0x18 mini_tree/libmini_tree.a(board_devtable.c.obj)
 .rodata.DEV_cpu_0_props
                0x08006340       0x18 mini_tree/libmini_tree.a(board_devtable.c.obj)
 .rodata.DEV_soc_props
                0x08006358       0x18 mini_tree/libmini_tree.a(board_devtable.c.obj)
 .rodata.DEV_gpio_0_props
                0x08006370       0x18 mini_tree/libmini_tree.a(board_devtable.c.obj)
 .rodata.DEV_gpios_pin_0_props
                0x08006388       0x38 mini_tree/libmini_tree.a(board_devtable.c.obj)
 .rodata.DEV_spi_0_props
                0x080063c0       0x58 mini_tree/libmini_tree.a(board_devtable.c.obj)
 .rodata.DEV_w25q64_0_props
                0x08006418       0x30 mini_tree/libmini_tree.a(board_devtable.c.obj)
 .rodata.DEV_uart_0_props
                0x08006448       0x50 mini_tree/libmini_tree.a(board_devtable.c.obj)
 .rodata.DEV_w25q64_0_deps
                0x08006498        0x1 mini_tree/libmini_tree.a(board_devtable.c.obj)
 *fill*         0x08006499        0x3 
 .rodata.DEV_cpu_0_REG_DATA
                0x0800649c        0x4 mini_tree/libmini_tree.a(board_devtable.c.obj)
 .rodata.DEV_gpio_0_REG_DATA
                0x080064a0        0x4 mini_tree/libmini_tree.a(board_devtable.c.obj)
 .rodata.DEV_gpios_pin_0_REG_DATA
                0x080064a4        0x4 mini_tree/libmini_tree.a(board_devtable.c.obj)
 .rodata.DEV_spi_0_REG_DATA
                0x080064a8        0x4 mini_tree/libmini_tree.a(board_devtable.c.obj)
 .rodata.DEV_w25q64_0_REG_DATA
                0x080064ac        0x4 mini_tree/libmini_tree.a(board_devtable.c.obj)
 .rodata.DEV_uart_0_REG_DATA
                0x080064b0        0x4 mini_tree/libmini_tree.a(board_devtable.c.obj)
 .rodata.DEV_cpu_0_REGS
                0x080064b4        0xc mini_tree/libmini_tree.a(board_devtable.c.obj)
 .rodata.DEV_gpio_0_REGS
                0x080064c0        0xc mini_tree/libmini_tree.a(board_devtable.c.obj)
 .rodata.DEV_gpios_pin_0_REGS
                0x080064cc        0xc mini_tree/libmini_tree.a(board_devtable.c.obj)
 .rodata.DEV_spi_0_REGS
                0x080064d8        0xc mini_tree/libmini_tree.a(board_devtable.c.obj)
 .rodata.DEV_w25q64_0_REGS
                0x080064e4        0xc mini_tree/libmini_tree.a(board_devtable.c.obj)
 .rodata.DEV_uart_0_REGS
                0x080064f0        0xc mini_tree/libmini_tree.a(board_devtable.c.obj)
 .rodata.s_nodes
                0x080064fc      0x140 mini_tree/libmini_tree.a(board_devtable.c.obj)
 .rodata._vfprintf_r.str1.1
                0x0800663c       0x33 C:/ST/STM32CubeCLT_1.20.0/GNU-tools-for-STM32/bin/../lib/gcc/arm-none-eabi/13.3.1/../../../../arm-none-eabi/lib/thumb/v7e-m+fp/hard\libg_nano.a(libc_a-nano-vfprintf.o)
                                 0x11 (size before relaxing)
 .rodata._printf_i.str1.1
                0x0800666f        0x0 C:/ST/STM32CubeCLT_1.20.0/GNU-tools-for-STM32/bin/../lib/gcc/arm-none-eabi/13.3.1/../../../../arm-none-eabi/lib/thumb/v7e-m+fp/hard\libg_nano.a(libc_a-nano-vfprintf_i.o)
                                 0x22 (size before relaxing)
                0x08006670                        . = ALIGN (0x4)
 *fill*         0x0800666f        0x1 

.ARM.extab      0x08006670        0x0
                0x08006670                        . = ALIGN (0x4)
 *(.ARM.extab* .gnu.linkonce.armextab.*)
                0x08006670                        . = ALIGN (0x4)

.ARM            0x08006670        0x8
                0x08006670                        . = ALIGN (0x4)
                0x08006670                        __exidx_start = .
 *(.ARM.exidx*)
 .ARM.exidx     0x08006670        0x8 C:/ST/STM32CubeCLT_1.20.0/GNU-tools-for-STM32/bin/../lib/gcc/arm-none-eabi/13.3.1/thumb/v7e-m+fp/hard\libgcc.a(_udivmoddi4.o)
 .ARM.exidx     0x08006678        0x0 C:/ST/STM32CubeCLT_1.20.0/GNU-tools-for-STM32/bin/../lib/gcc/arm-none-eabi/13.3.1/../../../../arm-none-eabi/lib/thumb/v7e-m+fp/hard\libg_nano.a(libc_a-memchr.o)
                                  0x8 (size before relaxing)
                0x08006678                        __exidx_end = .
                0x08006678                        . = ALIGN (0x4)

.preinit_array  0x08006678        0x0
                0x08006678                        . = ALIGN (0x4)
                0x08006678                        PROVIDE (__preinit_array_start = .)
 *(.preinit_array*)
                0x08006678                        PROVIDE (__preinit_array_end = .)
                0x08006678                        . = ALIGN (0x4)

.init_array     0x08006678       0x14
                0x08006678                        . = ALIGN (0x4)
                0x08006678                        PROVIDE (__init_array_start = .)
 *(SORT_BY_NAME(.init_array.*))
 .init_array.00150
                0x08006678        0x4 CMakeFiles/STM32F407ZGT6.dir/app/src/main.cpp.obj
 .init_array.00250
                0x0800667c        0x4 mini_tree/libmini_tree.a(osal_null.c.obj)
 .init_array.00251
                0x08006680        0x4 mini_tree/libmini_tree.a(osal_null.c.obj)
 .init_array.00252
                0x08006684        0x4 mini_tree/libmini_tree.a(osal_null.c.obj)
 *(.init_array*)
 .init_array    0x08006688        0x4 C:/ST/STM32CubeCLT_1.20.0/GNU-tools-for-STM32/bin/../lib/gcc/arm-none-eabi/13.3.1/thumb/v7e-m+fp/hard/crtbegin.o
                0x0800668c                        PROVIDE (__init_array_end = .)
                0x0800668c                        . = ALIGN (0x4)

.fini_array     0x0800668c        0x4
                0x0800668c                        . = ALIGN (0x4)
                [!provide]                        PROVIDE (__fini_array_start = .)
 *(SORT_BY_NAME(.fini_array.*))
 *(.fini_array*)
 .fini_array    0x0800668c        0x4 C:/ST/STM32CubeCLT_1.20.0/GNU-tools-for-STM32/bin/../lib/gcc/arm-none-eabi/13.3.1/thumb/v7e-m+fp/hard/crtbegin.o
                [!provide]                        PROVIDE (__fini_array_end = .)
                0x08006690                        . = ALIGN (0x4)
                0x08006690                        _siccmram = LOADADDR (.ccmram)

.rel.dyn        0x08006690        0x0
 .rel.iplt      0x08006690        0x0 C:/ST/STM32CubeCLT_1.20.0/GNU-tools-for-STM32/bin/../lib/gcc/arm-none-eabi/13.3.1/thumb/v7e-m+fp/hard/crtbegin.o

.ccmram         0x10000000        0x0 load address 0x08006690
                0x10000000                        . = ALIGN (0x4)
                0x10000000                        _sccmram = .
 *(.ccmram)
 *(.ccmram*)
                0x10000000                        . = ALIGN (0x4)
                0x10000000                        _eccmram = .
                0x08006690                        _sidata = LOADADDR (.data)

.data           0x20000000       0x74 load address 0x08006690
                0x20000000                        . = ALIGN (0x4)
                0x20000000                        _sdata = .
 *(.data)
 *(.data*)
 .data.SystemCoreClock
                0x20000000        0x4 cmake/stm32cubemx/CMakeFiles/STM32_Drivers.dir/__/__/Core/Src/system_stm32f4xx.c.obj
                0x20000000                SystemCoreClock
 .data.uwTickPrio
                0x20000004        0x4 cmake/stm32cubemx/CMakeFiles/STM32_Drivers.dir/__/__/Drivers/STM32F4xx_HAL_Driver/Src/stm32f4xx_hal.c.obj
                0x20000004                uwTickPrio
 .data.uwTickFreq
                0x20000008        0x1 cmake/stm32cubemx/CMakeFiles/STM32_Drivers.dir/__/__/Drivers/STM32F4xx_HAL_Driver/Src/stm32f4xx_hal.c.obj
                0x20000008                uwTickFreq
 *fill*         0x20000009        0x3 
 .data.kTag     0x2000000c        0x4 mini_tree/libmini_tree.a(board_driver.c.obj)
 .data._ZL23s_rtc_normal_timeout_ms
                0x20000010        0x4 mini_tree/libmini_tree.a(system_wdt.cpp.obj)
 .data.xorshift_state
                0x20000014        0x4 mini_tree/libmini_tree.a(osal_null.c.obj)
 .data.__sglue  0x20000018        0xc C:/ST/STM32CubeCLT_1.20.0/GNU-tools-for-STM32/bin/../lib/gcc/arm-none-eabi/13.3.1/../../../../arm-none-eabi/lib/thumb/v7e-m+fp/hard\libg_nano.a(libc_a-findfp.o)
                0x20000018                __sglue
 .data._impure_ptr
                0x20000024        0x4 C:/ST/STM32CubeCLT_1.20.0/GNU-tools-for-STM32/bin/../lib/gcc/arm-none-eabi/13.3.1/../../../../arm-none-eabi/lib/thumb/v7e-m+fp/hard\libg_nano.a(libc_a-impure.o)
                0x20000024                _impure_ptr
 .data._impure_data
                0x20000028       0x4c C:/ST/STM32CubeCLT_1.20.0/GNU-tools-for-STM32/bin/../lib/gcc/arm-none-eabi/13.3.1/../../../../arm-none-eabi/lib/thumb/v7e-m+fp/hard\libg_nano.a(libc_a-impure.o)
                0x20000028                _impure_data
 *(.RamFunc)
 *(.RamFunc*)
                0x20000074                        . = ALIGN (0x4)

.igot.plt       0x20000074        0x0 load address 0x08006704
 .igot.plt      0x20000074        0x0 C:/ST/STM32CubeCLT_1.20.0/GNU-tools-for-STM32/bin/../lib/gcc/arm-none-eabi/13.3.1/thumb/v7e-m+fp/hard/crtbegin.o

.tdata          0x20000074        0x0 load address 0x08006704
 *(.tdata .tdata.* .gnu.linkonce.td.*)
                0x20000074                        . = ALIGN (0x4)
                0x20000074                        _edata = .
                [!provide]                        PROVIDE (__data_end = .)
                [!provide]                        PROVIDE (__tdata_end = .)
                [!provide]                        PROVIDE (__tdata_start = ADDR (.tdata))
                [!provide]                        PROVIDE (__tdata_size = (__tdata_end - __tdata_start))
                [!provide]                        PROVIDE (__data_start = ADDR (.data))
                [!provide]                        PROVIDE (__data_size = (__data_end - __data_start))
                [!provide]                        PROVIDE (__tdata_source = LOADADDR (.tdata))
                [!provide]                        PROVIDE (__tdata_source_end = (LOADADDR (.tdata) + SIZEOF (.tdata)))
                [!provide]                        PROVIDE (__tdata_source_size = (__tdata_source_end - __tdata_source))
                [!provide]                        PROVIDE (__data_source = LOADADDR (.data))
                [!provide]                        PROVIDE (__data_source_end = __tdata_source_end)
                [!provide]                        PROVIDE (__data_source_size = (__data_source_end - __data_source))

.tbss           0x20000074        0x0 load address 0x08006704
                0x20000074                        _sbss = .
                0x20000074                        __bss_start__ = _sbss
 *(.tbss .tbss.*)
                0x20000074                        . = ALIGN (0x4)
                [!provide]                        PROVIDE (__tbss_end = .)
                [!provide]                        PROVIDE (__tbss_start = ADDR (.tbss))
                [!provide]                        PROVIDE (__tbss_size = (__tbss_end - __tbss_start))
                [!provide]                        PROVIDE (__tbss_offset = (ADDR (.tbss) - ADDR (.tdata)))
                [!provide]                        PROVIDE (__tls_base = __tdata_start)
                [!provide]                        PROVIDE (__tls_end = __tbss_end)
                [!provide]                        PROVIDE (__tls_size = (__tls_end - __tls_base))
                [!provide]                        PROVIDE (__tls_align = MAX (ALIGNOF (.tdata), ALIGNOF (.tbss)))
                [!provide]                        PROVIDE (__tls_size_align = (((__tls_size + __tls_align) - 0x1) & ~ ((__tls_align - 0x1))))
                [!provide]                        PROVIDE (__arm32_tls_tcb_offset = MAX (0x8, __tls_align))
                [!provide]                        PROVIDE (__arm64_tls_tcb_offset = MAX (0x10, __tls_align))

.bss            0x20000074      0x8c0 load address 0x08006704
 *(.bss)
 .bss           0x20000074       0x1c C:/ST/STM32CubeCLT_1.20.0/GNU-tools-for-STM32/bin/../lib/gcc/arm-none-eabi/13.3.1/thumb/v7e-m+fp/hard/crtbegin.o
 *(.bss*)
 .bss.uwTick    0x20000090        0x4 cmake/stm32cubemx/CMakeFiles/STM32_Drivers.dir/__/__/Drivers/STM32F4xx_HAL_Driver/Src/stm32f4xx_hal.c.obj
                0x20000090                uwTick
 .bss.__sbrk_heap_end
                0x20000094        0x4 CMakeFiles/STM32F407ZGT6.dir/Core/Src/sysmem.c.obj
 .bss.s_shutdown_entered
                0x20000098        0x4 mini_tree/libmini_tree.a(board_driver.c.obj)
 .bss.g_system_os_initialized
                0x2000009c        0x1 mini_tree/libmini_tree.a(system_init.cpp.obj)
                0x2000009c                g_system_os_initialized
 *fill*         0x2000009d        0x3 
 .bss._ZL8s_handle
                0x200000a0        0x4 mini_tree/libmini_tree.a(system_scrubber.cpp.obj)
 .bss._ZL9s_running
                0x200000a4        0x1 mini_tree/libmini_tree.a(system_scrubber.cpp.obj)
 .bss._ZL13s_initialized
                0x200000a5        0x1 mini_tree/libmini_tree.a(system_wdt.cpp.obj)
 .bss._ZL16s_rtc_wdt_active
                0x200000a6        0x1 mini_tree/libmini_tree.a(system_wdt.cpp.obj)
 *fill*         0x200000a7        0x1 
 .bss.s_panic_counter
                0x200000a8        0x4 mini_tree/libmini_tree.a(safe_state.c.obj)
 .bss.s_queues  0x200000ac       0x70 mini_tree/libmini_tree.a(osal_null.c.obj)
 .bss.s_queue_used
                0x2000011c        0x4 mini_tree/libmini_tree.a(osal_null.c.obj)
 .bss.s_queue_pool_ctrl
                0x20000120       0x18 mini_tree/libmini_tree.a(osal_null.c.obj)
 .bss.s_mutex_used
                0x20000138       0x18 mini_tree/libmini_tree.a(osal_null.c.obj)
 .bss.s_mutex_pool_ctrl
                0x20000150       0x18 mini_tree/libmini_tree.a(osal_null.c.obj)
 .bss.s_sys_tick_ms
                0x20000168        0x4 mini_tree/libmini_tree.a(osal_null.c.obj)
 .bss.s_isr_nest
                0x2000016c        0x4 mini_tree/libmini_tree.a(osal_null.c.obj)
 .bss.s_sem_used
                0x20000170        0x8 mini_tree/libmini_tree.a(osal_null.c.obj)
 .bss.s_sem_pool_ctrl
                0x20000178       0x18 mini_tree/libmini_tree.a(osal_null.c.obj)
 .bss.s_devices
                0x20000190      0x140 mini_tree/libmini_tree.a(board_device.c.obj)
 .bss.s_device_lock_storage
                0x200002d0      0x300 mini_tree/libmini_tree.a(board_device.c.obj)
 .bss.s_status_lock_storage
                0x200005d0       0x20 mini_tree/libmini_tree.a(board_device.c.obj)
 .bss.s_bus     0x200005f0      0x1f8 mini_tree/libmini_tree.a(event_bus.c.obj)
 .bss.__malloc_sbrk_start
                0x200007e8        0x4 C:/ST/STM32CubeCLT_1.20.0/GNU-tools-for-STM32/bin/../lib/gcc/arm-none-eabi/13.3.1/../../../../arm-none-eabi/lib/thumb/v7e-m+fp/hard\libg_nano.a(libc_a-mallocr.o)
                0x200007e8                __malloc_sbrk_start
 .bss.__malloc_free_list
                0x200007ec        0x4 C:/ST/STM32CubeCLT_1.20.0/GNU-tools-for-STM32/bin/../lib/gcc/arm-none-eabi/13.3.1/../../../../arm-none-eabi/lib/thumb/v7e-m+fp/hard\libg_nano.a(libc_a-mallocr.o)
                0x200007ec                __malloc_free_list
 .bss.__sf      0x200007f0      0x138 C:/ST/STM32CubeCLT_1.20.0/GNU-tools-for-STM32/bin/../lib/gcc/arm-none-eabi/13.3.1/../../../../arm-none-eabi/lib/thumb/v7e-m+fp/hard\libg_nano.a(libc_a-findfp.o)
                0x200007f0                __sf
 .bss.__stdio_exit_handler
                0x20000928        0x4 C:/ST/STM32CubeCLT_1.20.0/GNU-tools-for-STM32/bin/../lib/gcc/arm-none-eabi/13.3.1/../../../../arm-none-eabi/lib/thumb/v7e-m+fp/hard\libg_nano.a(libc_a-findfp.o)
                0x20000928                __stdio_exit_handler
 .bss.errno     0x2000092c        0x4 C:/ST/STM32CubeCLT_1.20.0/GNU-tools-for-STM32/bin/../lib/gcc/arm-none-eabi/13.3.1/../../../../arm-none-eabi/lib/thumb/v7e-m+fp/hard\libg_nano.a(libc_a-reent.o)
                0x2000092c                errno
 .bss.__lock___malloc_recursive_mutex
                0x20000930        0x1 C:/ST/STM32CubeCLT_1.20.0/GNU-tools-for-STM32/bin/../lib/gcc/arm-none-eabi/13.3.1/../../../../arm-none-eabi/lib/thumb/v7e-m+fp/hard\libg_nano.a(libc_a-lock.o)
                0x20000930                __lock___malloc_recursive_mutex
 .bss.__lock___sfp_recursive_mutex
                0x20000931        0x1 C:/ST/STM32CubeCLT_1.20.0/GNU-tools-for-STM32/bin/../lib/gcc/arm-none-eabi/13.3.1/../../../../arm-none-eabi/lib/thumb/v7e-m+fp/hard\libg_nano.a(libc_a-lock.o)
                0x20000931                __lock___sfp_recursive_mutex
 *(COMMON)
                0x20000934                        . = ALIGN (0x4)
 *fill*         0x20000932        0x2 
                0x20000934                        _ebss = .
                0x20000934                        __bss_end__ = _ebss
                [!provide]                        PROVIDE (__bss_end = .)
                [!provide]                        PROVIDE (__non_tls_bss_start = ADDR (.bss))
                [!provide]                        PROVIDE (__bss_start = __tbss_start)
                [!provide]                        PROVIDE (__bss_size = (__bss_end - __bss_start))

._user_heap_stack
                0x20000934     0x1204 load address 0x08006704
                0x20000938                        . = ALIGN (0x8)
 *fill*         0x20000934        0x4 
                [!provide]                        PROVIDE (end = .)
                0x20000938                        PROVIDE (_end = .)
                0x20000b38                        . = (. + _Min_Heap_Size)
 *fill*         0x20000938      0x200 
                0x20001b38                        . = (. + _Min_Stack_Size)
 *fill*         0x20000b38     0x1000 
                0x20001b38                        . = ALIGN (0x8)

/DISCARD/
 libc.a:*(*)
 libm.a:*(*)
 libgcc.a:*(*)
                [!provide]                        PROVIDE (ERR_SECTION_BASE = 0xfffff000)
OUTPUT(STM32F407ZGT6.elf elf32-littlearm)
LOAD linker stubs

.ARM.attributes
                0x00000000       0x30
 .ARM.attributes
                0x00000000       0x22 C:/ST/STM32CubeCLT_1.20.0/GNU-tools-for-STM32/bin/../lib/gcc/arm-none-eabi/13.3.1/thumb/v7e-m+fp/hard/crti.o
 .ARM.attributes
                0x00000022       0x34 C:/ST/STM32CubeCLT_1.20.0/GNU-tools-for-STM32/bin/../lib/gcc/arm-none-eabi/13.3.1/thumb/v7e-m+fp/hard/crtbegin.o
 .ARM.attributes
                0x00000056       0x34 cmake/stm32cubemx/CMakeFiles/STM32_Drivers.dir/__/__/Core/Src/system_stm32f4xx.c.obj
 .ARM.attributes
                0x0000008a       0x34 cmake/stm32cubemx/CMakeFiles/STM32_Drivers.dir/__/__/Drivers/STM32F4xx_HAL_Driver/Src/stm32f4xx_ll_gpio.c.obj
 .ARM.attributes
                0x000000be       0x34 cmake/stm32cubemx/CMakeFiles/STM32_Drivers.dir/__/__/Drivers/STM32F4xx_HAL_Driver/Src/stm32f4xx_hal_rcc.c.obj
 .ARM.attributes
                0x000000f2       0x34 cmake/stm32cubemx/CMakeFiles/STM32_Drivers.dir/__/__/Drivers/STM32F4xx_HAL_Driver/Src/stm32f4xx_hal_cortex.c.obj
 .ARM.attributes
                0x00000126       0x34 cmake/stm32cubemx/CMakeFiles/STM32_Drivers.dir/__/__/Drivers/STM32F4xx_HAL_Driver/Src/stm32f4xx_hal.c.obj
 .ARM.attributes
                0x0000015a       0x34 cmake/stm32cubemx/CMakeFiles/STM32_Drivers.dir/__/__/Drivers/STM32F4xx_HAL_Driver/Src/stm32f4xx_ll_rcc.c.obj
 .ARM.attributes
                0x0000018e       0x34 cmake/stm32cubemx/CMakeFiles/STM32_Drivers.dir/__/__/Drivers/STM32F4xx_HAL_Driver/Src/stm32f4xx_ll_spi.c.obj
 .ARM.attributes
                0x000001c2       0x34 cmake/stm32cubemx/CMakeFiles/STM32_Drivers.dir/__/__/Drivers/STM32F4xx_HAL_Driver/Src/stm32f4xx_ll_usart.c.obj
 .ARM.attributes
                0x000001f6       0x34 CMakeFiles/STM32F407ZGT6.dir/app/src/main.cpp.obj
 .ARM.attributes
                0x0000022a       0x34 CMakeFiles/STM32F407ZGT6.dir/Core/Src/spi.c.obj
 .ARM.attributes
                0x0000025e       0x34 CMakeFiles/STM32F407ZGT6.dir/Core/Src/usart.c.obj
 .ARM.attributes
                0x00000292       0x34 CMakeFiles/STM32F407ZGT6.dir/Core/Src/stm32f4xx_it.c.obj
 .ARM.attributes
                0x000002c6       0x34 CMakeFiles/STM32F407ZGT6.dir/Core/Src/stm32f4xx_hal_msp.c.obj
 .ARM.attributes
                0x000002fa       0x34 CMakeFiles/STM32F407ZGT6.dir/Core/Src/sysmem.c.obj
 .ARM.attributes
                0x0000032e       0x34 CMakeFiles/STM32F407ZGT6.dir/Core/Src/syscalls.c.obj
 .ARM.attributes
                0x00000362       0x21 CMakeFiles/STM32F407ZGT6.dir/startup_stm32f407xx.s.obj
 .ARM.attributes
                0x00000383       0x34 mini_tree/libmini_tree.a(board_driver.c.obj)
 .ARM.attributes
                0x000003b7       0x34 mini_tree/libmini_tree.a(board_probe.c.obj)
 .ARM.attributes
                0x000003eb       0x34 mini_tree/libmini_tree.a(production_log.c.obj)
 .ARM.attributes
                0x0000041f       0x34 mini_tree/libmini_tree.a(system_init.cpp.obj)
 .ARM.attributes
                0x00000453       0x34 mini_tree/libmini_tree.a(system_scrubber.cpp.obj)
 .ARM.attributes
                0x00000487       0x34 mini_tree/libmini_tree.a(system_wdt.cpp.obj)
 .ARM.attributes
                0x000004bb       0x34 mini_tree/libmini_tree.a(safe_state.c.obj)
 .ARM.attributes
                0x000004ef       0x34 mini_tree/libmini_tree.a(osal_null.c.obj)
 .ARM.attributes
                0x00000523       0x34 mini_tree/libmini_tree.a(hal_stm32f407.c.obj)
 .ARM.attributes
                0x00000557       0x34 mini_tree/libmini_tree.a(board_device.c.obj)
 .ARM.attributes
                0x0000058b       0x34 mini_tree/libmini_tree.a(dev_lifecycle.c.obj)
 .ARM.attributes
                0x000005bf       0x34 mini_tree/libmini_tree.a(board_devtable.c.obj)
 .ARM.attributes
                0x000005f3       0x34 mini_tree/libmini_tree.a(event_bus.c.obj)
 .ARM.attributes
                0x00000627       0x34 mini_tree/libmini_tree.a(printf_output.c.obj)
 .ARM.attributes
                0x0000065b       0x22 C:/ST/STM32CubeCLT_1.20.0/GNU-tools-for-STM32/bin/../lib/gcc/arm-none-eabi/13.3.1/thumb/v7e-m+fp/hard\libgcc.a(_aeabi_uldivmod.o)
 .ARM.attributes
                0x0000067d       0x34 C:/ST/STM32CubeCLT_1.20.0/GNU-tools-for-STM32/bin/../lib/gcc/arm-none-eabi/13.3.1/thumb/v7e-m+fp/hard\libgcc.a(_udivmoddi4.o)
 .ARM.attributes
                0x000006b1       0x22 C:/ST/STM32CubeCLT_1.20.0/GNU-tools-for-STM32/bin/../lib/gcc/arm-none-eabi/13.3.1/thumb/v7e-m+fp/hard\libgcc.a(_dvmd_tls.o)
 .ARM.attributes
                0x000006d3       0x34 C:/ST/STM32CubeCLT_1.20.0/GNU-tools-for-STM32/bin/../lib/gcc/arm-none-eabi/13.3.1/../../../../arm-none-eabi/lib/thumb/v7e-m+fp/hard\libg_nano.a(libc_a-calloc.o)
 .ARM.attributes
                0x00000707       0x34 C:/ST/STM32CubeCLT_1.20.0/GNU-tools-for-STM32/bin/../lib/gcc/arm-none-eabi/13.3.1/../../../../arm-none-eabi/lib/thumb/v7e-m+fp/hard\libg_nano.a(libc_a-callocr.o)
 .ARM.attributes
                0x0000073b       0x34 C:/ST/STM32CubeCLT_1.20.0/GNU-tools-for-STM32/bin/../lib/gcc/arm-none-eabi/13.3.1/../../../../arm-none-eabi/lib/thumb/v7e-m+fp/hard\libg_nano.a(libc_a-malloc.o)
 .ARM.attributes
                0x0000076f       0x34 C:/ST/STM32CubeCLT_1.20.0/GNU-tools-for-STM32/bin/../lib/gcc/arm-none-eabi/13.3.1/../../../../arm-none-eabi/lib/thumb/v7e-m+fp/hard\libg_nano.a(libc_a-mallocr.o)
 .ARM.attributes
                0x000007a3       0x34 C:/ST/STM32CubeCLT_1.20.0/GNU-tools-for-STM32/bin/../lib/gcc/arm-none-eabi/13.3.1/../../../../arm-none-eabi/lib/thumb/v7e-m+fp/hard\libg_nano.a(libc_a-mlock.o)
 .ARM.attributes
                0x000007d7       0x34 C:/ST/STM32CubeCLT_1.20.0/GNU-tools-for-STM32/bin/../lib/gcc/arm-none-eabi/13.3.1/../../../../arm-none-eabi/lib/thumb/v7e-m+fp/hard\libg_nano.a(libc_a-findfp.o)
 .ARM.attributes
                0x0000080b       0x34 C:/ST/STM32CubeCLT_1.20.0/GNU-tools-for-STM32/bin/../lib/gcc/arm-none-eabi/13.3.1/../../../../arm-none-eabi/lib/thumb/v7e-m+fp/hard\libg_nano.a(libc_a-fwalk.o)
 .ARM.attributes
                0x0000083f       0x34 C:/ST/STM32CubeCLT_1.20.0/GNU-tools-for-STM32/bin/../lib/gcc/arm-none-eabi/13.3.1/../../../../arm-none-eabi/lib/thumb/v7e-m+fp/hard\libg_nano.a(libc_a-stdio.o)
 .ARM.attributes
                0x00000873       0x34 C:/ST/STM32CubeCLT_1.20.0/GNU-tools-for-STM32/bin/../lib/gcc/arm-none-eabi/13.3.1/../../../../arm-none-eabi/lib/thumb/v7e-m+fp/hard\libg_nano.a(libc_a-vprintf.o)
 .ARM.attributes
                0x000008a7       0x34 C:/ST/STM32CubeCLT_1.20.0/GNU-tools-for-STM32/bin/../lib/gcc/arm-none-eabi/13.3.1/../../../../arm-none-eabi/lib/thumb/v7e-m+fp/hard\libg_nano.a(libc_a-memset.o)
 .ARM.attributes
                0x000008db       0x34 C:/ST/STM32CubeCLT_1.20.0/GNU-tools-for-STM32/bin/../lib/gcc/arm-none-eabi/13.3.1/../../../../arm-none-eabi/lib/thumb/v7e-m+fp/hard\libg_nano.a(libc_a-closer.o)
 .ARM.attributes
                0x0000090f       0x34 C:/ST/STM32CubeCLT_1.20.0/GNU-tools-for-STM32/bin/../lib/gcc/arm-none-eabi/13.3.1/../../../../arm-none-eabi/lib/thumb/v7e-m+fp/hard\libg_nano.a(libc_a-reent.o)
 .ARM.attributes
                0x00000943       0x34 C:/ST/STM32CubeCLT_1.20.0/GNU-tools-for-STM32/bin/../lib/gcc/arm-none-eabi/13.3.1/../../../../arm-none-eabi/lib/thumb/v7e-m+fp/hard\libg_nano.a(libc_a-impure.o)
 .ARM.attributes
                0x00000977       0x34 C:/ST/STM32CubeCLT_1.20.0/GNU-tools-for-STM32/bin/../lib/gcc/arm-none-eabi/13.3.1/../../../../arm-none-eabi/lib/thumb/v7e-m+fp/hard\libg_nano.a(libc_a-lseekr.o)
 .ARM.attributes
                0x000009ab       0x34 C:/ST/STM32CubeCLT_1.20.0/GNU-tools-for-STM32/bin/../lib/gcc/arm-none-eabi/13.3.1/../../../../arm-none-eabi/lib/thumb/v7e-m+fp/hard\libg_nano.a(libc_a-readr.o)
 .ARM.attributes
                0x000009df       0x34 C:/ST/STM32CubeCLT_1.20.0/GNU-tools-for-STM32/bin/../lib/gcc/arm-none-eabi/13.3.1/../../../../arm-none-eabi/lib/thumb/v7e-m+fp/hard\libg_nano.a(libc_a-sbrkr.o)
 .ARM.attributes
                0x00000a13       0x34 C:/ST/STM32CubeCLT_1.20.0/GNU-tools-for-STM32/bin/../lib/gcc/arm-none-eabi/13.3.1/../../../../arm-none-eabi/lib/thumb/v7e-m+fp/hard\libg_nano.a(libc_a-writer.o)
 .ARM.attributes
                0x00000a47       0x34 C:/ST/STM32CubeCLT_1.20.0/GNU-tools-for-STM32/bin/../lib/gcc/arm-none-eabi/13.3.1/../../../../arm-none-eabi/lib/thumb/v7e-m+fp/hard\libg_nano.a(libc_a-errno.o)
 .ARM.attributes
                0x00000a7b       0x34 C:/ST/STM32CubeCLT_1.20.0/GNU-tools-for-STM32/bin/../lib/gcc/arm-none-eabi/13.3.1/../../../../arm-none-eabi/lib/thumb/v7e-m+fp/hard\libg_nano.a(libc_a-init.o)
 .ARM.attributes
                0x00000aaf       0x34 C:/ST/STM32CubeCLT_1.20.0/GNU-tools-for-STM32/bin/../lib/gcc/arm-none-eabi/13.3.1/../../../../arm-none-eabi/lib/thumb/v7e-m+fp/hard\libg_nano.a(libc_a-lock.o)
 .ARM.attributes
                0x00000ae3       0x34 C:/ST/STM32CubeCLT_1.20.0/GNU-tools-for-STM32/bin/../lib/gcc/arm-none-eabi/13.3.1/../../../../arm-none-eabi/lib/thumb/v7e-m+fp/hard\libg_nano.a(libc_a-memcpy-stub.o)
 .ARM.attributes
                0x00000b17       0x34 C:/ST/STM32CubeCLT_1.20.0/GNU-tools-for-STM32/bin/../lib/gcc/arm-none-eabi/13.3.1/../../../../arm-none-eabi/lib/thumb/v7e-m+fp/hard\libg_nano.a(libc_a-freer.o)
 .ARM.attributes
                0x00000b4b       0x34 C:/ST/STM32CubeCLT_1.20.0/GNU-tools-for-STM32/bin/../lib/gcc/arm-none-eabi/13.3.1/../../../../arm-none-eabi/lib/thumb/v7e-m+fp/hard\libg_nano.a(libc_a-nano-vfprintf.o)
 .ARM.attributes
                0x00000b7f       0x34 C:/ST/STM32CubeCLT_1.20.0/GNU-tools-for-STM32/bin/../lib/gcc/arm-none-eabi/13.3.1/../../../../arm-none-eabi/lib/thumb/v7e-m+fp/hard\libg_nano.a(libc_a-nano-vfprintf_i.o)
 .ARM.attributes
                0x00000bb3       0x34 C:/ST/STM32CubeCLT_1.20.0/GNU-tools-for-STM32/bin/../lib/gcc/arm-none-eabi/13.3.1/../../../../arm-none-eabi/lib/thumb/v7e-m+fp/hard\libg_nano.a(libc_a-fflush.o)
 .ARM.attributes
                0x00000be7       0x34 C:/ST/STM32CubeCLT_1.20.0/GNU-tools-for-STM32/bin/../lib/gcc/arm-none-eabi/13.3.1/../../../../arm-none-eabi/lib/thumb/v7e-m+fp/hard\libg_nano.a(libc_a-wbuf.o)
 .ARM.attributes
                0x00000c1b       0x34 C:/ST/STM32CubeCLT_1.20.0/GNU-tools-for-STM32/bin/../lib/gcc/arm-none-eabi/13.3.1/../../../../arm-none-eabi/lib/thumb/v7e-m+fp/hard\libg_nano.a(libc_a-wsetup.o)
 .ARM.attributes
                0x00000c4f       0x1c C:/ST/STM32CubeCLT_1.20.0/GNU-tools-for-STM32/bin/../lib/gcc/arm-none-eabi/13.3.1/../../../../arm-none-eabi/lib/thumb/v7e-m+fp/hard\libg_nano.a(libc_a-memchr.o)
 .ARM.attributes
                0x00000c6b       0x34 C:/ST/STM32CubeCLT_1.20.0/GNU-tools-for-STM32/bin/../lib/gcc/arm-none-eabi/13.3.1/../../../../arm-none-eabi/lib/thumb/v7e-m+fp/hard\libg_nano.a(libc_a-makebuf.o)
 .ARM.attributes
                0x00000c9f       0x34 C:/ST/STM32CubeCLT_1.20.0/GNU-tools-for-STM32/bin/../lib/gcc/arm-none-eabi/13.3.1/../../../../arm-none-eabi/lib/thumb/v7e-m+fp/hard\libg_nano.a(libc_a-fstatr.o)
 .ARM.attributes
                0x00000cd3       0x34 C:/ST/STM32CubeCLT_1.20.0/GNU-tools-for-STM32/bin/../lib/gcc/arm-none-eabi/13.3.1/../../../../arm-none-eabi/lib/thumb/v7e-m+fp/hard\libg_nano.a(libc_a-isattyr.o)
 .ARM.attributes
                0x00000d07       0x22 C:/ST/STM32CubeCLT_1.20.0/GNU-tools-for-STM32/bin/../lib/gcc/arm-none-eabi/13.3.1/thumb/v7e-m+fp/hard/crtn.o

.comment        0x00000000       0x43
 .comment       0x00000000       0x43 cmake/stm32cubemx/CMakeFiles/STM32_Drivers.dir/__/__/Core/Src/system_stm32f4xx.c.obj
                                 0x44 (size before relaxing)
 .comment       0x00000043        0x0 cmake/stm32cubemx/CMakeFiles/STM32_Drivers.dir/__/__/Drivers/STM32F4xx_HAL_Driver/Src/stm32f4xx_ll_gpio.c.obj
                                 0x44 (size before relaxing)
 .comment       0x00000043        0x0 cmake/stm32cubemx/CMakeFiles/STM32_Drivers.dir/__/__/Drivers/STM32F4xx_HAL_Driver/Src/stm32f4xx_hal_rcc.c.obj
                                 0x44 (size before relaxing)
 .comment       0x00000043        0x0 cmake/stm32cubemx/CMakeFiles/STM32_Drivers.dir/__/__/Drivers/STM32F4xx_HAL_Driver/Src/stm32f4xx_hal_cortex.c.obj
                                 0x44 (size before relaxing)
 .comment       0x00000043        0x0 cmake/stm32cubemx/CMakeFiles/STM32_Drivers.dir/__/__/Drivers/STM32F4xx_HAL_Driver/Src/stm32f4xx_hal.c.obj
                                 0x44 (size before relaxing)
 .comment       0x00000043        0x0 cmake/stm32cubemx/CMakeFiles/STM32_Drivers.dir/__/__/Drivers/STM32F4xx_HAL_Driver/Src/stm32f4xx_ll_rcc.c.obj
                                 0x44 (size before relaxing)
 .comment       0x00000043        0x0 cmake/stm32cubemx/CMakeFiles/STM32_Drivers.dir/__/__/Drivers/STM32F4xx_HAL_Driver/Src/stm32f4xx_ll_spi.c.obj
                                 0x44 (size before relaxing)
 .comment       0x00000043        0x0 cmake/stm32cubemx/CMakeFiles/STM32_Drivers.dir/__/__/Drivers/STM32F4xx_HAL_Driver/Src/stm32f4xx_ll_usart.c.obj
                                 0x44 (size before relaxing)
 .comment       0x00000043        0x0 CMakeFiles/STM32F407ZGT6.dir/app/src/main.cpp.obj
                                 0x44 (size before relaxing)
 .comment       0x00000043        0x0 CMakeFiles/STM32F407ZGT6.dir/Core/Src/spi.c.obj
                                 0x44 (size before relaxing)
 .comment       0x00000043        0x0 CMakeFiles/STM32F407ZGT6.dir/Core/Src/usart.c.obj
                                 0x44 (size before relaxing)
 .comment       0x00000043        0x0 CMakeFiles/STM32F407ZGT6.dir/Core/Src/stm32f4xx_it.c.obj
                                 0x44 (size before relaxing)
 .comment       0x00000043        0x0 CMakeFiles/STM32F407ZGT6.dir/Core/Src/stm32f4xx_hal_msp.c.obj
                                 0x44 (size before relaxing)
 .comment       0x00000043        0x0 CMakeFiles/STM32F407ZGT6.dir/Core/Src/sysmem.c.obj
                                 0x44 (size before relaxing)
 .comment       0x00000043        0x0 CMakeFiles/STM32F407ZGT6.dir/Core/Src/syscalls.c.obj
                                 0x44 (size before relaxing)
 .comment       0x00000043        0x0 mini_tree/libmini_tree.a(board_driver.c.obj)
                                 0x44 (size before relaxing)
 .comment       0x00000043        0x0 mini_tree/libmini_tree.a(board_probe.c.obj)
                                 0x44 (size before relaxing)
 .comment       0x00000043        0x0 mini_tree/libmini_tree.a(production_log.c.obj)
                                 0x44 (size before relaxing)
 .comment       0x00000043        0x0 mini_tree/libmini_tree.a(system_init.cpp.obj)
                                 0x44 (size before relaxing)
 .comment       0x00000043        0x0 mini_tree/libmini_tree.a(system_scrubber.cpp.obj)
                                 0x44 (size before relaxing)
 .comment       0x00000043        0x0 mini_tree/libmini_tree.a(system_wdt.cpp.obj)
                                 0x44 (size before relaxing)
 .comment       0x00000043        0x0 mini_tree/libmini_tree.a(safe_state.c.obj)
                                 0x44 (size before relaxing)
 .comment       0x00000043        0x0 mini_tree/libmini_tree.a(osal_null.c.obj)
                                 0x44 (size before relaxing)
 .comment       0x00000043        0x0 mini_tree/libmini_tree.a(hal_stm32f407.c.obj)
                                 0x44 (size before relaxing)
 .comment       0x00000043        0x0 mini_tree/libmini_tree.a(board_device.c.obj)
                                 0x44 (size before relaxing)
 .comment       0x00000043        0x0 mini_tree/libmini_tree.a(dev_lifecycle.c.obj)
                                 0x44 (size before relaxing)
 .comment       0x00000043        0x0 mini_tree/libmini_tree.a(board_devtable.c.obj)
                                 0x44 (size before relaxing)
 .comment       0x00000043        0x0 mini_tree/libmini_tree.a(event_bus.c.obj)
                                 0x44 (size before relaxing)
 .comment       0x00000043        0x0 mini_tree/libmini_tree.a(printf_output.c.obj)
                                 0x44 (size before relaxing)
 .comment       0x00000043        0x0 C:/ST/STM32CubeCLT_1.20.0/GNU-tools-for-STM32/bin/../lib/gcc/arm-none-eabi/13.3.1/../../../../arm-none-eabi/lib/thumb/v7e-m+fp/hard\libg_nano.a(libc_a-calloc.o)
                                 0x44 (size before relaxing)
 .comment       0x00000043        0x0 C:/ST/STM32CubeCLT_1.20.0/GNU-tools-for-STM32/bin/../lib/gcc/arm-none-eabi/13.3.1/../../../../arm-none-eabi/lib/thumb/v7e-m+fp/hard\libg_nano.a(libc_a-callocr.o)
                                 0x44 (size before relaxing)
 .comment       0x00000043        0x0 C:/ST/STM32CubeCLT_1.20.0/GNU-tools-for-STM32/bin/../lib/gcc/arm-none-eabi/13.3.1/../../../../arm-none-eabi/lib/thumb/v7e-m+fp/hard\libg_nano.a(libc_a-malloc.o)
                                 0x44 (size before relaxing)
 .comment       0x00000043        0x0 C:/ST/STM32CubeCLT_1.20.0/GNU-tools-for-STM32/bin/../lib/gcc/arm-none-eabi/13.3.1/../../../../arm-none-eabi/lib/thumb/v7e-m+fp/hard\libg_nano.a(libc_a-mallocr.o)
                                 0x44 (size before relaxing)
 .comment       0x00000043        0x0 C:/ST/STM32CubeCLT_1.20.0/GNU-tools-for-STM32/bin/../lib/gcc/arm-none-eabi/13.3.1/../../../../arm-none-eabi/lib/thumb/v7e-m+fp/hard\libg_nano.a(libc_a-mlock.o)
                                 0x44 (size before relaxing)
 .comment       0x00000043        0x0 C:/ST/STM32CubeCLT_1.20.0/GNU-tools-for-STM32/bin/../lib/gcc/arm-none-eabi/13.3.1/../../../../arm-none-eabi/lib/thumb/v7e-m+fp/hard\libg_nano.a(libc_a-findfp.o)
                                 0x44 (size before relaxing)