Archive member included to satisfy reference by file (symbol)

mini_tree/libmini_tree.a(board_driver.c.obj)
                              CMakeFiles/STM32F407ZGT6.dir/app/src/main.cpp.obj (board_register_all_drivers)
mini_tree/libmini_tree.a(board_probe.c.obj)
                              mini_tree/libmini_tree.a(board_driver.c.obj) (board_probe_get_fn)
mini_tree/libmini_tree.a(production_log.c.obj)
                              mini_tree/libmini_tree.a(board_driver.c.obj) (production_log_push_fmt)
mini_tree/libmini_tree.a(system_init.cpp.obj)
                              CMakeFiles/STM32F407ZGT6.dir/app/src/main.cpp.obj (system_init_complete)
mini_tree/libmini_tree.a(system_scrubber.cpp.obj)
                              mini_tree/libmini_tree.a(system_init.cpp.obj) (system_scrubber_init)
mini_tree/libmini_tree.a(system_wdt.cpp.obj)
                              mini_tree/libmini_tree.a(system_init.cpp.obj) (system_wdt_init_rtc)
mini_tree/libmini_tree.a(safe_state.c.obj)
                              mini_tree/libmini_tree.a(system_init.cpp.obj) (safe_state_check_bootloop)
mini_tree/libmini_tree.a(osal_null.c.obj)
                              mini_tree/libmini_tree.a(system_scrubber.cpp.obj) (osal_task_create_handle)
mini_tree/libmini_tree.a(hal_stm32f407.c.obj)
                              mini_tree/libmini_tree.a(system_wdt.cpp.obj) (hal_wdt_init_rtc)
mini_tree/libmini_tree.a(board_device.c.obj)
                              mini_tree/libmini_tree.a(system_init.cpp.obj) (device_tree_init)
mini_tree/libmini_tree.a(board_dma.c.obj)
                              mini_tree/libmini_tree.a(board_device.c.obj) (board_dma_register_channels)
mini_tree/libmini_tree.a(dev_lifecycle.c.obj)
                              mini_tree/libmini_tree.a(board_device.c.obj) (dev_lc_init)
mini_tree/libmini_tree.a(board_devtable.c.obj)
                              mini_tree/libmini_tree.a(board_device.c.obj) (board_node_get)
mini_tree/libmini_tree.a(event_bus.c.obj)
                              mini_tree/libmini_tree.a(system_init.cpp.obj) (event_bus_init)
mini_tree/libmini_tree.a(printf_output.c.obj)
                              mini_tree/libmini_tree.a(osal_null.c.obj) (my_printf_output)
mini_tree/libmini_tree.a(hal_dma_stm32.c.obj)
                              mini_tree/libmini_tree.a(board_dma.c.obj) (hal_dma_stm32_register_from_props)
C:/ST/STM32CubeCLT_1.20.0/GNU-tools-for-STM32/bin/../lib/gcc/arm-none-eabi/13.3.1/thumb/v7e-m+fp/hard\libgcc.a(_aeabi_uldivmod.o)
                              cmake/stm32cubemx/CMakeFiles/STM32_Drivers.dir/__/__/Drivers/STM32F4xx_HAL_Driver/Src/stm32f4xx_hal_rcc.c.obj (__aeabi_uldivmod)
C:/ST/STM32CubeCLT_1.20.0/GNU-tools-for-STM32/bin/../lib/gcc/arm-none-eabi/13.3.1/thumb/v7e-m+fp/hard\libgcc.a(_udivmoddi4.o)
                              C:/ST/STM32CubeCLT_1.20.0/GNU-tools-for-STM32/bin/../lib/gcc/arm-none-eabi/13.3.1/thumb/v7e-m+fp/hard\libgcc.a(_aeabi_uldivmod.o) (__udivmoddi4)
C:/ST/STM32CubeCLT_1.20.0/GNU-tools-for-STM32/bin/../lib/gcc/arm-none-eabi/13.3.1/thumb/v7e-m+fp/hard\libgcc.a(_dvmd_tls.o)
                              C:/ST/STM32CubeCLT_1.20.0/GNU-tools-for-STM32/bin/../lib/gcc/arm-none-eabi/13.3.1/thumb/v7e-m+fp/hard\libgcc.a(_aeabi_uldivmod.o) (__aeabi_ldiv0)
C:/ST/STM32CubeCLT_1.20.0/GNU-tools-for-STM32/bin/../lib/gcc/arm-none-eabi/13.3.1/../../../../arm-none-eabi/lib/thumb/v7e-m+fp/hard\libg_nano.a(libc_a-calloc.o)
                              mini_tree/libmini_tree.a(osal_null.c.obj) (calloc)
C:/ST/STM32CubeCLT_1.20.0/GNU-tools-for-STM32/bin/../lib/gcc/arm-none-eabi/13.3.1/../../../../arm-none-eabi/lib/thumb/v7e-m+fp/hard\libg_nano.a(libc_a-callocr.o)
                              C:/ST/STM32CubeCLT_1.20.0/GNU-tools-for-STM32/bin/../lib/gcc/arm-none-eabi/13.3.1/../../../../arm-none-eabi/lib/thumb/v7e-m+fp/hard\libg_nano.a(libc_a-calloc.o) (_calloc_r)
C:/ST/STM32CubeCLT_1.20.0/GNU-tools-for-STM32/bin/../lib/gcc/arm-none-eabi/13.3.1/../../../../arm-none-eabi/lib/thumb/v7e-m+fp/hard\libg_nano.a(libc_a-exit.o)
                              C:/ST/STM32CubeCLT_1.20.0/GNU-tools-for-STM32/bin/../lib/gcc/arm-none-eabi/13.3.1/../../../../arm-none-eabi/lib/thumb/v7e-m+fp/hard/crt0.o (exit)
C:/ST/STM32CubeCLT_1.20.0/GNU-tools-for-STM32/bin/../lib/gcc/arm-none-eabi/13.3.1/../../../../arm-none-eabi/lib/thumb/v7e-m+fp/hard\libg_nano.a(libc_a-malloc.o)
                              mini_tree/libmini_tree.a(osal_null.c.obj) (free)
C:/ST/STM32CubeCLT_1.20.0/GNU-tools-for-STM32/bin/../lib/gcc/arm-none-eabi/13.3.1/../../../../arm-none-eabi/lib/thumb/v7e-m+fp/hard\libg_nano.a(libc_a-mallocr.o)
                              C:/ST/STM32CubeCLT_1.20.0/GNU-tools-for-STM32/bin/../lib/gcc/arm-none-eabi/13.3.1/../../../../arm-none-eabi/lib/thumb/v7e-m+fp/hard\libg_nano.a(libc_a-callocr.o) (_malloc_r)
C:/ST/STM32CubeCLT_1.20.0/GNU-tools-for-STM32/bin/../lib/gcc/arm-none-eabi/13.3.1/../../../../arm-none-eabi/lib/thumb/v7e-m+fp/hard\libg_nano.a(libc_a-mlock.o)
[...]
Memory Configuration

Name             Origin             Length             Attributes
RAM              0x20000000         0x00020000         xrw
CCMRAM           0x10000000         0x00010000         xrw
FLASH            0x08000000         0x00100000         xr
*default*        0x00000000         0xffffffff

Linker script and memory map

LOAD C:/ST/STM32CubeCLT_1.20.0/GNU-tools-for-STM32/bin/../lib/gcc/arm-none-eabi/13.3.1/thumb/v7e-m+fp/hard/crti.o
LOAD C:/ST/STM32CubeCLT_1.20.0/GNU-tools-for-STM32/bin/../lib/gcc/arm-none-eabi/13.3.1/thumb/v7e-m+fp/hard/crtbegin.o
LOAD C:/ST/STM32CubeCLT_1.20.0/GNU-tools-for-STM32/bin/../lib/gcc/arm-none-eabi/13.3.1/../../../../arm-none-eabi/lib/thumb/v7e-m+fp/hard/crt0.o
LOAD cmake/stm32cubemx/CMakeFiles/STM32_Drivers.dir/__/__/Core/Src/system_stm32f4xx.c.obj
LOAD cmake/stm32cubemx/CMakeFiles/STM32_Drivers.dir/__/__/Drivers/STM32F4xx_HAL_Driver/Src/stm32f4xx_ll_gpio.c.obj
LOAD cmake/stm32cubemx/CMakeFiles/STM32_Drivers.dir/__/__/Drivers/STM32F4xx_HAL_Driver/Src/stm32f4xx_ll_adc.c.obj
LOAD cmake/stm32cubemx/CMakeFiles/STM32_Drivers.dir/__/__/Drivers/STM32F4xx_HAL_Driver/Src/stm32f4xx_ll_dma.c.obj
LOAD cmake/stm32cubemx/CMakeFiles/STM32_Drivers.dir/__/__/Drivers/STM32F4xx_HAL_Driver/Src/stm32f4xx_hal_rcc.c.obj
LOAD cmake/stm32cubemx/CMakeFiles/STM32_Drivers.dir/__/__/Drivers/STM32F4xx_HAL_Driver/Src/stm32f4xx_hal_rcc_ex.c.obj
LOAD cmake/stm32cubemx/CMakeFiles/STM32_Drivers.dir/__/__/Drivers/STM32F4xx_HAL_Driver/Src/stm32f4xx_hal_flash.c.obj
LOAD cmake/stm32cubemx/CMakeFiles/STM32_Drivers.dir/__/__/Drivers/STM32F4xx_HAL_Driver/Src/stm32f4xx_hal_flash_ex.c.obj
LOAD cmake/stm32cubemx/CMakeFiles/STM32_Drivers.dir/__/__/Drivers/STM32F4xx_HAL_Driver/Src/stm32f4xx_hal_flash_ramfunc.c.obj
LOAD cmake/stm32cubemx/CMakeFiles/STM32_Drivers.dir/__/__/Drivers/STM32F4xx_HAL_Driver/Src/stm32f4xx_hal_gpio.c.obj
LOAD cmake/stm32cubemx/CMakeFiles/STM32_Drivers.dir/__/__/Drivers/STM32F4xx_HAL_Driver/Src/stm32f4xx_hal_dma_ex.c.obj
LOAD cmake/stm32cubemx/CMakeFiles/STM32_Drivers.dir/__/__/Drivers/STM32F4xx_HAL_Driver/Src/stm32f4xx_hal_dma.c.obj
LOAD cmake/stm32cubemx/CMakeFiles/STM32_Drivers.dir/__/__/Drivers/STM32F4xx_HAL_Driver/Src/stm32f4xx_hal_pwr.c.obj
LOAD cmake/stm32cubemx/CMakeFiles/STM32_Drivers.dir/__/__/Drivers/STM32F4xx_HAL_Driver/Src/stm32f4xx_hal_pwr_ex.c.obj
LOAD cmake/stm32cubemx/CMakeFiles/STM32_Drivers.dir/__/__/Drivers/STM32F4xx_HAL_Driver/Src/stm32f4xx_hal_cortex.c.obj
LOAD cmake/stm32cubemx/CMakeFiles/STM32_Drivers.dir/__/__/Drivers/STM32F4xx_HAL_Driver/Src/stm32f4xx_hal.c.obj
LOAD cmake/stm32cubemx/CMakeFiles/STM32_Drivers.dir/__/__/Drivers/STM32F4xx_HAL_Driver/Src/stm32f4xx_hal_exti.c.obj
LOAD cmake/stm32cubemx/CMakeFiles/STM32_Drivers.dir/__/__/Drivers/STM32F4xx_HAL_Driver/Src/stm32f4xx_ll_rcc.c.obj
LOAD cmake/stm32cubemx/CMakeFiles/STM32_Drivers.dir/__/__/Drivers/STM32F4xx_HAL_Driver/Src/stm32f4xx_ll_utils.c.obj
LOAD cmake/stm32cubemx/CMakeFiles/STM32_Drivers.dir/__/__/Drivers/STM32F4xx_HAL_Driver/Src/stm32f4xx_ll_exti.c.obj
LOAD cmake/stm32cubemx/CMakeFiles/STM32_Drivers.dir/__/__/Drivers/STM32F4xx_HAL_Driver/Src/stm32f4xx_hal_can.c.obj
LOAD cmake/stm32cubemx/CMakeFiles/STM32_Drivers.dir/__/__/Drivers/STM32F4xx_HAL_Driver/Src/stm32f4xx_ll_i2c.c.obj
LOAD cmake/stm32cubemx/CMakeFiles/STM32_Drivers.dir/__/__/Drivers/STM32F4xx_HAL_Driver/Src/stm32f4xx_ll_rtc.c.obj
LOAD cmake/stm32cubemx/CMakeFiles/STM32_Drivers.dir/__/__/Drivers/STM32F4xx_HAL_Driver/Src/stm32f4xx_ll_spi.c.obj
LOAD cmake/stm32cubemx/CMakeFiles/STM32_Drivers.dir/__/__/Drivers/STM32F4xx_HAL_Driver/Src/stm32f4xx_ll_tim.c.obj
LOAD cmake/stm32cubemx/CMakeFiles/STM32_Drivers.dir/__/__/Drivers/STM32F4xx_HAL_Driver/Src/stm32f4xx_ll_usart.c.obj
LOAD CMakeFiles/STM32F407ZGT6.dir/app/src/main.cpp.obj
LOAD CMakeFiles/STM32F407ZGT6.dir/Core/Src/gpio.c.obj
LOAD CMakeFiles/STM32F407ZGT6.dir/Core/Src/adc.c.obj
LOAD CMakeFiles/STM32F407ZGT6.dir/Core/Src/can.c.obj
LOAD CMakeFiles/STM32F407ZGT6.dir/Core/Src/i2c.c.obj
LOAD CMakeFiles/STM32F407ZGT6.dir/Core/Src/rtc.c.obj
LOAD CMakeFiles/STM32F407ZGT6.dir/Core/Src/spi.c.obj
LOAD CMakeFiles/STM32F407ZGT6.dir/Core/Src/tim.c.obj
LOAD CMakeFiles/STM32F407ZGT6.dir/Core/Src/usart.c.obj
LOAD CMakeFiles/STM32F407ZGT6.dir/Core/Src/stm32f4xx_it.c.obj
LOAD CMakeFiles/STM32F407ZGT6.dir/Core/Src/stm32f4xx_hal_msp.c.obj
LOAD CMakeFiles/STM32F407ZGT6.dir/Core/Src/sysmem.c.obj
LOAD CMakeFiles/STM32F407ZGT6.dir/Core/Src/syscalls.c.obj
LOAD CMakeFiles/STM32F407ZGT6.dir/startup_stm32f407xx.s.obj
LOAD mini_tree/libmini_tree.a
LOAD C:/ST/STM32CubeCLT_1.20.0/GNU-tools-for-STM32/bin/../lib/gcc/arm-none-eabi/13.3.1/../../../../arm-none-eabi/lib/thumb/v7e-m+fp/hard\libstdc++_nano.a
LOAD C:/ST/STM32CubeCLT_1.20.0/GNU-tools-for-STM32/bin/../lib/gcc/arm-none-eabi/13.3.1/../../../../arm-none-eabi/lib/thumb/v7e-m+fp/hard\libm.a
START GROUP
LOAD C:/ST/STM32CubeCLT_1.20.0/GNU-tools-for-STM32/bin/../lib/gcc/arm-none-eabi/13.3.1/thumb/v7e-m+fp/hard\libgcc.a
LOAD C:/ST/STM32CubeCLT_1.20.0/GNU-tools-for-STM32/bin/../lib/gcc/arm-none-eabi/13.3.1/../../../../arm-none-eabi/lib/thumb/v7e-m+fp/hard\libg_nano.a
LOAD C:/ST/STM32CubeCLT_1.20.0/GNU-tools-for-STM32/bin/../lib/gcc/arm-none-eabi/13.3.1/../../../../arm-none-eabi/lib/thumb/v7e-m+fp/hard\libc_nano.a
END GROUP
START GROUP
LOAD C:/ST/STM32CubeCLT_1.20.0/GNU-tools-for-STM32/bin/../lib/gcc/arm-none-eabi/13.3.1/thumb/v7e-m+fp/hard\libgcc.a
LOAD C:/ST/STM32CubeCLT_1.20.0/GNU-tools-for-STM32/bin/../lib/gcc/arm-none-eabi/13.3.1/../../../../arm-none-eabi/lib/thumb/v7e-m+fp/hard\libc_nano.a
END GROUP
LOAD C:/ST/STM32CubeCLT_1.20.0/GNU-tools-for-STM32/bin/../lib/gcc/arm-none-eabi/13.3.1/thumb/v7e-m+fp/hard/crtend.o
LOAD C:/ST/STM32CubeCLT_1.20.0/GNU-tools-for-STM32/bin/../lib/gcc/arm-none-eabi/13.3.1/thumb/v7e-m+fp/hard/crtn.o
                0x20020000                        _estack = (ORIGIN (RAM) + LENGTH (RAM))
                0x00000200                        _Min_Heap_Size = 0x200
                0x00001000                        _Min_Stack_Size = 0x1000

.isr_vector     0x08000000      0x188
                0x08000000                        . = ALIGN (0x4)
 *(.isr_vector)
 .isr_vector    0x08000000      0x188 CMakeFiles/STM32F407ZGT6.dir/startup_stm32f407xx.s.obj
                0x08000000                g_pfnVectors
                0x08000188                        . = ALIGN (0x4)

.text           0x08000190     0x5ce0
                0x08000190                        . = ALIGN (0x4)
 *(.text)
 .text          0x08000190       0x40 C:/ST/STM32CubeCLT_1.20.0/GNU-tools-for-STM32/bin/../lib/gcc/arm-none-eabi/13.3.1/thumb/v7e-m+fp/hard/crtbegin.o
 .text          0x080001d0       0x30 C:/ST/STM32CubeCLT_1.20.0/GNU-tools-for-STM32/bin/../lib/gcc/arm-none-eabi/13.3.1/thumb/v7e-m+fp/hard\libgcc.a(_aeabi_uldivmod.o)
                0x080001d0                __aeabi_uldivmod
 .text          0x08000200      0x2f8 C:/ST/STM32CubeCLT_1.20.0/GNU-tools-for-STM32/bin/../lib/gcc/arm-none-eabi/13.3.1/thumb/v7e-m+fp/hard\libgcc.a(_udivmoddi4.o)
                0x08000200                __udivmoddi4
 .text          0x080004f8        0x4 C:/ST/STM32CubeCLT_1.20.0/GNU-tools-for-STM32/bin/../lib/gcc/arm-none-eabi/13.3.1/thumb/v7e-m+fp/hard\libgcc.a(_dvmd_tls.o)
                0x080004f8                __aeabi_idiv0
                0x080004f8                __aeabi_ldiv0
 .text          0x080004fc       0x14 C:/ST/STM32CubeCLT_1.20.0/GNU-tools-for-STM32/bin/../lib/gcc/arm-none-eabi/13.3.1/../../../../arm-none-eabi/lib/thumb/v7e-m+fp/hard\libg_nano.a(libc_a-strcmp.o)
                0x080004fc                strcmp
 .text          0x08000510       0xa0 C:/ST/STM32CubeCLT_1.20.0/GNU-tools-for-STM32/bin/../lib/gcc/arm-none-eabi/13.3.1/../../../../arm-none-eabi/lib/thumb/v7e-m+fp/hard\libg_nano.a(libc_a-memchr.o)
                0x08000510                memchr
 *(.text*)
 .text.SystemInit
                0x080005b0       0x24 cmake/stm32cubemx/CMakeFiles/STM32_Drivers.dir/__/__/Core/Src/system_stm32f4xx.c.obj
                0x080005b0                SystemInit
 .text.LL_GPIO_SetPinMode
                0x080005d4       0x7a cmake/stm32cubemx/CMakeFiles/STM32_Drivers.dir/__/__/Drivers/STM32F4xx_HAL_Driver/Src/stm32f4xx_ll_gpio.c.obj
 .text.LL_GPIO_SetPinOutputType
                0x0800064e       0x30 cmake/stm32cubemx/CMakeFiles/STM32_Drivers.dir/__/__/Drivers/STM32F4xx_HAL_Driver/Src/stm32f4xx_ll_gpio.c.obj
 .text.LL_GPIO_SetPinSpeed
                0x0800067e       0x7a cmake/stm32cubemx/CMakeFiles/STM32_Drivers.dir/__/__/Drivers/STM32F4xx_HAL_Driver/Src/stm32f4xx_ll_gpio.c.obj
 .text.LL_GPIO_SetPinPull
                0x080006f8       0x7a cmake/stm32cubemx/CMakeFiles/STM32_Drivers.dir/__/__/Drivers/STM32F4xx_HAL_Driver/Src/stm32f4xx_ll_gpio.c.obj
 .text.LL_GPIO_SetAFPin_0_7
                0x08000772       0x7a cmake/stm32cubemx/CMakeFiles/STM32_Drivers.dir/__/__/Drivers/STM32F4xx_HAL_Driver/Src/stm32f4xx_ll_gpio.c.obj
 .text.LL_GPIO_SetAFPin_8_15
                0x080007ec       0x7e cmake/stm32cubemx/CMakeFiles/STM32_Drivers.dir/__/__/Drivers/STM32F4xx_HAL_Driver/Src/stm32f4xx_ll_gpio.c.obj
 .text.LL_GPIO_Init
                0x0800086a      0x102 cmake/stm32cubemx/CMakeFiles/STM32_Drivers.dir/__/__/Drivers/STM32F4xx_HAL_Driver/Src/stm32f4xx_ll_gpio.c.obj
                0x0800086a                LL_GPIO_Init
 .text.HAL_RCC_OscConfig
                0x0800096c      0x4f0 cmake/stm32cubemx/CMakeFiles/STM32_Drivers.dir/__/__/Drivers/STM32F4xx_HAL_Driver/Src/stm32f4xx_hal_rcc.c.obj
                0x0800096c                HAL_RCC_OscConfig
 .text.HAL_RCC_ClockConfig
                0x08000e5c      0x1cc cmake/stm32cubemx/CMakeFiles/STM32_Drivers.dir/__/__/Drivers/STM32F4xx_HAL_Driver/Src/stm32f4xx_hal_rcc.c.obj
                0x08000e5c                HAL_RCC_ClockConfig
 .text.HAL_RCC_GetSysClockFreq
                0x08001028      0x18c cmake/stm32cubemx/CMakeFiles/STM32_Drivers.dir/__/__/Drivers/STM32F4xx_HAL_Driver/Src/stm32f4xx_hal_rcc.c.obj
                0x08001028                HAL_RCC_GetSysClockFreq
 .text.HAL_DMA_Init
                0x080011b4      0x15c cmake/stm32cubemx/CMakeFiles/STM32_Drivers.dir/__/__/Drivers/STM32F4xx_HAL_Driver/Src/stm32f4xx_hal_dma.c.obj
                0x080011b4                HAL_DMA_Init
 .text.DMA_CalcBaseAndBitshift
                0x08001310       0x6c cmake/stm32cubemx/CMakeFiles/STM32_Drivers.dir/__/__/Drivers/STM32F4xx_HAL_Driver/Src/stm32f4xx_hal_dma.c.obj
 .text.DMA_CheckFifoParam
                0x0800137c       0xf8 cmake/stm32cubemx/CMakeFiles/STM32_Drivers.dir/__/__/Drivers/STM32F4xx_HAL_Driver/Src/stm32f4xx_hal_dma.c.obj
 .text.__NVIC_SetPriorityGrouping
                0x08001474       0x48 cmake/stm32cubemx/CMakeFiles/STM32_Drivers.dir/__/__/Drivers/STM32F4xx_HAL_Driver/Src/stm32f4xx_hal_cortex.c.obj
 .text.__NVIC_GetPriorityGrouping
                0x080014bc       0x1c cmake/stm32cubemx/CMakeFiles/STM32_Drivers.dir/__/__/Drivers/STM32F4xx_HAL_Driver/Src/stm32f4xx_hal_cortex.c.obj
 .text.__NVIC_SetPriority
                0x080014d8       0x54 cmake/stm32cubemx/CMakeFiles/STM32_Drivers.dir/__/__/Drivers/STM32F4xx_HAL_Driver/Src/stm32f4xx_hal_cortex.c.obj
 .text.NVIC_EncodePriority
                0x0800152c       0x66 cmake/stm32cubemx/CMakeFiles/STM32_Drivers.dir/__/__/Drivers/STM32F4xx_HAL_Driver/Src/stm32f4xx_hal_cortex.c.obj
 *fill*         0x08001592        0x2 
 .text.SysTick_Config
                0x08001594       0x44 cmake/stm32cubemx/CMakeFiles/STM32_Drivers.dir/__/__/Drivers/STM32F4xx_HAL_Driver/Src/stm32f4xx_hal_cortex.c.obj
 .text.HAL_NVIC_SetPriorityGrouping
                0x080015d8       0x16 cmake/stm32cubemx/CMakeFiles/STM32_Drivers.dir/__/__/Drivers/STM32F4xx_HAL_Driver/Src/stm32f4xx_hal_cortex.c.obj
                0x080015d8                HAL_NVIC_SetPriorityGrouping
 .text.HAL_NVIC_SetPriority
                0x080015ee       0x38 cmake/stm32cubemx/CMakeFiles/STM32_Drivers.dir/__/__/Drivers/STM32F4xx_HAL_Driver/Src/stm32f4xx_hal_cortex.c.obj
                0x080015ee                HAL_NVIC_SetPriority
 .text.HAL_SYSTICK_Config
                0x08001626       0x18 cmake/stm32cubemx/CMakeFiles/STM32_Drivers.dir/__/__/Drivers/STM32F4xx_HAL_Driver/Src/stm32f4xx_hal_cortex.c.obj
                0x08001626                HAL_SYSTICK_Config
 *fill*         0x0800163e        0x2 
 .text.HAL_Init
                0x08001640       0x44 cmake/stm32cubemx/CMakeFiles/STM32_Drivers.dir/__/__/Drivers/STM32F4xx_HAL_Driver/Src/stm32f4xx_hal.c.obj
                0x08001640                HAL_Init
 .text.HAL_InitTick
                0x08001684       0x60 cmake/stm32cubemx/CMakeFiles/STM32_Drivers.dir/__/__/Drivers/STM32F4xx_HAL_Driver/Src/stm32f4xx_hal.c.obj
                0x08001684                HAL_InitTick
 .text.HAL_IncTick
                0x080016e4       0x28 cmake/stm32cubemx/CMakeFiles/STM32_Drivers.dir/__/__/Drivers/STM32F4xx_HAL_Driver/Src/stm32f4xx_hal.c.obj
                0x080016e4                HAL_IncTick
 .text.HAL_GetTick
                0x0800170c       0x18 cmake/stm32cubemx/CMakeFiles/STM32_Drivers.dir/__/__/Drivers/STM32F4xx_HAL_Driver/Src/stm32f4xx_hal.c.obj
                0x0800170c                HAL_GetTick
 .text.LL_RCC_GetSysClkSource
                0x08001724       0x1c cmake/stm32cubemx/CMakeFiles/STM32_Drivers.dir/__/__/Drivers/STM32F4xx_HAL_Driver/Src/stm32f4xx_ll_rcc.c.obj
 .text.LL_RCC_GetAHBPrescaler
                0x08001740       0x1c cmake/stm32cubemx/CMakeFiles/STM32_Drivers.dir/__/__/Drivers/STM32F4xx_HAL_Driver/Src/stm32f4xx_ll_rcc.c.obj
 .text.LL_RCC_GetAPB1Prescaler
                0x0800175c       0x1c cmake/stm32cubemx/CMakeFiles/STM32_Drivers.dir/__/__/Drivers/STM32F4xx_HAL_Driver/Src/stm32f4xx_ll_rcc.c.obj
 .text.LL_RCC_GetAPB2Prescaler
                0x08001778       0x1c cmake/stm32cubemx/CMakeFiles/STM32_Drivers.dir/__/__/Drivers/STM32F4xx_HAL_Driver/Src/stm32f4xx_ll_rcc.c.obj
 .text.LL_RCC_PLL_GetMainSource
                0x08001794       0x1c cmake/stm32cubemx/CMakeFiles/STM32_Drivers.dir/__/__/Drivers/STM32F4xx_HAL_Driver/Src/stm32f4xx_ll_rcc.c.obj
 .text.LL_RCC_PLL_GetN
                0x080017b0       0x1c cmake/stm32cubemx/CMakeFiles/STM32_Drivers.dir/__/__/Drivers/STM32F4xx_HAL_Driver/Src/stm32f4xx_ll_rcc.c.obj
 .text.LL_RCC_PLL_GetP
                0x080017cc       0x1c cmake/stm32cubemx/CMakeFiles/STM32_Drivers.dir/__/__/Drivers/STM32F4xx_HAL_Driver/Src/stm32f4xx_ll_rcc.c.obj
 .text.LL_RCC_PLL_GetDivider
                0x080017e8       0x1c cmake/stm32cubemx/CMakeFiles/STM32_Drivers.dir/__/__/Drivers/STM32F4xx_HAL_Driver/Src/stm32f4xx_ll_rcc.c.obj
 .text.LL_RCC_GetSystemClocksFreq
                0x08001804       0x4a cmake/stm32cubemx/CMakeFiles/STM32_Drivers.dir/__/__/Drivers/STM32F4xx_HAL_Driver/Src/stm32f4xx_ll_rcc.c.obj
                0x08001804                LL_RCC_GetSystemClocksFreq
 *fill*         0x0800184e        0x2 
 .text.RCC_GetSystemClockFreq
                0x08001850       0x50 cmake/stm32cubemx/CMakeFiles/STM32_Drivers.dir/__/__/Drivers/STM32F4xx_HAL_Driver/Src/stm32f4xx_ll_rcc.c.obj
                0x08001850                RCC_GetSystemClockFreq
 .text.RCC_GetHCLKClockFreq
                0x080018a0       0x2c cmake/stm32cubemx/CMakeFiles/STM32_Drivers.dir/__/__/Drivers/STM32F4xx_HAL_Driver/Src/stm32f4xx_ll_rcc.c.obj
                0x080018a0                RCC_GetHCLKClockFreq
 .text.RCC_GetPCLK1ClockFreq
                0x080018cc       0x28 cmake/stm32cubemx/CMakeFiles/STM32_Drivers.dir/__/__/Drivers/STM32F4xx_HAL_Driver/Src/stm32f4xx_ll_rcc.c.obj
                0x080018cc                RCC_GetPCLK1ClockFreq
 .text.RCC_GetPCLK2ClockFreq
                0x080018f4       0x28 cmake/stm32cubemx/CMakeFiles/STM32_Drivers.dir/__/__/Drivers/STM32F4xx_HAL_Driver/Src/stm32f4xx_ll_rcc.c.obj
                0x080018f4                RCC_GetPCLK2ClockFreq
 .text.RCC_PLL_GetFreqDomain_SYS
                0x0800191c       0x7c cmake/stm32cubemx/CMakeFiles/STM32_Drivers.dir/__/__/Drivers/STM32F4xx_HAL_Driver/Src/stm32f4xx_ll_rcc.c.obj
                0x0800191c                RCC_PLL_GetFreqDomain_SYS
 .text.LL_SPI_IsEnabled
                0x08001998       0x26 cmake/stm32cubemx/CMakeFiles/STM32_Drivers.dir/__/__/Drivers/STM32F4xx_HAL_Driver/Src/stm32f4xx_ll_spi.c.obj
 .text.LL_SPI_SetCRCPolynomial
                0x080019be       0x20 cmake/stm32cubemx/CMakeFiles/STM32_Drivers.dir/__/__/Drivers/STM32F4xx_HAL_Driver/Src/stm32f4xx_ll_spi.c.obj
 .text.LL_SPI_Init
                0x080019de       0xa4 cmake/stm32cubemx/CMakeFiles/STM32_Drivers.dir/__/__/Drivers/STM32F4xx_HAL_Driver/Src/stm32f4xx_ll_spi.c.obj
                0x080019de                LL_SPI_Init
 .text.LL_USART_IsEnabled
                0x08001a82       0x28 cmake/stm32cubemx/CMakeFiles/STM32_Drivers.dir/__/__/Drivers/STM32F4xx_HAL_Driver/Src/stm32f4xx_ll_usart.c.obj
 .text.LL_USART_SetStopBitsLength
                0x08001aaa       0x26 cmake/stm32cubemx/CMakeFiles/STM32_Drivers.dir/__/__/Drivers/STM32F4xx_HAL_Driver/Src/stm32f4xx_ll_usart.c.obj
 .text.LL_USART_SetHWFlowCtrl
                0x08001ad0       0x26 cmake/stm32cubemx/CMakeFiles/STM32_Drivers.dir/__/__/Drivers/STM32F4xx_HAL_Driver/Src/stm32f4xx_ll_usart.c.obj
 *fill*         0x08001af6        0x2 
 .text.LL_USART_SetBaudRate
                0x08001af8      0x45c cmake/stm32cubemx/CMakeFiles/STM32_Drivers.dir/__/__/Drivers/STM32F4xx_HAL_Driver/Src/stm32f4xx_ll_usart.c.obj
 .text.LL_USART_Init
                0x08001f54      0x100 cmake/stm32cubemx/CMakeFiles/STM32_Drivers.dir/__/__/Drivers/STM32F4xx_HAL_Driver/Src/stm32f4xx_ll_usart.c.obj
                0x08001f54                LL_USART_Init
 .text._ZL23stm32_board_periph_initv
                0x08002054       0x10 CMakeFiles/STM32F407ZGT6.dir/app/src/main.cpp.obj
 .text._Z18SystemClock_Configv
                0x08002064       0xec CMakeFiles/STM32F407ZGT6.dir/app/src/main.cpp.obj
                0x08002064                SystemClock_Config()
 .text.Error_Handler
                0x08002150        0xc CMakeFiles/STM32F407ZGT6.dir/app/src/main.cpp.obj
                0x08002150                Error_Handler
 .text.LL_SPI_SetStandard
                0x0800215c       0x26 CMakeFiles/STM32F407ZGT6.dir/Core/Src/spi.c.obj
 *fill*         0x08002182        0x2 
 .text.LL_AHB1_GRP1_EnableClock
                0x08002184       0x30 CMakeFiles/STM32F407ZGT6.dir/Core/Src/spi.c.obj
 .text.LL_APB2_GRP1_EnableClock
                0x080021b4       0x30 CMakeFiles/STM32F407ZGT6.dir/Core/Src/spi.c.obj
 .text.MX_SPI1_Init
                0x080021e4       0xa4 CMakeFiles/STM32F407ZGT6.dir/Core/Src/spi.c.obj
                0x080021e4                MX_SPI1_Init
 .text.LL_USART_Enable
                0x08002288       0x20 CMakeFiles/STM32F407ZGT6.dir/Core/Src/usart.c.obj
 .text.LL_USART_ConfigAsyncMode
                0x080022a8       0x2c CMakeFiles/STM32F407ZGT6.dir/Core/Src/usart.c.obj
 .text.LL_AHB1_GRP1_EnableClock
                0x080022d4       0x30 CMakeFiles/STM32F407ZGT6.dir/Core/Src/usart.c.obj
 .text.LL_APB1_GRP1_EnableClock
                0x08002304       0x30 CMakeFiles/STM32F407ZGT6.dir/Core/Src/usart.c.obj
 .text.MX_UART4_Init
                0x08002334       0xd0 CMakeFiles/STM32F407ZGT6.dir/Core/Src/usart.c.obj
                0x08002334                MX_UART4_Init
 .text.NMI_Handler
                0x08002404        0x8 CMakeFiles/STM32F407ZGT6.dir/Core/Src/stm32f4xx_it.c.obj
                0x08002404                NMI_Handler
 .text.HardFault_Handler
                0x0800240c        0x8 CMakeFiles/STM32F407ZGT6.dir/Core/Src/stm32f4xx_it.c.obj
                0x0800240c                HardFault_Handler
 .text.MemManage_Handler
                0x08002414        0x8 CMakeFiles/STM32F407ZGT6.dir/Core/Src/stm32f4xx_it.c.obj
                0x08002414                MemManage_Handler
 .text.BusFault_Handler
                0x0800241c        0x8 CMakeFiles/STM32F407ZGT6.dir/Core/Src/stm32f4xx_it.c.obj
                0x0800241c                BusFault_Handler
 .text.UsageFault_Handler
                0x08002424        0x8 CMakeFiles/STM32F407ZGT6.dir/Core/Src/stm32f4xx_it.c.obj
                0x08002424                UsageFault_Handler
 .text.SVC_Handler
                0x0800242c        0xe CMakeFiles/STM32F407ZGT6.dir/Core/Src/stm32f4xx_it.c.obj
                0x0800242c                SVC_Handler
 .text.DebugMon_Handler
                0x0800243a        0xe CMakeFiles/STM32F407ZGT6.dir/Core/Src/stm32f4xx_it.c.obj
                0x0800243a                DebugMon_Handler
 .text.PendSV_Handler
                0x08002448        0xe CMakeFiles/STM32F407ZGT6.dir/Core/Src/stm32f4xx_it.c.obj
                0x08002448                PendSV_Handler
 .text.SysTick_Handler
                0x08002456        0xc CMakeFiles/STM32F407ZGT6.dir/Core/Src/stm32f4xx_it.c.obj
                0x08002456                SysTick_Handler
 *fill*         0x08002462        0x2 
 .text.HAL_MspInit
                0x08002464       0x50 CMakeFiles/STM32F407ZGT6.dir/Core/Src/stm32f4xx_hal_msp.c.obj
                0x08002464                HAL_MspInit
 .text._sbrk    0x080024b4       0x6c CMakeFiles/STM32F407ZGT6.dir/Core/Src/sysmem.c.obj
                0x080024b4                _sbrk
 .text._read    0x08002520       0x3a CMakeFiles/STM32F407ZGT6.dir/Core/Src/syscalls.c.obj
                0x08002520                _read
 .text._write   0x0800255a       0x38 CMakeFiles/STM32F407ZGT6.dir/Core/Src/syscalls.c.obj
                0x0800255a                _write
 .text._close   0x08002592       0x18 CMakeFiles/STM32F407ZGT6.dir/Core/Src/syscalls.c.obj
                0x08002592                _close
 .text._fstat   0x080025aa       0x20 CMakeFiles/STM32F407ZGT6.dir/Core/Src/syscalls.c.obj
                0x080025aa                _fstat
 .text._isatty  0x080025ca       0x16 CMakeFiles/STM32F407ZGT6.dir/Core/Src/syscalls.c.obj
                0x080025ca                _isatty
 .text._lseek   0x080025e0       0x1a CMakeFiles/STM32F407ZGT6.dir/Core/Src/syscalls.c.obj
                0x080025e0                _lseek
 *fill*         0x080025fa        0x2 
 .text.Reset_Handler
                0x080025fc       0x50 CMakeFiles/STM32F407ZGT6.dir/startup_stm32f407xx.s.obj
                0x080025fc                Reset_Handler
 .text.Default_Handler
                0x0800264c        0x2 CMakeFiles/STM32F407ZGT6.dir/startup_stm32f407xx.s.obj
                0x0800264c                RTC_Alarm_IRQHandler
                0x0800264c                HASH_RNG_IRQHandler
                0x0800264c                EXTI2_IRQHandler
                0x0800264c                TIM8_CC_IRQHandler
                0x0800264c                TIM1_CC_IRQHandler
                0x0800264c                DMA2_Stream5_IRQHandler
                0x0800264c                DMA1_Stream5_IRQHandler
                0x0800264c                PVD_IRQHandler
                0x0800264c                SDIO_IRQHandler
                0x0800264c                TAMP_STAMP_IRQHandler
                0x0800264c                CAN2_RX1_IRQHandler
                0x0800264c                EXTI3_IRQHandler
                0x0800264c                TIM8_TRG_COM_TIM14_IRQHandler
                0x0800264c                TIM1_UP_TIM10_IRQHandler
                0x0800264c                TIM8_UP_TIM13_IRQHandler
                0x0800264c                I2C3_ER_IRQHandler
                0x0800264c                EXTI0_IRQHandler
                0x0800264c                I2C2_EV_IRQHandler
                0x0800264c                DMA1_Stream2_IRQHandler
                0x0800264c                CAN1_RX0_IRQHandler
                0x0800264c                FPU_IRQHandler
                0x0800264c                OTG_HS_WKUP_IRQHandler
                0x0800264c                CAN2_SCE_IRQHandler
                0x0800264c                DMA2_Stream2_IRQHandler
                0x0800264c                SPI1_IRQHandler
                0x0800264c                TIM6_DAC_IRQHandler
                0x0800264c                TIM1_BRK_TIM9_IRQHandler
                0x0800264c                DCMI_IRQHandler
                0x0800264c                CAN2_RX0_IRQHandler
                0x0800264c                DMA2_Stream3_IRQHandler
                0x0800264c                USART6_IRQHandler
                0x0800264c                USART3_IRQHandler
                0x0800264c                CAN1_RX1_IRQHandler
                0x0800264c                UART5_IRQHandler
                0x0800264c                DMA2_Stream0_IRQHandler
                0x0800264c                TIM4_IRQHandler
                0x0800264c                I2C1_EV_IRQHandler
                0x0800264c                DMA1_Stream6_IRQHandler
                0x0800264c                DMA1_Stream1_IRQHandler
                0x0800264c                UART4_IRQHandler
                0x0800264c                TIM3_IRQHandler
                0x0800264c                RCC_IRQHandler
                0x0800264c                TIM8_BRK_TIM12_IRQHandler
                0x0800264c                Default_Handler
                0x0800264c                EXTI15_10_IRQHandler
                0x0800264c                ADC_IRQHandler
                0x0800264c                DMA1_Stream7_IRQHandler
                0x0800264c                TIM7_IRQHandler
                0x0800264c                CAN2_TX_IRQHandler
                0x0800264c                TIM5_IRQHandler
                0x0800264c                DMA2_Stream7_IRQHandler
                0x0800264c                I2C3_EV_IRQHandler
                0x0800264c                EXTI9_5_IRQHandler
                0x0800264c                RTC_WKUP_IRQHandler
                0x0800264c                ETH_WKUP_IRQHandler
                0x0800264c                SPI2_IRQHandler
                0x0800264c                OTG_HS_EP1_IN_IRQHandler
                0x0800264c                DMA1_Stream0_IRQHandler
                0x0800264c                CAN1_TX_IRQHandler
                0x0800264c                EXTI4_IRQHandler
                0x0800264c                FSMC_IRQHandler
                0x0800264c                ETH_IRQHandler
                0x0800264c                OTG_HS_EP1_OUT_IRQHandler
                0x0800264c                WWDG_IRQHandler
                0x0800264c                TIM2_IRQHandler
                0x0800264c                OTG_FS_WKUP_IRQHandler
                0x0800264c                TIM1_TRG_COM_TIM11_IRQHandler
                0x0800264c                OTG_HS_IRQHandler
                0x0800264c                EXTI1_IRQHandler
                0x0800264c                USART2_IRQHandler
                0x0800264c                I2C2_ER_IRQHandler
                0x0800264c                DMA2_Stream1_IRQHandler
                0x0800264c                CAN1_SCE_IRQHandler
                0x0800264c                FLASH_IRQHandler
                0x0800264c                DMA2_Stream4_IRQHandler
                0x0800264c                USART1_IRQHandler
                0x0800264c                OTG_FS_IRQHandler
                0x0800264c                SPI3_IRQHandler
                0x0800264c                DMA1_Stream4_IRQHandler
                0x0800264c                I2C1_ER_IRQHandler
                0x0800264c                DMA2_Stream6_IRQHandler
                0x0800264c                DMA1_Stream3_IRQHandler
 .text.device_dependency_not_ready
                0x0800264e       0x9c mini_tree/libmini_tree.a(board_driver.c.obj)
 .text.device_dependency_pending
                0x080026ea       0xa2 mini_tree/libmini_tree.a(board_driver.c.obj)
 .text.handle_probe_failure
                0x0800278c       0xb4 mini_tree/libmini_tree.a(board_driver.c.obj)
 .text.disable_dependents
                0x08002840       0xe8 mini_tree/libmini_tree.a(board_driver.c.obj)
 .text.system_safety_hardware_shutdown
                0x08002928       0x3c mini_tree/libmini_tree.a(board_driver.c.obj)
                0x08002928                system_safety_hardware_shutdown
 .text.board_register_all_drivers
                0x08002964        0xe mini_tree/libmini_tree.a(board_driver.c.obj)
                0x08002964                board_register_all_drivers
 *fill*         0x08002972        0x2 
 .text.board_driver_probe_all
                0x08002974      0x428 mini_tree/libmini_tree.a(board_driver.c.obj)
                0x08002974                board_driver_probe_all
 .text.board_platform_probe
                0x08002d9c       0x16 mini_tree/libmini_tree.a(board_probe.c.obj)
 *fill*         0x08002db2        0x2 
 .text.board_probe_get_fn
                0x08002db4       0x2c mini_tree/libmini_tree.a(board_probe.c.obj)
                0x08002db4                board_probe_get_fn
 .text.board_probe_order
                0x08002de0       0x14 mini_tree/libmini_tree.a(board_probe.c.obj)
                0x08002de0                board_probe_order
 .text.board_probe_order_count
                0x08002df4       0x10 mini_tree/libmini_tree.a(board_probe.c.obj)
                0x08002df4                board_probe_order_count
 .text.board_cascade_get
                0x08002e04       0x5c mini_tree/libmini_tree.a(board_probe.c.obj)
                0x08002e04                board_cascade_get
 .text.production_log_push_fmt
                0x08002e60       0x1c mini_tree/libmini_tree.a(production_log.c.obj)
                0x08002e60                production_log_push_fmt
 .text._ZN8MiniTree18System_Pre_OS_InitEv
                0x08002e7c       0xb8 mini_tree/libmini_tree.a(system_init.cpp.obj)
                0x08002e7c                MiniTree::System_Pre_OS_Init()
 .text._ZN8MiniTree18System_Start_TasksEv
                0x08002f34       0x74 mini_tree/libmini_tree.a(system_init.cpp.obj)
                0x08002f34                MiniTree::System_Start_Tasks()
 .text.system_init_complete
                0x08002fa8       0x10 mini_tree/libmini_tree.a(system_init.cpp.obj)
                0x08002fa8                system_init_complete
 .text.mini_tree_pre_os_init
                0x08002fb8        0xc mini_tree/libmini_tree.a(system_init.cpp.obj)
                0x08002fb8                mini_tree_pre_os_init
 .text.mini_tree_start_tasks
                0x08002fc4        0xc mini_tree/libmini_tree.a(system_init.cpp.obj)
                0x08002fc4                mini_tree_start_tasks
 .text.mini_tree_system_loop
                0x08002fd0       0x10 mini_tree/libmini_tree.a(system_init.cpp.obj)
                0x08002fd0                mini_tree_system_loop
 .text._ZL13scrubber_taskPv
                0x08002fe0       0x6c mini_tree/libmini_tree.a(system_scrubber.cpp.obj)
 .text.system_scrubber_init
                0x0800304c       0x10 mini_tree/libmini_tree.a(system_scrubber.cpp.obj)
                0x0800304c                system_scrubber_init
 .text.system_scrubber_start
                0x0800305c       0x84 mini_tree/libmini_tree.a(system_scrubber.cpp.obj)
                0x0800305c                system_scrubber_start
 .text.system_wdt_init_rtc
                0x080030e0       0x5c mini_tree/libmini_tree.a(system_wdt.cpp.obj)
                0x080030e0                system_wdt_init_rtc
 .text.system_wdt_feed_rtc
                0x0800313c       0x18 mini_tree/libmini_tree.a(system_wdt.cpp.obj)
                0x0800313c                system_wdt_feed_rtc
 .text.system_wdt_init
                0x08003154       0x60 mini_tree/libmini_tree.a(system_wdt.cpp.obj)
                0x08003154                system_wdt_init
 .text.system_wdt_subscribe
                0x080031b4       0x60 mini_tree/libmini_tree.a(system_wdt.cpp.obj)
                0x080031b4                system_wdt_subscribe
 .text.system_wdt_feed
                0x08003214       0x18 mini_tree/libmini_tree.a(system_wdt.cpp.obj)
                0x08003214                system_wdt_feed
 .text.safe_state_check_bootloop
                0x0800322c       0x2c mini_tree/libmini_tree.a(safe_state.c.obj)
                0x0800322c                safe_state_check_bootloop
 .text.safe_state_clear_bootloop
                0x08003258       0x18 mini_tree/libmini_tree.a(safe_state.c.obj)
                0x08003258                safe_state_clear_bootloop
 .text.enter_safe_state
                0x08003270       0x18 mini_tree/libmini_tree.a(safe_state.c.obj)
                0x08003270                enter_safe_state
 .text.COMPAT_RAND
                0x08003288       0xc8 mini_tree/libmini_tree.a(osal_null.c.obj)
 .text.osal_atomic_init_u32
                0x08003350       0x24 mini_tree/libmini_tree.a(osal_null.c.obj)
 .text.osal_atomic_store_relaxed_u32
                0x08003374       0x24 mini_tree/libmini_tree.a(osal_null.c.obj)
 .text.osal_atomic_store_release_u32
                0x08003398       0x28 mini_tree/libmini_tree.a(osal_null.c.obj)
 .text.osal_atomic_load_relaxed_u32
                0x080033c0       0x20 mini_tree/libmini_tree.a(osal_null.c.obj)
 .text.osal_atomic_load_acquire_u32
                0x080033e0       0x24 mini_tree/libmini_tree.a(osal_null.c.obj)
 .text.osal_atomic_cas_weak_acquire_u32
                0x08003404       0x4a mini_tree/libmini_tree.a(osal_null.c.obj)
 .text.osal_atomic_load_relaxed_i32
                0x0800344e       0x20 mini_tree/libmini_tree.a(osal_null.c.obj)
 *fill*         0x0800346e        0x2 
 .text.osal_null_queue_pool_boot_init
                0x08003470       0x1c mini_tree/libmini_tree.a(osal_null.c.obj)
 .text.osal_null_irq_disable
                0x0800348c       0x1c mini_tree/libmini_tree.a(osal_null.c.obj)
 .text.osal_null_irq_restore
                0x080034a8       0x1a mini_tree/libmini_tree.a(osal_null.c.obj)
 .text.osal_mutex_init
                0x080034c2       0x52 mini_tree/libmini_tree.a(osal_null.c.obj)
 .text.osal_null_mutex_pool_boot_init
                0x08003514       0x1c mini_tree/libmini_tree.a(osal_null.c.obj)
 .text.osal_pool_init
                0x08003530       0x5c mini_tree/libmini_tree.a(osal_null.c.obj)
                0x08003530                osal_pool_init
 .text.osal_pool_claim
                0x0800358c       0xae mini_tree/libmini_tree.a(osal_null.c.obj)
                0x0800358c                osal_pool_claim
 .text.osal_pool_release
                0x0800363a       0x4a mini_tree/libmini_tree.a(osal_null.c.obj)
                0x0800363a                osal_pool_release
 .text.queue_index_of
                0x08003684       0x64 mini_tree/libmini_tree.a(osal_null.c.obj)
 .text.osal_in_isr
                0x080036e8       0x20 mini_tree/libmini_tree.a(osal_null.c.obj)
                0x080036e8                osal_in_isr
 .text.osal_spinlock_init
                0x08003708       0x2e mini_tree/libmini_tree.a(osal_null.c.obj)
                0x08003708                osal_spinlock_init
 .text.osal_spinlock_lock
                0x08003736       0x4a mini_tree/libmini_tree.a(osal_null.c.obj)
                0x08003736                osal_spinlock_lock
 .text.osal_spinlock_unlock
                0x08003780       0x50 mini_tree/libmini_tree.a(osal_null.c.obj)
                0x08003780                osal_spinlock_unlock
 .text.osal_time_ms
                0x080037d0       0x14 mini_tree/libmini_tree.a(osal_null.c.obj)
                0x080037d0                osal_time_ms
 .text.osal_calloc
                0x080037e4       0x2a mini_tree/libmini_tree.a(osal_null.c.obj)
                0x080037e4                osal_calloc
 .text.osal_free
                0x0800380e       0x20 mini_tree/libmini_tree.a(osal_null.c.obj)
                0x0800380e                osal_free
 .text.osal_mutex_create_static_typed
                0x0800382e       0x72 mini_tree/libmini_tree.a(osal_null.c.obj)
                0x0800382e                osal_mutex_create_static_typed
 .text.osal_mutex_create_static
                0x080038a0       0x22 mini_tree/libmini_tree.a(osal_null.c.obj)
                0x080038a0                osal_mutex_create_static
 .text.osal_mutex_create_static_recursive
                0x080038c2       0x22 mini_tree/libmini_tree.a(osal_null.c.obj)
                0x080038c2                osal_mutex_create_static_recursive
 .text.osal_mutex_try_acquire
                0x080038e4       0x6e mini_tree/libmini_tree.a(osal_null.c.obj)
 .text.osal_mutex_lock
                0x08003952       0x88 mini_tree/libmini_tree.a(osal_null.c.obj)
                0x08003952                osal_mutex_lock
 .text.osal_mutex_unlock
                0x080039da       0x7a mini_tree/libmini_tree.a(osal_null.c.obj)
                0x080039da                osal_mutex_unlock
 .text.osal_task_create_handle
                0x08003a54       0x30 mini_tree/libmini_tree.a(osal_null.c.obj)
                0x08003a54                osal_task_create_handle
 .text.osal_task_self_delete
                0x08003a84        0x8 mini_tree/libmini_tree.a(osal_null.c.obj)
                0x08003a84                osal_task_self_delete
 .text.osal_task_get_name
                0x08003a8c       0x1c mini_tree/libmini_tree.a(osal_null.c.obj)
                0x08003a8c                osal_task_get_name
 .text.osal_null_sem_pool_boot_init
                0x08003aa8       0x1c mini_tree/libmini_tree.a(osal_null.c.obj)
 .text.osal_queue_create
                0x08003ac4       0xb0 mini_tree/libmini_tree.a(osal_null.c.obj)
                0x08003ac4                osal_queue_create
 .text.osal_queue_delete
                0x08003b74       0x60 mini_tree/libmini_tree.a(osal_null.c.obj)
                0x08003b74                osal_queue_delete
 .text.osal_queue_send
                0x08003bd4       0xb8 mini_tree/libmini_tree.a(osal_null.c.obj)
                0x08003bd4                osal_queue_send
 .text.osal_queue_send_from_isr
                0x08003c8c       0xac mini_tree/libmini_tree.a(osal_null.c.obj)
                0x08003c8c                osal_queue_send_from_isr
 .text.osal_queue_receive
                0x08003d38      0x118 mini_tree/libmini_tree.a(osal_null.c.obj)
                0x08003d38                osal_queue_receive
 .text.osal_sched_suspend
                0x08003e50        0xc mini_tree/libmini_tree.a(osal_null.c.obj)
                0x08003e50                osal_sched_suspend
 .text.osal_int_disable
                0x08003e5c        0xc mini_tree/libmini_tree.a(osal_null.c.obj)
                0x08003e5c                osal_int_disable
 .text.osal_log
                0x08003e68       0x60 mini_tree/libmini_tree.a(osal_null.c.obj)
                0x08003e68                osal_log
 .text.osal_log_fatal
                0x08003ec8       0x48 mini_tree/libmini_tree.a(osal_null.c.obj)
                0x08003ec8                osal_log_fatal
 .text.hal_pwm_force_stop_all
                0x08003f10        0xe mini_tree/libmini_tree.a(hal_stm32f407.c.obj)
                0x08003f10                hal_pwm_force_stop_all
 .text.hal_wdt_init_rtc
                0x08003f1e       0x16 mini_tree/libmini_tree.a(hal_stm32f407.c.obj)
                0x08003f1e                hal_wdt_init_rtc
 .text.hal_wdt_feed_rtc
                0x08003f34        0xe mini_tree/libmini_tree.a(hal_stm32f407.c.obj)
                0x08003f34                hal_wdt_feed_rtc
 .text.hal_wdt_init_twdt
                0x08003f42       0x16 mini_tree/libmini_tree.a(hal_stm32f407.c.obj)
                0x08003f42                hal_wdt_init_twdt
 .text.hal_wdt_subscribe
                0x08003f58       0x16 mini_tree/libmini_tree.a(hal_stm32f407.c.obj)
                0x08003f58                hal_wdt_subscribe
 .text.hal_wdt_feed_twdt
                0x08003f6e        0xe mini_tree/libmini_tree.a(hal_stm32f407.c.obj)
                0x08003f6e                hal_wdt_feed_twdt
 .text.hal_flash_get_app_addr
                0x08003f7c       0x12 mini_tree/libmini_tree.a(hal_stm32f407.c.obj)
                0x08003f7c                hal_flash_get_app_addr
 .text.hal_flash_get_app_size
                0x08003f8e       0x12 mini_tree/libmini_tree.a(hal_stm32f407.c.obj)
                0x08003f8e                hal_flash_get_app_size
 .text.hal_platform_critical_hardware_lock
                0x08003fa0        0xc mini_tree/libmini_tree.a(hal_stm32f407.c.obj)
                0x08003fa0                hal_platform_critical_hardware_lock
 .text.ERR_PTR  0x08003fac       0x34 mini_tree/libmini_tree.a(board_device.c.obj)
 .text.hal_is_in_isr
                0x08003fe0       0x1a mini_tree/libmini_tree.a(board_device.c.obj)
 *fill*         0x08003ffa        0x2 
 .text.device_status_can_transit
                0x08003ffc      0x124 mini_tree/libmini_tree.a(board_device.c.obj)
 .text.device_tree_init
                0x08004120      0x194 mini_tree/libmini_tree.a(board_device.c.obj)
                0x08004120                device_tree_init
 .text.board_dev_get
                0x080042b4       0x38 mini_tree/libmini_tree.a(board_device.c.obj)
                0x080042b4                board_dev_get
 .text.safe_parse_int32
                0x080042ec      0x172 mini_tree/libmini_tree.a(board_device.c.obj)
 .text.device_get_prop_int
                0x0800445e       0x96 mini_tree/libmini_tree.a(board_device.c.obj)
                0x0800445e                device_get_prop_int
 .text.device_get_name
                0x080044f4       0x2c mini_tree/libmini_tree.a(board_device.c.obj)
                0x080044f4                device_get_name
 .text.device_get_compatible
                0x08004520       0x2c mini_tree/libmini_tree.a(board_device.c.obj)
                0x08004520                device_get_compatible
 .text.device_get_status
                0x0800454c       0x22 mini_tree/libmini_tree.a(board_device.c.obj)
                0x0800454c                device_get_status
 .text.device_get_criticality
                0x0800456e       0x2e mini_tree/libmini_tree.a(board_device.c.obj)
                0x0800456e                device_get_criticality
 .text.device_set_status
                0x0800459c       0x60 mini_tree/libmini_tree.a(board_device.c.obj)
                0x0800459c                device_set_status
 .text.device_open
                0x080045fc       0xce mini_tree/libmini_tree.a(board_device.c.obj)
                0x080045fc                device_open
 .text.device_lock
                0x080046ca       0x44 mini_tree/libmini_tree.a(board_device.c.obj)
                0x080046ca                device_lock
 .text.device_unlock
                0x0800470e       0x3c mini_tree/libmini_tree.a(board_device.c.obj)
                0x0800470e                device_unlock
 *fill*         0x0800474a        0x2 
 .text.board_dma_register_channels
                0x0800474c      0x104 mini_tree/libmini_tree.a(board_dma.c.obj)
                0x0800474c                board_dma_register_channels
 .text.dev_lc_reset
                0x08004850       0x34 mini_tree/libmini_tree.a(dev_lifecycle.c.obj)
                0x08004850                dev_lc_reset
 .text.board_node_get
                0x08004884       0x34 mini_tree/libmini_tree.a(board_devtable.c.obj)
                0x08004884                board_node_get
 .text.board_dev_count
                0x080048b8       0x10 mini_tree/libmini_tree.a(board_devtable.c.obj)
                0x080048b8                board_dev_count
 .text.event_bus_dispatch_task
                0x080048c8      0x164 mini_tree/libmini_tree.a(event_bus.c.obj)
 .text.event_bus_init
                0x08004a2c       0xac mini_tree/libmini_tree.a(event_bus.c.obj)
                0x08004a2c                event_bus_init
 .text.event_bus_post_internal
                0x08004ad8       0xdc mini_tree/libmini_tree.a(event_bus.c.obj)
 .text.event_bus_post
                0x08004bb4       0x2e mini_tree/libmini_tree.a(event_bus.c.obj)
                0x08004bb4                event_bus_post
 *fill*         0x08004be2        0x2 
 .text.event_bus_start
                0x08004be4       0x8c mini_tree/libmini_tree.a(event_bus.c.obj)
                0x08004be4                event_bus_start
 .text.event_bus_seal
                0x08004c70       0x1c mini_tree/libmini_tree.a(event_bus.c.obj)
                0x08004c70                event_bus_seal
 .text.my_printf_output
                0x08004c8c       0x24 mini_tree/libmini_tree.a(printf_output.c.obj)
                0x08004c8c                my_printf_output
 .text.dma_instance
                0x08004cb0       0x2c mini_tree/libmini_tree.a(hal_dma_stm32.c.obj)
 .text.dma_stream_instance
                0x08004cdc       0x32 mini_tree/libmini_tree.a(hal_dma_stm32.c.obj)
 *fill*         0x08004d0e        0x2 
 .text.stm32_irqn
                0x08004d10       0xc0 mini_tree/libmini_tree.a(hal_dma_stm32.c.obj)
 .text.hal_dma_stm32_register_from_props
                0x08004dd0       0xf4 mini_tree/libmini_tree.a(hal_dma_stm32.c.obj)
                0x08004dd0                hal_dma_stm32_register_from_props
 .text.hal_dma_stm32_init
                0x08004ec4       0xe4 mini_tree/libmini_tree.a(hal_dma_stm32.c.obj)
                0x08004ec4                hal_dma_stm32_init
 .text.calloc   0x08004fa8       0x10 C:/ST/STM32CubeCLT_1.20.0/GNU-tools-for-STM32/bin/../lib/gcc/arm-none-eabi/13.3.1/../../../../arm-none-eabi/lib/thumb/v7e-m+fp/hard\libg_nano.a(libc_a-calloc.o)
                0x08004fa8                calloc
 .text._calloc_r
                0x08004fb8       0x28 C:/ST/STM32CubeCLT_1.20.0/GNU-tools-for-STM32/bin/../lib/gcc/arm-none-eabi/13.3.1/../../../../arm-none-eabi/lib/thumb/v7e-m+fp/hard\libg_nano.a(libc_a-callocr.o)
                0x08004fb8                _calloc_r
 .text.free     0x08004fe0       0x10 C:/ST/STM32CubeCLT_1.20.0/GNU-tools-for-STM32/bin/../lib/gcc/arm-none-eabi/13.3.1/../../../../arm-none-eabi/lib/thumb/v7e-m+fp/hard\libg_nano.a(libc_a-malloc.o)
                0x08004fe0                free
 .text.sbrk_aligned
                0x08004ff0       0x44 C:/ST/STM32CubeCLT_1.20.0/GNU-tools-for-STM32/bin/../lib/gcc/arm-none-eabi/13.3.1/../../../../arm-none-eabi/lib/thumb/v7e-m+fp/hard\libg_nano.a(libc_a-mallocr.o)
 .text._malloc_r
                0x08005034      0x100 C:/ST/STM32CubeCLT_1.20.0/GNU-tools-for-STM32/bin/../lib/gcc/arm-none-eabi/13.3.1/../../../../arm-none-eabi/lib/thumb/v7e-m+fp/hard\libg_nano.a(libc_a-mallocr.o)
                0x08005034                _malloc_r
 .text.__malloc_lock
                0x08005134        0xc C:/ST/STM32CubeCLT_1.20.0/GNU-tools-for-STM32/bin/../lib/gcc/arm-none-eabi/13.3.1/../../../../arm-none-eabi/lib/thumb/v7e-m+fp/hard\libg_nano.a(libc_a-mlock.o)
                0x08005134                __malloc_lock
 .text.__malloc_unlock
                0x08005140        0xc C:/ST/STM32CubeCLT_1.20.0/GNU-tools-for-STM32/bin/../lib/gcc/arm-none-eabi/13.3.1/../../../../arm-none-eabi/lib/thumb/v7e-m+fp/hard\libg_nano.a(libc_a-mlock.o)
                0x08005140                __malloc_unlock
 .text.std      0x0800514c       0x6c C:/ST/STM32CubeCLT_1.20.0/GNU-tools-for-STM32/bin/../lib/gcc/arm-none-eabi/13.3.1/../../../../arm-none-eabi/lib/thumb/v7e-m+fp/hard\libg_nano.a(libc_a-findfp.o)
 .text.stdio_exit_handler
                0x080051b8       0x18 C:/ST/STM32CubeCLT_1.20.0/GNU-tools-for-STM32/bin/../lib/gcc/arm-none-eabi/13.3.1/../../../../arm-none-eabi/lib/thumb/v7e-m+fp/hard\libg_nano.a(libc_a-findfp.o)
 .text.cleanup_stdio
                0x080051d0       0x40 C:/ST/STM32CubeCLT_1.20.0/GNU-tools-for-STM32/bin/../lib/gcc/arm-none-eabi/13.3.1/../../../../arm-none-eabi/lib/thumb/v7e-m+fp/hard\libg_nano.a(libc_a-findfp.o)
 .text.global_stdio_init.part.0
                0x08005210       0x3c C:/ST/STM32CubeCLT_1.20.0/GNU-tools-for-STM32/bin/../lib/gcc/arm-none-eabi/13.3.1/../../../../arm-none-eabi/lib/thumb/v7e-m+fp/hard\libg_nano.a(libc_a-findfp.o)
 .text.__sfp_lock_acquire
                0x0800524c        0xc C:/ST/STM32CubeCLT_1.20.0/GNU-tools-for-STM32/bin/../lib/gcc/arm-none-eabi/13.3.1/../../../../arm-none-eabi/lib/thumb/v7e-m+fp/hard\libg_nano.a(libc_a-findfp.o)
                0x0800524c                __sfp_lock_acquire
 .text.__sfp_lock_release
                0x08005258        0xc C:/ST/STM32CubeCLT_1.20.0/GNU-tools-for-STM32/bin/../lib/gcc/arm-none-eabi/13.3.1/../../../../arm-none-eabi/lib/thumb/v7e-m+fp/hard\libg_nano.a(libc_a-findfp.o)
                0x08005258                __sfp_lock_release
 .text.__sinit  0x08005264       0x30 C:/ST/STM32CubeCLT_1.20.0/GNU-tools-for-STM32/bin/../lib/gcc/arm-none-eabi/13.3.1/../../../../arm-none-eabi/lib/thumb/v7e-m+fp/hard\libg_nano.a(libc_a-findfp.o)
                0x08005264                __sinit
 .text._fwalk_sglue
                0x08005294       0x3c C:/ST/STM32CubeCLT_1.20.0/GNU-tools-for-STM32/bin/../lib/gcc/arm-none-eabi/13.3.1/../../../../arm-none-eabi/lib/thumb/v7e-m+fp/hard\libg_nano.a(libc_a-fwalk.o)
                0x08005294                _fwalk_sglue
 .text.__sread  0x080052d0       0x22 C:/ST/STM32CubeCLT_1.20.0/GNU-tools-for-STM32/bin/../lib/gcc/arm-none-eabi/13.3.1/../../../../arm-none-eabi/lib/thumb/v7e-m+fp/hard\libg_nano.a(libc_a-stdio.o)
                0x080052d0                __sread
 .text.__swrite
                0x080052f2       0x38 C:/ST/STM32CubeCLT_1.20.0/GNU-tools-for-STM32/bin/../lib/gcc/arm-none-eabi/13.3.1/../../../../arm-none-eabi/lib/thumb/v7e-m+fp/hard\libg_nano.a(libc_a-stdio.o)
                0x080052f2                __swrite
 .text.__sseek  0x0800532a       0x24 C:/ST/STM32CubeCLT_1.20.0/GNU-tools-for-STM32/bin/../lib/gcc/arm-none-eabi/13.3.1/../../../../arm-none-eabi/lib/thumb/v7e-m+fp/hard\libg_nano.a(libc_a-stdio.o)
                0x0800532a                __sseek
 .text.__sclose
                0x0800534e        0x8 C:/ST/STM32CubeCLT_1.20.0/GNU-tools-for-STM32/bin/../lib/gcc/arm-none-eabi/13.3.1/../../../../arm-none-eabi/lib/thumb/v7e-m+fp/hard\libg_nano.a(libc_a-stdio.o)
                0x0800534e                __sclose
 *fill*         0x08005356        0x2 
 .text.vprintf  0x08005358       0x14 C:/ST/STM32CubeCLT_1.20.0/GNU-tools-for-STM32/bin/../lib/gcc/arm-none-eabi/13.3.1/../../../../arm-none-eabi/lib/thumb/v7e-m+fp/hard\libg_nano.a(libc_a-vprintf.o)
                0x08005358                viprintf
                0x08005358                vprintf
 .text.memset   0x0800536c       0x10 C:/ST/STM32CubeCLT_1.20.0/GNU-tools-for-STM32/bin/../lib/gcc/arm-none-eabi/13.3.1/../../../../arm-none-eabi/lib/thumb/v7e-m+fp/hard\libg_nano.a(libc_a-memset.o)
                0x0800536c                memset
 .text._close_r
                0x0800537c       0x20 C:/ST/STM32CubeCLT_1.20.0/GNU-tools-for-STM32/bin/../lib/gcc/arm-none-eabi/13.3.1/../../../../arm-none-eabi/lib/thumb/v7e-m+fp/hard\libg_nano.a(libc_a-closer.o)
                0x0800537c                _close_r
 .text._lseek_r
                0x0800539c       0x24 C:/ST/STM32CubeCLT_1.20.0/GNU-tools-for-STM32/bin/../lib/gcc/arm-none-eabi/13.3.1/../../../../arm-none-eabi/lib/thumb/v7e-m+fp/hard\libg_nano.a(libc_a-lseekr.o)
                0x0800539c                _lseek_r
 .text._read_r  0x080053c0       0x24 C:/ST/STM32CubeCLT_1.20.0/GNU-tools-for-STM32/bin/../lib/gcc/arm-none-eabi/13.3.1/../../../../arm-none-eabi/lib/thumb/v7e-m+fp/hard\libg_nano.a(libc_a-readr.o)
                0x080053c0                _read_r
 .text._sbrk_r  0x080053e4       0x20 C:/ST/STM32CubeCLT_1.20.0/GNU-tools-for-STM32/bin/../lib/gcc/arm-none-eabi/13.3.1/../../../../arm-none-eabi/lib/thumb/v7e-m+fp/hard\libg_nano.a(libc_a-sbrkr.o)
                0x080053e4                _sbrk_r
 .text._write_r
                0x08005404       0x24 C:/ST/STM32CubeCLT_1.20.0/GNU-tools-for-STM32/bin/../lib/gcc/arm-none-eabi/13.3.1/../../../../arm-none-eabi/lib/thumb/v7e-m+fp/hard\libg_nano.a(libc_a-writer.o)
                0x08005404                _write_r
 .text.__errno  0x08005428        0xc C:/ST/STM32CubeCLT_1.20.0/GNU-tools-for-STM32/bin/../lib/gcc/arm-none-eabi/13.3.1/../../../../arm-none-eabi/lib/thumb/v7e-m+fp/hard\libg_nano.a(libc_a-errno.o)
                0x08005428                __errno
 .text.__libc_init_array
                0x08005434       0x48 C:/ST/STM32CubeCLT_1.20.0/GNU-tools-for-STM32/bin/../lib/gcc/arm-none-eabi/13.3.1/../../../../arm-none-eabi/lib/thumb/v7e-m+fp/hard\libg_nano.a(libc_a-init.o)
                0x08005434                __libc_init_array
 .text.__retarget_lock_init_recursive
                0x0800547c        0x2 C:/ST/STM32CubeCLT_1.20.0/GNU-tools-for-STM32/bin/../lib/gcc/arm-none-eabi/13.3.1/../../../../arm-none-eabi/lib/thumb/v7e-m+fp/hard\libg_nano.a(libc_a-lock.o)
                0x0800547c                __retarget_lock_init_recursive
 .text.__retarget_lock_acquire_recursive
                0x0800547e        0x2 C:/ST/STM32CubeCLT_1.20.0/GNU-tools-for-STM32/bin/../lib/gcc/arm-none-eabi/13.3.1/../../../../arm-none-eabi/lib/thumb/v7e-m+fp/hard\libg_nano.a(libc_a-lock.o)
                0x0800547e                __retarget_lock_acquire_recursive
 .text.__retarget_lock_release_recursive
                0x08005480        0x2 C:/ST/STM32CubeCLT_1.20.0/GNU-tools-for-STM32/bin/../lib/gcc/arm-none-eabi/13.3.1/../../../../arm-none-eabi/lib/thumb/v7e-m+fp/hard\libg_nano.a(libc_a-lock.o)
                0x08005480                __retarget_lock_release_recursive
 .text.memcpy   0x08005482       0x1c C:/ST/STM32CubeCLT_1.20.0/GNU-tools-for-STM32/bin/../lib/gcc/arm-none-eabi/13.3.1/../../../../arm-none-eabi/lib/thumb/v7e-m+fp/hard\libg_nano.a(libc_a-memcpy-stub.o)
                0x08005482                memcpy
 *fill*         0x0800549e        0x2 
 .text._free_r  0x080054a0       0x94 C:/ST/STM32CubeCLT_1.20.0/GNU-tools-for-STM32/bin/../lib/gcc/arm-none-eabi/13.3.1/../../../../arm-none-eabi/lib/thumb/v7e-m+fp/hard\libg_nano.a(libc_a-freer.o)
                0x080054a0                _free_r
 .text.__sfputc_r
                0x08005534       0x2e C:/ST/STM32CubeCLT_1.20.0/GNU-tools-for-STM32/bin/../lib/gcc/arm-none-eabi/13.3.1/../../../../arm-none-eabi/lib/thumb/v7e-m+fp/hard\libg_nano.a(libc_a-nano-vfprintf.o)
 .text.__sfputs_r
                0x08005562       0x24 C:/ST/STM32CubeCLT_1.20.0/GNU-tools-for-STM32/bin/../lib/gcc/arm-none-eabi/13.3.1/../../../../arm-none-eabi/lib/thumb/v7e-m+fp/hard\libg_nano.a(libc_a-nano-vfprintf.o)
                0x08005562                __sfputs_r
 *fill*         0x08005586        0x2 
 .text._vfprintf_r
                0x08005588      0x230 C:/ST/STM32CubeCLT_1.20.0/GNU-tools-for-STM32/bin/../lib/gcc/arm-none-eabi/13.3.1/../../../../arm-none-eabi/lib/thumb/v7e-m+fp/hard\libg_nano.a(libc_a-nano-vfprintf.o)
                0x08005588                _vfprintf_r
                0x08005588                _vfiprintf_r
 .text._printf_common
                0x080057b8       0xda C:/ST/STM32CubeCLT_1.20.0/GNU-tools-for-STM32/bin/../lib/gcc/arm-none-eabi/13.3.1/../../../../arm-none-eabi/lib/thumb/v7e-m+fp/hard\libg_nano.a(libc_a-nano-vfprintf_i.o)
                0x080057b8                _printf_common
 *fill*         0x08005892        0x2 
 .text._printf_i
                0x08005894      0x23c C:/ST/STM32CubeCLT_1.20.0/GNU-tools-for-STM32/bin/../lib/gcc/arm-none-eabi/13.3.1/../../../../arm-none-eabi/lib/thumb/v7e-m+fp/hard\libg_nano.a(libc_a-nano-vfprintf_i.o)
                0x08005894                _printf_i
 .text.__sflush_r
                0x08005ad0      0x108 C:/ST/STM32CubeCLT_1.20.0/GNU-tools-for-STM32/bin/../lib/gcc/arm-none-eabi/13.3.1/../../../../arm-none-eabi/lib/thumb/v7e-m+fp/hard\libg_nano.a(libc_a-fflush.o)
                0x08005ad0                __sflush_r
 .text._fflush_r
                0x08005bd8       0x50 C:/ST/STM32CubeCLT_1.20.0/GNU-tools-for-STM32/bin/../lib/gcc/arm-none-eabi/13.3.1/../../../../arm-none-eabi/lib/thumb/v7e-m+fp/hard\libg_nano.a(libc_a-fflush.o)
                0x08005bd8                _fflush_r
 .text.__swbuf_r
                0x08005c28       0x7c C:/ST/STM32CubeCLT_1.20.0/GNU-tools-for-STM32/bin/../lib/gcc/arm-none-eabi/13.3.1/../../../../arm-none-eabi/lib/thumb/v7e-m+fp/hard\libg_nano.a(libc_a-wbuf.o)
                0x08005c28                __swbuf_r
 .text.__swsetup_r
                0x08005ca4       0xac C:/ST/STM32CubeCLT_1.20.0/GNU-tools-for-STM32/bin/../lib/gcc/arm-none-eabi/13.3.1/../../../../arm-none-eabi/lib/thumb/v7e-m+fp/hard\libg_nano.a(libc_a-wsetup.o)
                0x08005ca4                __swsetup_r
 .text.__swhatbuf_r
                0x08005d50       0x4c C:/ST/STM32CubeCLT_1.20.0/GNU-tools-for-STM32/bin/../lib/gcc/arm-none-eabi/13.3.1/../../../../arm-none-eabi/lib/thumb/v7e-m+fp/hard\libg_nano.a(libc_a-makebuf.o)
                0x08005d50                __swhatbuf_r
 .text.__smakebuf_r
                0x08005d9c       0x78 C:/ST/STM32CubeCLT_1.20.0/GNU-tools-for-STM32/bin/../lib/gcc/arm-none-eabi/13.3.1/../../../../arm-none-eabi/lib/thumb/v7e-m+fp/hard\libg_nano.a(libc_a-makebuf.o)
                0x08005d9c                __smakebuf_r
 .text._fstat_r
                0x08005e14       0x24 C:/ST/STM32CubeCLT_1.20.0/GNU-tools-for-STM32/bin/../lib/gcc/arm-none-eabi/13.3.1/../../../../arm-none-eabi/lib/thumb/v7e-m+fp/hard\libg_nano.a(libc_a-fstatr.o)
                0x08005e14                _fstat_r
 .text._isatty_r
                0x08005e38       0x20 C:/ST/STM32CubeCLT_1.20.0/GNU-tools-for-STM32/bin/../lib/gcc/arm-none-eabi/13.3.1/../../../../arm-none-eabi/lib/thumb/v7e-m+fp/hard\libg_nano.a(libc_a-isattyr.o)
                0x08005e38                _isatty_r
 *(.glue_7)
 .glue_7        0x08005e58        0x0 linker stubs
 *(.glue_7t)
 .glue_7t       0x08005e58        0x0 linker stubs
 *(.eh_frame)
 .eh_frame      0x08005e58        0x0 C:/ST/STM32CubeCLT_1.20.0/GNU-tools-for-STM32/bin/../lib/gcc/arm-none-eabi/13.3.1/thumb/v7e-m+fp/hard/crtbegin.o
 *(.init)
 .init          0x08005e58        0x4 C:/ST/STM32CubeCLT_1.20.0/GNU-tools-for-STM32/bin/../lib/gcc/arm-none-eabi/13.3.1/thumb/v7e-m+fp/hard/crti.o
                0x08005e58                _init
 .init          0x08005e5c        0x8 C:/ST/STM32CubeCLT_1.20.0/GNU-tools-for-STM32/bin/../lib/gcc/arm-none-eabi/13.3.1/thumb/v7e-m+fp/hard/crtn.o
 *(.fini)
 .fini          0x08005e64        0x4 C:/ST/STM32CubeCLT_1.20.0/GNU-tools-for-STM32/bin/../lib/gcc/arm-none-eabi/13.3.1/thumb/v7e-m+fp/hard/crti.o
                0x08005e64                _fini
 .fini          0x08005e68        0x8 C:/ST/STM32CubeCLT_1.20.0/GNU-tools-for-STM32/bin/../lib/gcc/arm-none-eabi/13.3.1/thumb/v7e-m+fp/hard/crtn.o
                0x08005e70                        . = ALIGN (0x4)
                0x08005e70                        _etext = .

.vfp11_veneer   0x08005e70        0x0
 .vfp11_veneer  0x08005e70        0x0 linker stubs

.v4_bx          0x08005e70        0x0
 .v4_bx         0x08005e70        0x0 linker stubs

.iplt           0x08005e70        0x0
 .iplt          0x08005e70        0x0 C:/ST/STM32CubeCLT_1.20.0/GNU-tools-for-STM32/bin/../lib/gcc/arm-none-eabi/13.3.1/thumb/v7e-m+fp/hard/crtbegin.o

.entry          0x08005e70       0x22
 .entry         0x08005e70       0x22 CMakeFiles/STM32F407ZGT6.dir/app/src/main.cpp.obj
                0x08005e70                stm32f407zgt6_node_main

.rodata         0x08005e94     0x13a8
                0x08005e94                        . = ALIGN (0x4)
 *(.rodata)
 .rodata        0x08005e94      0x2f7 mini_tree/libmini_tree.a(board_driver.c.obj)
 *fill*         0x0800618b        0x1 
 .rodata        0x0800618c      0x166 mini_tree/libmini_tree.a(system_init.cpp.obj)
 *fill*         0x080062f2        0x2 
 .rodata        0x080062f4      0x10f mini_tree/libmini_tree.a(system_scrubber.cpp.obj)
 *fill*         0x08006403        0x1 
 .rodata        0x08006404      0x1c4 mini_tree/libmini_tree.a(system_wdt.cpp.obj)
 .rodata        0x080065c8       0x28 mini_tree/libmini_tree.a(safe_state.c.obj)
 .rodata        0x080065f0       0x63 mini_tree/libmini_tree.a(osal_null.c.obj)
 *fill*         0x08006653        0x1 
 .rodata        0x08006654       0x62 mini_tree/libmini_tree.a(board_device.c.obj)
 *fill*         0x080066b6        0x2 
 .rodata        0x080066b8       0x34 mini_tree/libmini_tree.a(board_dma.c.obj)
 .rodata        0x080066ec      0x484 mini_tree/libmini_tree.a(board_devtable.c.obj)
 .rodata        0x08006b70      0x1bb mini_tree/libmini_tree.a(event_bus.c.obj)
 *(.rodata*)
 *fill*         0x08006d2b        0x1 
 .rodata.AHBPrescTable
                0x08006d2c       0x10 cmake/stm32cubemx/CMakeFiles/STM32_Drivers.dir/__/__/Core/Src/system_stm32f4xx.c.obj
                0x08006d2c                AHBPrescTable
 .rodata.APBPrescTable
                0x08006d3c        0x8 cmake/stm32cubemx/CMakeFiles/STM32_Drivers.dir/__/__/Core/Src/system_stm32f4xx.c.obj
                0x08006d3c                APBPrescTable
 .rodata.flagBitshiftOffset.0
                0x08006d44        0x8 cmake/stm32cubemx/CMakeFiles/STM32_Drivers.dir/__/__/Drivers/STM32F4xx_HAL_Driver/Src/stm32f4xx_hal_dma.c.obj
 .rodata.s_probe_fns
                0x08006d4c       0x2c mini_tree/libmini_tree.a(board_probe.c.obj)
 .rodata.s_probe_order
                0x08006d78        0xb mini_tree/libmini_tree.a(board_probe.c.obj)
 *fill*         0x08006d83        0x1 
 .rodata.s_cascade_data
                0x08006d84        0x1 mini_tree/libmini_tree.a(board_probe.c.obj)
 *fill*         0x08006d85        0x3 
 .rodata.s_cascade_counts
                0x08006d88        0xb mini_tree/libmini_tree.a(board_probe.c.obj)
 *fill*         0x08006d93        0x1 
 .rodata.s_cascade_offset
                0x08006d94       0x16 mini_tree/libmini_tree.a(board_probe.c.obj)
 *fill*         0x08006daa        0x2 
 .rodata.DEV__props
                0x08006dac       0x18 mini_tree/libmini_tree.a(board_devtable.c.obj)
 .rodata.DEV_cpu_0_props
                0x08006dc4       0x18 mini_tree/libmini_tree.a(board_devtable.c.obj)
 .rodata.DEV_soc_props
                0x08006ddc       0x18 mini_tree/libmini_tree.a(board_devtable.c.obj)
 .rodata.DEV_gpio_0_props
                0x08006df4       0x18 mini_tree/libmini_tree.a(board_devtable.c.obj)
 .rodata.DEV_gpios_pin_0_props
                0x08006e0c       0x38 mini_tree/libmini_tree.a(board_devtable.c.obj)
 .rodata.DEV_dma_spi1_rx_props
                0x08006e44       0x28 mini_tree/libmini_tree.a(board_devtable.c.obj)
 .rodata.DEV_dma_spi1_tx_props
                0x08006e6c       0x28 mini_tree/libmini_tree.a(board_devtable.c.obj)
 .rodata.DEV_dma_uart4_tx_props
                0x08006e94       0x28 mini_tree/libmini_tree.a(board_devtable.c.obj)
 .rodata.DEV_spi_0_props
                0x08006ebc       0x70 mini_tree/libmini_tree.a(board_devtable.c.obj)
 .rodata.DEV_w25q64_0_props
                0x08006f2c       0x30 mini_tree/libmini_tree.a(board_devtable.c.obj)
 .rodata.DEV_uart_0_props
                0x08006f5c       0x60 mini_tree/libmini_tree.a(board_devtable.c.obj)
 .rodata.DEV_w25q64_0_deps
                0x08006fbc        0x1 mini_tree/libmini_tree.a(board_devtable.c.obj)
 *fill*         0x08006fbd        0x3 
 .rodata.DEV_cpu_0_REG_DATA
                0x08006fc0        0x4 mini_tree/libmini_tree.a(board_devtable.c.obj)
 .rodata.DEV_gpio_0_REG_DATA
                0x08006fc4        0x4 mini_tree/libmini_tree.a(board_devtable.c.obj)
 .rodata.DEV_gpios_pin_0_REG_DATA
                0x08006fc8        0x4 mini_tree/libmini_tree.a(board_devtable.c.obj)
 .rodata.DEV_dma_spi1_rx_REG_DATA
                0x08006fcc        0x4 mini_tree/libmini_tree.a(board_devtable.c.obj)
 .rodata.DEV_dma_spi1_tx_REG_DATA
                0x08006fd0        0x4 mini_tree/libmini_tree.a(board_devtable.c.obj)
 .rodata.DEV_dma_uart4_tx_REG_DATA
                0x08006fd4        0x4 mini_tree/libmini_tree.a(board_devtable.c.obj)
 .rodata.DEV_spi_0_REG_DATA
                0x08006fd8        0x4 mini_tree/libmini_tree.a(board_devtable.c.obj)
 .rodata.DEV_w25q64_0_REG_DATA
                0x08006fdc        0x4 mini_tree/libmini_tree.a(board_devtable.c.obj)
 .rodata.DEV_uart_0_REG_DATA
                0x08006fe0        0x4 mini_tree/libmini_tree.a(board_devtable.c.obj)
 .rodata.DEV_cpu_0_REGS
                0x08006fe4        0xc mini_tree/libmini_tree.a(board_devtable.c.obj)
 .rodata.DEV_gpio_0_REGS
                0x08006ff0        0xc mini_tree/libmini_tree.a(board_devtable.c.obj)
 .rodata.DEV_gpios_pin_0_REGS
                0x08006ffc        0xc mini_tree/libmini_tree.a(board_devtable.c.obj)
 .rodata.DEV_dma_spi1_rx_REGS
                0x08007008        0xc mini_tree/libmini_tree.a(board_devtable.c.obj)
 .rodata.DEV_dma_spi1_tx_REGS
                0x08007014        0xc mini_tree/libmini_tree.a(board_devtable.c.obj)
 .rodata.DEV_dma_uart4_tx_REGS
                0x08007020        0xc mini_tree/libmini_tree.a(board_devtable.c.obj)
 .rodata.DEV_spi_0_REGS
                0x0800702c        0xc mini_tree/libmini_tree.a(board_devtable.c.obj)
 .rodata.DEV_w25q64_0_REGS
                0x08007038        0xc mini_tree/libmini_tree.a(board_devtable.c.obj)
 .rodata.DEV_uart_0_REGS
                0x08007044        0xc mini_tree/libmini_tree.a(board_devtable.c.obj)
 .rodata.s_nodes
                0x08007050      0x1b8 mini_tree/libmini_tree.a(board_devtable.c.obj)
 .rodata._vfprintf_r.str1.1
                0x08007208       0x33 C:/ST/STM32CubeCLT_1.20.0/GNU-tools-for-STM32/bin/../lib/gcc/arm-none-eabi/13.3.1/../../../../arm-none-eabi/lib/thumb/v7e-m+fp/hard\libg_nano.a(libc_a-nano-vfprintf.o)
                                 0x11 (size before relaxing)
 .rodata._printf_i.str1.1
                0x0800723b        0x0 C:/ST/STM32CubeCLT_1.20.0/GNU-tools-for-STM32/bin/../lib/gcc/arm-none-eabi/13.3.1/../../../../arm-none-eabi/lib/thumb/v7e-m+fp/hard\libg_nano.a(libc_a-nano-vfprintf_i.o)
                                 0x22 (size before relaxing)
                0x0800723c                        . = ALIGN (0x4)
 *fill*         0x0800723b        0x1 

.ARM.extab      0x0800723c        0x0
                0x0800723c                        . = ALIGN (0x4)
 *(.ARM.extab* .gnu.linkonce.armextab.*)
                0x0800723c                        . = ALIGN (0x4)

.ARM            0x0800723c        0x8
                0x0800723c                        . = ALIGN (0x4)
                0x0800723c                        __exidx_start = .
 *(.ARM.exidx*)
 .ARM.exidx     0x0800723c        0x8 C:/ST/STM32CubeCLT_1.20.0/GNU-tools-for-STM32/bin/../lib/gcc/arm-none-eabi/13.3.1/thumb/v7e-m+fp/hard\libgcc.a(_udivmoddi4.o)
 .ARM.exidx     0x08007244        0x0 C:/ST/STM32CubeCLT_1.20.0/GNU-tools-for-STM32/bin/../lib/gcc/arm-none-eabi/13.3.1/../../../../arm-none-eabi/lib/thumb/v7e-m+fp/hard\libg_nano.a(libc_a-strcmp.o)
                                  0x8 (size before relaxing)
 .ARM.exidx     0x08007244        0x0 C:/ST/STM32CubeCLT_1.20.0/GNU-tools-for-STM32/bin/../lib/gcc/arm-none-eabi/13.3.1/../../../../arm-none-eabi/lib/thumb/v7e-m+fp/hard\libg_nano.a(libc_a-memchr.o)
                                  0x8 (size before relaxing)
                0x08007244                        __exidx_end = .
                0x08007244                        . = ALIGN (0x4)

.preinit_array  0x08007244        0x0
                0x08007244                        . = ALIGN (0x4)
                0x08007244                        PROVIDE (__preinit_array_start = .)
 *(.preinit_array*)
                0x08007244                        PROVIDE (__preinit_array_end = .)
                0x08007244                        . = ALIGN (0x4)

.init_array     0x08007244       0x14
                0x08007244                        . = ALIGN (0x4)
                0x08007244                        PROVIDE (__init_array_start = .)
 *(SORT_BY_NAME(.init_array.*))
 .init_array.00150
                0x08007244        0x4 CMakeFiles/STM32F407ZGT6.dir/app/src/main.cpp.obj
 .init_array.00250
                0x08007248        0x4 mini_tree/libmini_tree.a(osal_null.c.obj)
 .init_array.00251
                0x0800724c        0x4 mini_tree/libmini_tree.a(osal_null.c.obj)
 .init_array.00252
                0x08007250        0x4 mini_tree/libmini_tree.a(osal_null.c.obj)
 *(.init_array*)
 .init_array    0x08007254        0x4 C:/ST/STM32CubeCLT_1.20.0/GNU-tools-for-STM32/bin/../lib/gcc/arm-none-eabi/13.3.1/thumb/v7e-m+fp/hard/crtbegin.o
                0x08007258                        PROVIDE (__init_array_end = .)
                0x08007258                        . = ALIGN (0x4)

.fini_array     0x08007258        0x4
                0x08007258                        . = ALIGN (0x4)
                [!provide]                        PROVIDE (__fini_array_start = .)
 *(SORT_BY_NAME(.fini_array.*))
 *(.fini_array*)
 .fini_array    0x08007258        0x4 C:/ST/STM32CubeCLT_1.20.0/GNU-tools-for-STM32/bin/../lib/gcc/arm-none-eabi/13.3.1/thumb/v7e-m+fp/hard/crtbegin.o
                [!provide]                        PROVIDE (__fini_array_end = .)
                0x0800725c                        . = ALIGN (0x4)
                0x0800725c                        _siccmram = LOADADDR (.ccmram)

.rel.dyn        0x0800725c        0x0
 .rel.iplt      0x0800725c        0x0 C:/ST/STM32CubeCLT_1.20.0/GNU-tools-for-STM32/bin/../lib/gcc/arm-none-eabi/13.3.1/thumb/v7e-m+fp/hard/crtbegin.o

.ccmram         0x10000000        0x0 load address 0x0800725c
                0x10000000                        . = ALIGN (0x4)
                0x10000000                        _sccmram = .
 *(.ccmram)
 *(.ccmram*)
                0x10000000                        . = ALIGN (0x4)
                0x10000000                        _eccmram = .
                0x0800725c                        _sidata = LOADADDR (.data)

.data           0x20000000       0x74 load address 0x0800725c
                0x20000000                        . = ALIGN (0x4)
                0x20000000                        _sdata = .
 *(.data)
 *(.data*)
 .data.SystemCoreClock
                0x20000000        0x4 cmake/stm32cubemx/CMakeFiles/STM32_Drivers.dir/__/__/Core/Src/system_stm32f4xx.c.obj
                0x20000000                SystemCoreClock
 .data.uwTickPrio
                0x20000004        0x4 cmake/stm32cubemx/CMakeFiles/STM32_Drivers.dir/__/__/Drivers/STM32F4xx_HAL_Driver/Src/stm32f4xx_hal.c.obj
                0x20000004                uwTickPrio
 .data.uwTickFreq
                0x20000008        0x1 cmake/stm32cubemx/CMakeFiles/STM32_Drivers.dir/__/__/Drivers/STM32F4xx_HAL_Driver/Src/stm32f4xx_hal.c.obj
                0x20000008                uwTickFreq
 *fill*         0x20000009        0x3 
 .data.kTag     0x2000000c        0x4 mini_tree/libmini_tree.a(board_driver.c.obj)
 .data._ZL23s_rtc_normal_timeout_ms
                0x20000010        0x4 mini_tree/libmini_tree.a(system_wdt.cpp.obj)
 .data.xorshift_state
                0x20000014        0x4 mini_tree/libmini_tree.a(osal_null.c.obj)
 .data.__sglue  0x20000018        0xc C:/ST/STM32CubeCLT_1.20.0/GNU-tools-for-STM32/bin/../lib/gcc/arm-none-eabi/13.3.1/../../../../arm-none-eabi/lib/thumb/v7e-m+fp/hard\libg_nano.a(libc_a-findfp.o)
                0x20000018                __sglue
 .data._impure_ptr
                0x20000024        0x4 C:/ST/STM32CubeCLT_1.20.0/GNU-tools-for-STM32/bin/../lib/gcc/arm-none-eabi/13.3.1/../../../../arm-none-eabi/lib/thumb/v7e-m+fp/hard\libg_nano.a(libc_a-impure.o)
                0x20000024                _impure_ptr
 .data._impure_data
                0x20000028       0x4c C:/ST/STM32CubeCLT_1.20.0/GNU-tools-for-STM32/bin/../lib/gcc/arm-none-eabi/13.3.1/../../../../arm-none-eabi/lib/thumb/v7e-m+fp/hard\libg_nano.a(libc_a-impure.o)
                0x20000028                _impure_data
 *(.RamFunc)
 *(.RamFunc*)
                0x20000074                        . = ALIGN (0x4)

.igot.plt       0x20000074        0x0 load address 0x080072d0
 .igot.plt      0x20000074        0x0 C:/ST/STM32CubeCLT_1.20.0/GNU-tools-for-STM32/bin/../lib/gcc/arm-none-eabi/13.3.1/thumb/v7e-m+fp/hard/crtbegin.o

.tdata          0x20000074        0x0 load address 0x080072d0
 *(.tdata .tdata.* .gnu.linkonce.td.*)
                0x20000074                        . = ALIGN (0x4)
                0x20000074                        _edata = .
                [!provide]                        PROVIDE (__data_end = .)
                [!provide]                        PROVIDE (__tdata_end = .)
                [!provide]                        PROVIDE (__tdata_start = ADDR (.tdata))
                [!provide]                        PROVIDE (__tdata_size = (__tdata_end - __tdata_start))
                [!provide]                        PROVIDE (__data_start = ADDR (.data))
                [!provide]                        PROVIDE (__data_size = (__data_end - __data_start))
                [!provide]                        PROVIDE (__tdata_source = LOADADDR (.tdata))
                [!provide]                        PROVIDE (__tdata_source_end = (LOADADDR (.tdata) + SIZEOF (.tdata)))
                [!provide]                        PROVIDE (__tdata_source_size = (__tdata_source_end - __tdata_source))
                [!provide]                        PROVIDE (__data_source = LOADADDR (.data))
                [!provide]                        PROVIDE (__data_source_end = __tdata_source_end)
                [!provide]                        PROVIDE (__data_source_size = (__data_source_end - __data_source))

.tbss           0x20000074        0x0 load address 0x080072d0
                0x20000074                        _sbss = .
                0x20000074                        __bss_start__ = _sbss
 *(.tbss .tbss.*)
                0x20000074                        . = ALIGN (0x4)
                [!provide]                        PROVIDE (__tbss_end = .)
                [!provide]                        PROVIDE (__tbss_start = ADDR (.tbss))
                [!provide]                        PROVIDE (__tbss_size = (__tbss_end - __tbss_start))
                [!provide]                        PROVIDE (__tbss_offset = (ADDR (.tbss) - ADDR (.tdata)))
                [!provide]                        PROVIDE (__tls_base = __tdata_start)
                [!provide]                        PROVIDE (__tls_end = __tbss_end)
                [!provide]                        PROVIDE (__tls_size = (__tls_end - __tls_base))
                [!provide]                        PROVIDE (__tls_align = MAX (ALIGNOF (.tdata), ALIGNOF (.tbss)))
                [!provide]                        PROVIDE (__tls_size_align = (((__tls_size + __tls_align) - 0x1) & ~ ((__tls_align - 0x1))))
                [!provide]                        PROVIDE (__arm32_tls_tcb_offset = MAX (0x8, __tls_align))
                [!provide]                        PROVIDE (__arm64_tls_tcb_offset = MAX (0x10, __tls_align))

.bss            0x20000074      0xfe0 load address 0x080072d0
 *(.bss)
 .bss           0x20000074       0x1c C:/ST/STM32CubeCLT_1.20.0/GNU-tools-for-STM32/bin/../lib/gcc/arm-none-eabi/13.3.1/thumb/v7e-m+fp/hard/crtbegin.o
 *(.bss*)
 .bss.uwTick    0x20000090        0x4 cmake/stm32cubemx/CMakeFiles/STM32_Drivers.dir/__/__/Drivers/STM32F4xx_HAL_Driver/Src/stm32f4xx_hal.c.obj
                0x20000090                uwTick
 .bss.__sbrk_heap_end
                0x20000094        0x4 CMakeFiles/STM32F407ZGT6.dir/Core/Src/sysmem.c.obj
 .bss.s_shutdown_entered
                0x20000098        0x4 mini_tree/libmini_tree.a(board_driver.c.obj)
 .bss.g_system_os_initialized
                0x2000009c        0x1 mini_tree/libmini_tree.a(system_init.cpp.obj)
                0x2000009c                g_system_os_initialized
 *fill*         0x2000009d        0x3 
 .bss._ZL8s_handle
                0x200000a0        0x4 mini_tree/libmini_tree.a(system_scrubber.cpp.obj)
 .bss._ZL9s_running
                0x200000a4        0x1 mini_tree/libmini_tree.a(system_scrubber.cpp.obj)
 .bss._ZL13s_initialized
                0x200000a5        0x1 mini_tree/libmini_tree.a(system_wdt.cpp.obj)
 .bss._ZL16s_rtc_wdt_active
                0x200000a6        0x1 mini_tree/libmini_tree.a(system_wdt.cpp.obj)
 *fill*         0x200000a7        0x1 
 .bss.s_panic_counter
                0x200000a8        0x4 mini_tree/libmini_tree.a(safe_state.c.obj)
 .bss.s_queues  0x200000ac       0x70 mini_tree/libmini_tree.a(osal_null.c.obj)
 .bss.s_queue_used
                0x2000011c        0x4 mini_tree/libmini_tree.a(osal_null.c.obj)
 .bss.s_queue_pool_ctrl
                0x20000120       0x18 mini_tree/libmini_tree.a(osal_null.c.obj)
 .bss.s_mutex_used
                0x20000138        0xc mini_tree/libmini_tree.a(osal_null.c.obj)
 .bss.s_mutex_pool_ctrl
                0x20000144       0x18 mini_tree/libmini_tree.a(osal_null.c.obj)
 .bss.s_sys_tick_ms
                0x2000015c        0x4 mini_tree/libmini_tree.a(osal_null.c.obj)
 .bss.s_isr_nest
                0x20000160        0x4 mini_tree/libmini_tree.a(osal_null.c.obj)
 .bss.s_sem_used
                0x20000164        0x8 mini_tree/libmini_tree.a(osal_null.c.obj)
 .bss.s_sem_pool_ctrl
                0x2000016c       0x18 mini_tree/libmini_tree.a(osal_null.c.obj)
 .bss.s_devices
                0x20000184      0x1b8 mini_tree/libmini_tree.a(board_device.c.obj)
 .bss.s_device_lock_storage
                0x2000033c      0x420 mini_tree/libmini_tree.a(board_device.c.obj)
 .bss.s_status_lock_storage
                0x2000075c       0x20 mini_tree/libmini_tree.a(board_device.c.obj)
 .bss.s_bus     0x2000077c       0xf8 mini_tree/libmini_tree.a(event_bus.c.obj)
 .bss.s_dma_handles
                0x20000874      0x600 mini_tree/libmini_tree.a(hal_dma_stm32.c.obj)
 .bss.s_dma_nodes
                0x20000e74       0x80 mini_tree/libmini_tree.a(hal_dma_stm32.c.obj)
 .bss.s_dma_inited
                0x20000ef4       0x10 mini_tree/libmini_tree.a(hal_dma_stm32.c.obj)
 .bss.s_dma_node_count
                0x20000f04        0x1 mini_tree/libmini_tree.a(hal_dma_stm32.c.obj)
 *fill*         0x20000f05        0x3 
 .bss.__malloc_sbrk_start
                0x20000f08        0x4 C:/ST/STM32CubeCLT_1.20.0/GNU-tools-for-STM32/bin/../lib/gcc/arm-none-eabi/13.3.1/../../../../arm-none-eabi/lib/thumb/v7e-m+fp/hard\libg_nano.a(libc_a-mallocr.o)
                0x20000f08                __malloc_sbrk_start
 .bss.__malloc_free_list
                0x20000f0c        0x4 C:/ST/STM32CubeCLT_1.20.0/GNU-tools-for-STM32/bin/../lib/gcc/arm-none-eabi/13.3.1/../../../../arm-none-eabi/lib/thumb/v7e-m+fp/hard\libg_nano.a(libc_a-mallocr.o)
                0x20000f0c                __malloc_free_list
 .bss.__sf      0x20000f10      0x138 C:/ST/STM32CubeCLT_1.20.0/GNU-tools-for-STM32/bin/../lib/gcc/arm-none-eabi/13.3.1/../../../../arm-none-eabi/lib/thumb/v7e-m+fp/hard\libg_nano.a(libc_a-findfp.o)
                0x20000f10                __sf
 .bss.__stdio_exit_handler
                0x20001048        0x4 C:/ST/STM32CubeCLT_1.20.0/GNU-tools-for-STM32/bin/../lib/gcc/arm-none-eabi/13.3.1/../../../../arm-none-eabi/lib/thumb/v7e-m+fp/hard\libg_nano.a(libc_a-findfp.o)
                0x20001048                __stdio_exit_handler
 .bss.errno     0x2000104c        0x4 C:/ST/STM32CubeCLT_1.20.0/GNU-tools-for-STM32/bin/../lib/gcc/arm-none-eabi/13.3.1/../../../../arm-none-eabi/lib/thumb/v7e-m+fp/hard\libg_nano.a(libc_a-reent.o)
                0x2000104c                errno
 .bss.__lock___malloc_recursive_mutex
                0x20001050        0x1 C:/ST/STM32CubeCLT_1.20.0/GNU-tools-for-STM32/bin/../lib/gcc/arm-none-eabi/13.3.1/../../../../arm-none-eabi/lib/thumb/v7e-m+fp/hard\libg_nano.a(libc_a-lock.o)
                0x20001050                __lock___malloc_recursive_mutex
 .bss.__lock___sfp_recursive_mutex
                0x20001051        0x1 C:/ST/STM32CubeCLT_1.20.0/GNU-tools-for-STM32/bin/../lib/gcc/arm-none-eabi/13.3.1/../../../../arm-none-eabi/lib/thumb/v7e-m+fp/hard\libg_nano.a(libc_a-lock.o)
                0x20001051                __lock___sfp_recursive_mutex
 *(COMMON)
                0x20001054                        . = ALIGN (0x4)
 *fill*         0x20001052        0x2 
                0x20001054                        _ebss = .
                0x20001054                        __bss_end__ = _ebss
                [!provide]                        PROVIDE (__bss_end = .)
                [!provide]                        PROVIDE (__non_tls_bss_start = ADDR (.bss))
                [!provide]                        PROVIDE (__bss_start = __tbss_start)
                [!provide]                        PROVIDE (__bss_size = (__bss_end - __bss_start))

._user_heap_stack
                0x20001054     0x1204 load address 0x080072d0
                0x20001058                        . = ALIGN (0x8)
 *fill*         0x20001054        0x4 
                [!provide]                        PROVIDE (end = .)
                0x20001058                        PROVIDE (_end = .)
                0x20001258                        . = (. + _Min_Heap_Size)
 *fill*         0x20001058      0x200 
                0x20002258                        . = (. + _Min_Stack_Size)
 *fill*         0x20001258     0x1000 
                0x20002258                        . = ALIGN (0x8)

/DISCARD/
 libc.a:*(*)
 libm.a:*(*)
 libgcc.a:*(*)
                0xfffff000                        PROVIDE (ERR_SECTION_BASE = 0xfffff000)
OUTPUT(STM32F407ZGT6.elf elf32-littlearm)
LOAD linker stubs

.ARM.attributes
                0x00000000       0x30
 .ARM.attributes
                0x00000000       0x22 C:/ST/STM32CubeCLT_1.20.0/GNU-tools-for-STM32/bin/../lib/gcc/arm-none-eabi/13.3.1/thumb/v7e-m+fp/hard/crti.o
 .ARM.attributes
                0x00000022       0x34 C:/ST/STM32CubeCLT_1.20.0/GNU-tools-for-STM32/bin/../lib/gcc/arm-none-eabi/13.3.1/thumb/v7e-m+fp/hard/crtbegin.o
 .ARM.attributes
                0x00000056       0x34 cmake/stm32cubemx/CMakeFiles/STM32_Drivers.dir/__/__/Core/Src/system_stm32f4xx.c.obj
 .ARM.attributes
                0x0000008a       0x34 cmake/stm32cubemx/CMakeFiles/STM32_Drivers.dir/__/__/Drivers/STM32F4xx_HAL_Driver/Src/stm32f4xx_ll_gpio.c.obj
 .ARM.attributes
                0x000000be       0x34 cmake/stm32cubemx/CMakeFiles/STM32_Drivers.dir/__/__/Drivers/STM32F4xx_HAL_Driver/Src/stm32f4xx_hal_rcc.c.obj
 .ARM.attributes
                0x000000f2       0x34 cmake/stm32cubemx/CMakeFiles/STM32_Drivers.dir/__/__/Drivers/STM32F4xx_HAL_Driver/Src/stm32f4xx_hal_dma.c.obj
 .ARM.attributes
                0x00000126       0x34 cmake/stm32cubemx/CMakeFiles/STM32_Drivers.dir/__/__/Drivers/STM32F4xx_HAL_Driver/Src/stm32f4xx_hal_cortex.c.obj
 .ARM.attributes
                0x0000015a       0x34 cmake/stm32cubemx/CMakeFiles/STM32_Drivers.dir/__/__/Drivers/STM32F4xx_HAL_Driver/Src/stm32f4xx_hal.c.obj
 .ARM.attributes
                0x0000018e       0x34 cmake/stm32cubemx/CMakeFiles/STM32_Drivers.dir/__/__/Drivers/STM32F4xx_HAL_Driver/Src/stm32f4xx_ll_rcc.c.obj
 .ARM.attributes
                0x000001c2       0x34 cmake/stm32cubemx/CMakeFiles/STM32_Drivers.dir/__/__/Drivers/STM32F4xx_HAL_Driver/Src/stm32f4xx_ll_spi.c.obj
 .ARM.attributes
                0x000001f6       0x34 cmake/stm32cubemx/CMakeFiles/STM32_Drivers.dir/__/__/Drivers/STM32F4xx_HAL_Driver/Src/stm32f4xx_ll_usart.c.obj
 .ARM.attributes
                0x0000022a       0x34 CMakeFiles/STM32F407ZGT6.dir/app/src/main.cpp.obj
 .ARM.attributes
                0x0000025e       0x34 CMakeFiles/STM32F407ZGT6.dir/Core/Src/spi.c.obj
 .ARM.attributes
                0x00000292       0x34 CMakeFiles/STM32F407ZGT6.dir/Core/Src/usart.c.obj
 .ARM.attributes
                0x000002c6       0x34 CMakeFiles/STM32F407ZGT6.dir/Core/Src/stm32f4xx_it.c.obj
 .ARM.attributes
                0x000002fa       0x34 CMakeFiles/STM32F407ZGT6.dir/Core/Src/stm32f4xx_hal_msp.c.obj
 .ARM.attributes
                0x0000032e       0x34 CMakeFiles/STM32F407ZGT6.dir/Core/Src/sysmem.c.obj
 .ARM.attributes
                0x00000362       0x34 CMakeFiles/STM32F407ZGT6.dir/Core/Src/syscalls.c.obj
 .ARM.attributes
                0x00000396       0x21 CMakeFiles/STM32F407ZGT6.dir/startup_stm32f407xx.s.obj
 .ARM.attributes
                0x000003b7       0x34 mini_tree/libmini_tree.a(board_driver.c.obj)
 .ARM.attributes
                0x000003eb       0x34 mini_tree/libmini_tree.a(board_probe.c.obj)
 .ARM.attributes
                0x0000041f       0x34 mini_tree/libmini_tree.a(production_log.c.obj)
 .ARM.attributes
                0x00000453       0x34 mini_tree/libmini_tree.a(system_init.cpp.obj)
 .ARM.attributes
                0x00000487       0x34 mini_tree/libmini_tree.a(system_scrubber.cpp.obj)
 .ARM.attributes
                0x000004bb       0x34 mini_tree/libmini_tree.a(system_wdt.cpp.obj)
 .ARM.attributes
                0x000004ef       0x34 mini_tree/libmini_tree.a(safe_state.c.obj)
 .ARM.attributes
                0x00000523       0x34 mini_tree/libmini_tree.a(osal_null.c.obj)
 .ARM.attributes
                0x00000557       0x34 mini_tree/libmini_tree.a(hal_stm32f407.c.obj)
 .ARM.attributes
                0x0000058b       0x34 mini_tree/libmini_tree.a(board_device.c.obj)
 .ARM.attributes
                0x000005bf       0x34 mini_tree/libmini_tree.a(board_dma.c.obj)
 .ARM.attributes
                0x000005f3       0x34 mini_tree/libmini_tree.a(dev_lifecycle.c.obj)
 .ARM.attributes
                0x00000627       0x34 mini_tree/libmini_tree.a(board_devtable.c.obj)
 .ARM.attributes
                0x0000065b       0x34 mini_tree/libmini_tree.a(event_bus.c.obj)
 .ARM.attributes
                0x0000068f       0x34 mini_tree/libmini_tree.a(printf_output.c.obj)
 .ARM.attributes
                0x000006c3       0x34 mini_tree/libmini_tree.a(hal_dma_stm32.c.obj)
 .ARM.attributes
                0x000006f7       0x22 C:/ST/STM32CubeCLT_1.20.0/GNU-tools-for-STM32/bin/../lib/gcc/arm-none-eabi/13.3.1/thumb/v7e-m+fp/hard\libgcc.a(_aeabi_uldivmod.o)
 .ARM.attributes
                0x00000719       0x34 C:/ST/STM32CubeCLT_1.20.0/GNU-tools-for-STM32/bin/../lib/gcc/arm-none-eabi/13.3.1/thumb/v7e-m+fp/hard\libgcc.a(_udivmoddi4.o)
 .ARM.attributes
                0x0000074d       0x22 C:/ST/STM32CubeCLT_1.20.0/GNU-tools-for-STM32/bin/../lib/gcc/arm-none-eabi/13.3.1/thumb/v7e-m+fp/hard\libgcc.a(_dvmd_tls.o)
 .ARM.attributes
                0x0000076f       0x34 C:/ST/STM32CubeCLT_1.20.0/GNU-tools-for-STM32/bin/../lib/gcc/arm-none-eabi/13.3.1/../../../../arm-none-eabi/lib/thumb/v7e-m+fp/hard\libg_nano.a(libc_a-calloc.o)
 .ARM.attributes
                0x000007a3       0x34 C:/ST/STM32CubeCLT_1.20.0/GNU-tools-for-STM32/bin/../lib/gcc/arm-none-eabi/13.3.1/../../../../arm-none-eabi/lib/thumb/v7e-m+fp/hard\libg_nano.a(libc_a-callocr.o)
 .ARM.attributes
                0x000007d7       0x34 C:/ST/STM32CubeCLT_1.20.0/GNU-tools-for-STM32/bin/../lib/gcc/arm-none-eabi/13.3.1/../../../../arm-none-eabi/lib/thumb/v7e-m+fp/hard\libg_nano.a(libc_a-malloc.o)
 .ARM.attributes
                0x0000080b       0x34 C:/ST/STM32CubeCLT_1.20.0/GNU-tools-for-STM32/bin/../lib/gcc/arm-none-eabi/13.3.1/../../../../arm-none-eabi/lib/thumb/v7e-m+fp/hard\libg_nano.a(libc_a-mallocr.o)
 .ARM.attributes
                0x0000083f       0x34 C:/ST/STM32CubeCLT_1.20.0/GNU-tools-for-STM32/bin/../lib/gcc/arm-none-eabi/13.3.1/../../../../arm-none-eabi/lib/thumb/v7e-m+fp/hard\libg_nano.a(libc_a-mlock.o)
 .ARM.attributes
                0x00000873       0x34 C:/ST/STM32CubeCLT_1.20.0/GNU-tools-for-STM32/bin/../lib/gcc/arm-none-eabi/13.3.1/../../../../arm-none-eabi/lib/thumb/v7e-m+fp/hard\libg_nano.a(libc_a-findfp.o)
 .ARM.attributes
                0x000008a7       0x34 C:/ST/STM32CubeCLT_1.20.0/GNU-tools-for-STM32/bin/../lib/gcc/arm-none-eabi/13.3.1/../../../../arm-none-eabi/lib/thumb/v7e-m+fp/hard\libg_nano.a(libc_a-fwalk.o)
 .ARM.attributes
                0x000008db       0x34 C:/ST/STM32CubeCLT_1.20.0/GNU-tools-for-STM32/bin/../lib/gcc/arm-none-eabi/13.3.1/../../../../arm-none-eabi/lib/thumb/v7e-m+fp/hard\libg_nano.a(libc_a-stdio.o)
 .ARM.attributes
                0x0000090f       0x34 C:/ST/STM32CubeCLT_1.20.0/GNU-tools-for-STM32/bin/../lib/gcc/arm-none-eabi/13.3.1/../../../../arm-none-eabi/lib/thumb/v7e-m+fp/hard\libg_nano.a(libc_a-vprintf.o)
 .ARM.attributes
                0x00000943       0x34 C:/ST/STM32CubeCLT_1.20.0/GNU-tools-for-STM32/bin/../lib/gcc/arm-none-eabi/13.3.1/../../../../arm-none-eabi/lib/thumb/v7e-m+fp/hard\libg_nano.a(libc_a-memset.o)
 .ARM.attributes
                0x00000977       0x34 C:/ST/STM32CubeCLT_1.20.0/GNU-tools-for-STM32/bin/../lib/gcc/arm-none-eabi/13.3.1/../../../../arm-none-eabi/lib/thumb/v7e-m+fp/hard\libg_nano.a(libc_a-closer.o)
 .ARM.attributes
                0x000009ab       0x34 C:/ST/STM32CubeCLT_1.20.0/GNU-tools-for-STM32/bin/../lib/gcc/arm-none-eabi/13.3.1/../../../../arm-none-eabi/lib/thumb/v7e-m+fp/hard\libg_nano.a(libc_a-reent.o)
 .ARM.attributes
                0x000009df       0x34 C:/ST/STM32CubeCLT_1.20.0/GNU-tools-for-STM32/bin/../lib/gcc/arm-none-eabi/13.3.1/../../../../arm-none-eabi/lib/thumb/v7e-m+fp/hard\libg_nano.a(libc_a-impure.o)
 .ARM.attributes
                0x00000a13       0x34 C:/ST/STM32CubeCLT_1.20.0/GNU-tools-for-STM32/bin/../lib/gcc/arm-none-eabi/13.3.1/../../../../arm-none-eabi/lib/thumb/v7e-m+fp/hard\libg_nano.a(libc_a-lseekr.o)
 .ARM.attributes
                0x00000a47       0x34 C:/ST/STM32CubeCLT_1.20.0/GNU-tools-for-STM32/bin/../lib/gcc/arm-none-eabi/13.3.1/../../../../arm-none-eabi/lib/thumb/v7e-m+fp/hard\libg_nano.a(libc_a-readr.o)
 .ARM.attributes
                0x00000a7b       0x34 C:/ST/STM32CubeCLT_1.20.0/GNU-tools-for-STM32/bin/../lib/gcc/arm-none-eabi/13.3.1/../../../../arm-none-eabi/lib/thumb/v7e-m+fp/hard\libg_nano.a(libc_a-sbrkr.o)
 .ARM.attributes
                0x00000aaf       0x34 C:/ST/STM32CubeCLT_1.20.0/GNU-tools-for-STM32/bin/../lib/gcc/arm-none-eabi/13.3.1/../../../../arm-none-eabi/lib/thumb/v7e-m+fp/hard\libg_nano.a(libc_a-writer.o)
 .ARM.attributes
                0x00000ae3       0x34 C:/ST/STM32CubeCLT_1.20.0/GNU-tools-for-STM32/bin/../lib/gcc/arm-none-eabi/13.3.1/../../../../arm-none-eabi/lib/thumb/v7e-m+fp/hard\libg_nano.a(libc_a-errno.o)
 .ARM.attributes
                0x00000b17       0x34 C:/ST/STM32CubeCLT_1.20.0/GNU-tools-for-STM32/bin/../lib/gcc/arm-none-eabi/13.3.1/../../../../arm-none-eabi/lib/thumb/v7e-m+fp/hard\libg_nano.a(libc_a-init.o)
 .ARM.attributes
                0x00000b4b       0x34 C:/ST/STM32CubeCLT_1.20.0/GNU-tools-for-STM32/bin/../lib/gcc/arm-none-eabi/13.3.1/../../../../arm-none-eabi/lib/thumb/v7e-m+fp/hard\libg_nano.a(libc_a-lock.o)
 .ARM.attributes
                0x00000b7f       0x20 C:/ST/STM32CubeCLT_1.20.0/GNU-tools-for-STM32/bin/../lib/gcc/arm-none-eabi/13.3.1/../../../../arm-none-eabi/lib/thumb/v7e-m+fp/hard\libg_nano.a(libc_a-strcmp.o)
 .ARM.attributes
                0x00000b9f       0x34 C:/ST/STM32CubeCLT_1.20.0/GNU-tools-for-STM32/bin/../lib/gcc/arm-none-eabi/13.3.1/../../../../arm-none-eabi/lib/thumb/v7e-m+fp/hard\libg_nano.a(libc_a-memcpy-stub.o)
 .ARM.attributes
                0x00000bd3       0x34 C:/ST/STM32CubeCLT_1.20.0/GNU-tools-for-STM32/bin/../lib/gcc/arm-none-eabi/13.3.1/../../../../arm-none-eabi/lib/thumb/v7e-m+fp/hard\libg_nano.a(libc_a-freer.o)
 .ARM.attributes
                0x00000c07       0x34 C:/ST/STM32CubeCLT_1.20.0/GNU-tools-for-STM32/bin/../lib/gcc/arm-none-eabi/13.3.1/../../../../arm-none-eabi/lib/thumb/v7e-m+fp/hard\libg_nano.a(libc_a-nano-vfprintf.o)
 .ARM.attributes
                0x00000c3b       0x34 C:/ST/STM32CubeCLT_1.20.0/GNU-tools-for-STM32/bin/../lib/gcc/arm-none-eabi/13.3.1/../../../../arm-none-eabi/lib/thumb/v7e-m+fp/hard\libg_nano.a(libc_a-nano-vfprintf_i.o)
 .ARM.attributes
                0x00000c6f       0x34 C:/ST/STM32CubeCLT_1.20.0/GNU-tools-for-STM32/bin/../lib/gcc/arm-none-eabi/13.3.1/../../../../arm-none-eabi/lib/thumb/v7e-m+fp/hard\libg_nano.a(libc_a-fflush.o)
 .ARM.attributes
                0x00000ca3       0x34 C:/ST/STM32CubeCLT_1.20.0/GNU-tools-for-STM32/bin/../lib/gcc/arm-none-eabi/13.3.1/../../../../arm-none-eabi/lib/thumb/v7e-m+fp/hard\libg_nano.a(libc_a-wbuf.o)
 .ARM.attributes
                0x00000cd7       0x34 C:/ST/STM32CubeCLT_1.20.0/GNU-tools-for-STM32/bin/../lib/gcc/arm-none-eabi/13.3.1/../../../../arm-none-eabi/lib/thumb/v7e-m+fp/hard\libg_nano.a(libc_a-wsetup.o)
 .ARM.attributes
                0x00000d0b       0x1c C:/ST/STM32CubeCLT_1.20.0/GNU-tools-for-STM32/bin/../lib/gcc/arm-none-eabi/13.3.1/../../../../arm-none-eabi/lib/thumb/v7e-m+fp/hard\libg_nano.a(libc_a-memchr.o)
 .ARM.attributes
                0x00000d27       0x34 C:/ST/STM32CubeCLT_1.20.0/GNU-tools-for-STM32/bin/../lib/gcc/arm-none-eabi/13.3.1/../../../../arm-none-eabi/lib/thumb/v7e-m+fp/hard\libg_nano.a(libc_a-makebuf.o)
 .ARM.attributes
                0x00000d5b       0x34 C:/ST/STM32CubeCLT_1.20.0/GNU-tools-for-STM32/bin/../lib/gcc/arm-none-eabi/13.3.1/../../../../arm-none-eabi/lib/thumb/v7e-m+fp/hard\libg_nano.a(libc_a-fstatr.o)
 .ARM.attributes
                0x00000d8f       0x34 C:/ST/STM32CubeCLT_1.20.0/GNU-tools-for-STM32/bin/../lib/gcc/arm-none-eabi/13.3.1/../../../../arm-none-eabi/lib/thumb/v7e-m+fp/hard\libg_nano.a(libc_a-isattyr.o)
 .ARM.attributes
                0x00000dc3       0x22 C:/ST/STM32CubeCLT_1.20.0/GNU-tools-for-STM32/bin/../lib/gcc/arm-none-eabi/13.3.1/thumb/v7e-m+fp/hard/crtn.o

.comment        0x00000000       0x43
 .comment       0x00000000       0x43 cmake/stm32cubemx/CMakeFiles/STM32_Drivers.dir/__/__/Core/Src/system_stm32f4xx.c.obj
                                 0x44 (size before relaxing)
 .comment       0x00000043        0x0 cmake/stm32cubemx/CMakeFiles/STM32_Drivers.dir/__/__/Drivers/STM32F4xx_HAL_Driver/Src/stm32f4xx_ll_gpio.c.obj
                                 0x44 (size before relaxing)
 .comment       0x00000043        0x0 cmake/stm32cubemx/CMakeFiles/STM32_Drivers.dir/__/__/Drivers/STM32F4xx_HAL_Driver/Src/stm32f4xx_hal_rcc.c.obj
                                 0x44 (size before relaxing)
 .comment       0x00000043        0x0 cmake/stm32cubemx/CMakeFiles/STM32_Drivers.dir/__/__/Drivers/STM32F4xx_HAL_Driver/Src/stm32f4xx_hal_dma.c.obj
                                 0x44 (size before relaxing)
 .comment       0x00000043        0x0 cmake/stm32cubemx/CMakeFiles/STM32_Drivers.dir/__/__/Drivers/STM32F4xx_HAL_Driver/Src/stm32f4xx_hal_cortex.c.obj
                                 0x44 (size before relaxing)
 .comment       0x00000043        0x0 cmake/stm32cubemx/CMakeFiles/STM32_Drivers.dir/__/__/Drivers/STM32F4xx_HAL_Driver/Src/stm32f4xx_hal.c.obj
                                 0x44 (size before relaxing)
 .comment       0x00000043        0x0 cmake/stm32cubemx/CMakeFiles/STM32_Drivers.dir/__/__/Drivers/STM32F4xx_HAL_Driver/Src/stm32f4xx_ll_rcc.c.obj
                                 0x44 (size before relaxing)
 .comment       0x00000043        0x0 cmake/stm32cubemx/CMakeFiles/STM32_Drivers.dir/__/__/Drivers/STM32F4xx_HAL_Driver/Src/stm32f4xx_ll_spi.c.obj
                                 0x44 (size before relaxing)