Archive member included to satisfy reference by file (symbol)

mini_tree/libmini_tree.a(osal_freertos.c.obj)
                              CMakeFiles/ch307_node.dir/app/src/app_cmd_handlers.cpp.obj (osal_spinlock_lock)
mini_tree/libmini_tree.a(tasks.c.obj)
                              mini_tree/libmini_tree.a(osal_freertos.c.obj) (xTaskCreate)
mini_tree/libmini_tree.a(queue.c.obj)
                              mini_tree/libmini_tree.a(osal_freertos.c.obj) (xQueueGenericCreateStatic)
mini_tree/libmini_tree.a(list.c.obj)
                              mini_tree/libmini_tree.a(tasks.c.obj) (vListInitialise)
mini_tree/libmini_tree.a(heap_4.c.obj)
                              mini_tree/libmini_tree.a(tasks.c.obj) (pvPortMalloc)
mini_tree/libmini_tree.a(port.c.obj)
                              mini_tree/libmini_tree.a(osal_freertos.c.obj) (xCriticalNesting)
mini_tree/libmini_tree.a(portASM.S.obj)
                              mini_tree/libmini_tree.a(port.c.obj) (xPortStartFirstTask)
mini_tree/libmini_tree.a(board_device.c.obj)
                              CMakeFiles/ch307_node.dir/app/src/app_flash_task.cpp.obj (device_find_by_label)
mini_tree/libmini_tree.a(board_dma.c.obj)
                              mini_tree/libmini_tree.a(board_device.c.obj) (board_dma_register_channels)
mini_tree/libmini_tree.a(dev_lifecycle.c.obj)
                              mini_tree/libmini_tree.a(board_device.c.obj) (dev_lc_init)
mini_tree/libmini_tree.a(board_driver.c.obj)
                              CMakeFiles/ch307_node.dir/app/src/main.cpp.obj (board_register_all_drivers)
mini_tree/libmini_tree.a(board_devtable.c.obj)
                              mini_tree/libmini_tree.a(board_device.c.obj) (board_node_get)
mini_tree/libmini_tree.a(board_probe.c.obj)
                              mini_tree/libmini_tree.a(board_driver.c.obj) (board_probe_get_fn)
mini_tree/libmini_tree.a(event_bus.c.obj)
                              mini_tree/libmini_tree.a(board_device.c.obj) (event_bus_post)
mini_tree/libmini_tree.a(production_log.c.obj)
                              mini_tree/libmini_tree.a(board_driver.c.obj) (production_log_push_fmt)
mini_tree/libmini_tree.a(printf_output.c.obj)
                              mini_tree/libmini_tree.a(osal_freertos.c.obj) (my_printf_output)
mini_tree/libmini_tree.a(system_cmd.cpp.obj)
                              CMakeFiles/ch307_node.dir/app/src/app_cmd_handlers.cpp.obj (SystemCmd::getInstance())
mini_tree/libmini_tree.a(system_init.cpp.obj)
                              mini_tree/libmini_tree.a(event_bus.c.obj) (g_system_os_initialized)
mini_tree/libmini_tree.a(system_scrubber.cpp.obj)
                              mini_tree/libmini_tree.a(system_init.cpp.obj) (system_scrubber_init)
mini_tree/libmini_tree.a(system_wdt.cpp.obj)
                              mini_tree/libmini_tree.a(system_init.cpp.obj) (system_wdt_init_rtc)
mini_tree/libmini_tree.a(task_manager.cpp.obj)
                              CMakeFiles/ch307_node.dir/app/src/app_flash_task.cpp.obj (task_manager_create_task)
mini_tree/libmini_tree.a(safe_state.c.obj)
                              mini_tree/libmini_tree.a(system_init.cpp.obj) (safe_state_check_bootloop)
mini_tree/libmini_tree.a(hal_ch32v307.c.obj)
                              mini_tree/libmini_tree.a(system_wdt.cpp.obj) (hal_wdt_init_rtc)
mini_tree/libmini_tree.a(hal_dma_ch32.c.obj)
                              mini_tree/libmini_tree.a(hal_ch32v307.c.obj) (hal_dma_force_stop)
mini_tree/libmini_tree.a(hal_spi_ch32.c.obj)
                              mini_tree/libmini_tree.a(hal_dma_ch32.c.obj) (hal_spi_ch32_dma_abort)
mini_tree/libmini_tree.a(hal_uart_ch32.c.obj)
                              mini_tree/libmini_tree.a(hal_dma_ch32.c.obj) (hal_uart_ch32_dma_abort)
hal/libch32_periph.a(ch32v30x_gpio.c.obj)
                              CMakeFiles/ch307_node.dir/SRC/User/spi.c.obj (GPIO_Init)
hal/libch32_periph.a(ch32v30x_spi.c.obj)
                              CMakeFiles/ch307_node.dir/SRC/User/spi.c.obj (SPI_Init)
hal/libch32_periph.a(ch32v30x_usart.c.obj)
                              CMakeFiles/ch307_node.dir/SRC/User/usart.c.obj (USART_Init)
hal/libch32_periph.a(ch32v30x_rcc.c.obj)
                              hal/libch32_periph.a(ch32v30x_spi.c.obj) (RCC_GetClocksFreq)
hal/libch32_periph.a(ch32v30x_dma.c.obj)
                              mini_tree/libmini_tree.a(hal_dma_ch32.c.obj) (DMA_Init)
D:/MounRiver_Studio2/resources/app/resources/win32/components/WCH/Toolchain/RISC-V Embedded GCC15/bin/../lib/gcc/riscv32-wch-elf/15.2.0/../../../../riscv32-wch-elf/lib\libstdc++.a(guard.o)
                              mini_tree/libmini_tree.a(system_cmd.cpp.obj) (__cxa_guard_acquire)
D:/MounRiver_Studio2/resources/app/resources/win32/components/WCH/Toolchain/RISC-V Embedded GCC15/bin/../lib/gcc/riscv32-wch-elf/15.2.0\libgcc.a(_clzsi2.o)
                              mini_tree/libmini_tree.a(tasks.c.obj) (__clzsi2)
[...]
Memory Configuration

Name             Origin             Length             Attributes
FLASH            0x00000000         0x00048000         xr
RAM              0x20000000         0x00008000         xrw
*default*        0x00000000         0xffffffff

Linker script and memory map

LOAD D:/Heterogeneous-Multicore-project/CH32V307/mini_tree/error_symbols.ld
                0xfffff000                        PROVIDE (ERR_SECTION_BASE = 0xfffff000)
LOAD CMakeFiles/ch307_node.dir/SRC/Core/core_riscv.c.obj
LOAD CMakeFiles/ch307_node.dir/SRC/Core/system_ch32v30x.c.obj
LOAD CMakeFiles/ch307_node.dir/SRC/Startup/startup_ch32v30x_D8C.S.obj
LOAD CMakeFiles/ch307_node.dir/SRC/User/ch32v30x_it.c.obj
LOAD CMakeFiles/ch307_node.dir/SRC/User/spi.c.obj
LOAD CMakeFiles/ch307_node.dir/SRC/User/usart.c.obj
LOAD CMakeFiles/ch307_node.dir/app/src/app_cmd_handlers.cpp.obj
LOAD CMakeFiles/ch307_node.dir/app/src/app_flash_task.cpp.obj
LOAD CMakeFiles/ch307_node.dir/app/src/app_led_task.cpp.obj
LOAD CMakeFiles/ch307_node.dir/app/src/app_spi_task.cpp.obj
LOAD CMakeFiles/ch307_node.dir/app/src/freeRTOS.cpp.obj
LOAD CMakeFiles/ch307_node.dir/app/src/main.cpp.obj
LOAD mini_tree/libmini_tree.a
LOAD hal/libch32_periph.a
LOAD D:/MounRiver_Studio2/resources/app/resources/win32/components/WCH/Toolchain/RISC-V Embedded GCC15/bin/../lib/gcc/riscv32-wch-elf/15.2.0/../../../../riscv32-wch-elf/lib\libstdc++.a
LOAD D:/MounRiver_Studio2/resources/app/resources/win32/components/WCH/Toolchain/RISC-V Embedded GCC15/bin/../lib/gcc/riscv32-wch-elf/15.2.0/../../../../riscv32-wch-elf/lib\libm_nano.a
LOAD D:/MounRiver_Studio2/resources/app/resources/win32/components/WCH/Toolchain/RISC-V Embedded GCC15/bin/../lib/gcc/riscv32-wch-elf/15.2.0\libgcc.a
LOAD D:/MounRiver_Studio2/resources/app/resources/win32/components/WCH/Toolchain/RISC-V Embedded GCC15/bin/../lib/gcc/riscv32-wch-elf/15.2.0/../../../../riscv32-wch-elf/lib\libg_nano.a
LOAD D:/MounRiver_Studio2/resources/app/resources/win32/components/WCH/Toolchain/RISC-V Embedded GCC15/bin/../lib/gcc/riscv32-wch-elf/15.2.0/../../../../riscv32-wch-elf/lib\libc_nano.a
LOAD D:/MounRiver_Studio2/resources/app/resources/win32/components/WCH/Toolchain/RISC-V Embedded GCC15/bin/../lib/gcc/riscv32-wch-elf/15.2.0\libgcc.a
START GROUP
LOAD D:/MounRiver_Studio2/resources/app/resources/win32/components/WCH/Toolchain/RISC-V Embedded GCC15/bin/../lib/gcc/riscv32-wch-elf/15.2.0\libgcc.a
LOAD D:/MounRiver_Studio2/resources/app/resources/win32/components/WCH/Toolchain/RISC-V Embedded GCC15/bin/../lib/gcc/riscv32-wch-elf/15.2.0/../../../../riscv32-wch-elf/lib\libc_nano.a
LOAD D:/MounRiver_Studio2/resources/app/resources/win32/components/WCH/Toolchain/RISC-V Embedded GCC15/bin/../lib/gcc/riscv32-wch-elf/15.2.0/../../../../riscv32-wch-elf/lib\libnosys.a
END GROUP
START GROUP
LOAD D:/MounRiver_Studio2/resources/app/resources/win32/components/WCH/Toolchain/RISC-V Embedded GCC15/bin/../lib/gcc/riscv32-wch-elf/15.2.0\libgcc.a
LOAD D:/MounRiver_Studio2/resources/app/resources/win32/components/WCH/Toolchain/RISC-V Embedded GCC15/bin/../lib/gcc/riscv32-wch-elf/15.2.0/../../../../riscv32-wch-elf/lib\libc_nano.a
LOAD D:/MounRiver_Studio2/resources/app/resources/win32/components/WCH/Toolchain/RISC-V Embedded GCC15/bin/../lib/gcc/riscv32-wch-elf/15.2.0/../../../../riscv32-wch-elf/lib\libnosys.a
END GROUP
                0x00000400                        __stack_size = 0x400
                [!provide]                        PROVIDE (_stack_size = __stack_size)

.init           0x00000000        0x4
                0x00000000                        _sinit = .
                0x00000000                        . = ALIGN (0x4)
 *(SORT_NONE(.init))
 .init          0x00000000        0x4 CMakeFiles/ch307_node.dir/SRC/Startup/startup_ch32v30x_D8C.S.obj
                0x00000000                _start
                0x00000004                        . = ALIGN (0x4)
                0x00000004                        _einit = .

.vector         0x00000004      0x1bc
 *(.vector)
 .vector        0x00000004      0x1a0 CMakeFiles/ch307_node.dir/SRC/Startup/startup_ch32v30x_D8C.S.obj
                0x000001c0                        . = ALIGN (0x40)
 *fill*         0x000001a4       0x1c 

.text           0x000001c0    0x124bc
                0x000001c0                        . = ALIGN (0x4)
 *(.text)
 .text          0x000001c0      0x25a CMakeFiles/ch307_node.dir/SRC/Core/system_ch32v30x.c.obj
                0x00000284                SystemInit
                0x000002e0                SystemCoreClockUpdate
 .text          0x0000041a        0x6 CMakeFiles/ch307_node.dir/SRC/User/ch32v30x_it.c.obj
                0x0000041a                NMI_Handler
                0x0000041e                HardFault_Handler
 .text          0x00000420       0x86 CMakeFiles/ch307_node.dir/SRC/User/spi.c.obj
                0x00000420                MX_SPI1_Init
 .text          0x000004a6       0x9a CMakeFiles/ch307_node.dir/SRC/User/usart.c.obj
                0x000004a6                MX_USART1_Init
 .text          0x00000540       0x1e CMakeFiles/ch307_node.dir/app/src/freeRTOS.cpp.obj
                0x00000540                vApplicationStackOverflowHook
                0x00000550                task_rtos_main()
 .text          0x0000055e        0xe CMakeFiles/ch307_node.dir/app/src/main.cpp.obj
 .text          0x0000056c     0x126a mini_tree/libmini_tree.a(osal_freertos.c.obj)
                0x0000073a                osal_in_isr
                0x0000075a                osal_spinlock_init
                0x00000780                osal_spinlock_lock
                0x000007bc                osal_spinlock_unlock
                0x0000085c                osal_pool_init
                0x000008d0                osal_pool_claim
                0x000009a6                osal_pool_release
                0x00000a20                osal_time_ms
                0x00000a38                osal_delay_ms
                0x00000aac                osal_ticks_from_ms
                0x00000b02                osal_timeout_to_ticks
                0x00000b66                osal_calloc
                0x00000b8e                osal_free
                0x00000bac                osal_mutex_create_typed
                0x00000c4e                osal_mutex_create_static_typed
                0x00000cd8                osal_mutex_create
                0x00000cf8                osal_mutex_create_static
                0x00000d28                osal_mutex_create_recursive
                0x00000d48                osal_mutex_create_static_recursive
                0x00000d78                osal_mutex_create_plain
                0x00000d98                osal_mutex_create_static_plain
                0x00000dc8                osal_mutex_destroy
                0x00000e58                osal_mutex_lock
                0x00000ee0                osal_mutex_unlock
                0x00000fc0                osal_sem_create_binary
                0x0000103a                osal_sem_create_binary_static
                0x0000109e                osal_sem_destroy
                0x00001126                osal_sem_wait
                0x00001182                osal_sem_post
                0x00001204                osal_sem_post_from_isr
                0x00001264                osal_yield_from_isr
                0x00001286                osal_sched_suspend
                0x0000129c                osal_int_disable
                0x000012b2                vApplicationGetIdleTaskMemory
                0x0000130c                osal_task_create
                0x0000136c                osal_task_create_handle
                0x000013e4                osal_task_self_delete
                0x000013fc                osal_task_delete
                0x0000141a                osal_task_is_running
                0x0000144e                osal_task_get_name
                0x0000147c                osal_task_get_stack_watermark
                0x000014ae                osal_queue_create
                0x000014d8                osal_queue_delete
                0x000014f6                osal_queue_send
                0x0000154a                osal_queue_send_from_isr
                0x0000159e                osal_queue_receive
                0x000015f0                osal_queue_receive_from_isr
                0x00001642                safety_hardware_shutdown
                0x0000164c                osal_panic_interlock
                0x0000165e                osal_log
                0x000016e2                osal_log_fatal
                0x0000174e                osal_log_critical_assert
 .text          0x000017d6     0x3716 mini_tree/libmini_tree.a(tasks.c.obj)
                0x0000189e                xTaskCreateStatic
                0x000019b4                xTaskCreate
                0x00001cfc                vTaskDelete
                0x00001e4e                vTaskDelay
                0x00001e9e                eTaskGetState
                0x00001fd8                uxTaskPriorityGet
                0x00002046                uxTaskPriorityGetFromISR
                0x00002092                uxTaskBasePriorityGet
                0x00002100                uxTaskBasePriorityGetFromISR
                0x0000214c                vTaskPrioritySet
                0x0000237a                vTaskSuspend
                0x00002584                vTaskResume
                0x000026be                xTaskResumeFromISR
                0x00002908                vTaskStartScheduler
                0x00002958                vTaskEndScheduler
                0x000029a6                vTaskSuspendAll
                0x000029c4                xTaskResumeAll
                0x00002c2c                xTaskGetTickCount
                0x00002c4a                xTaskGetTickCountFromISR
                0x00002c6c                uxTaskGetNumberOfTasks
                0x00002c82                pcTaskGetName
                0x00002cc4                xTaskGetStaticBuffers
                0x00002d7c                xTaskCatchUpTicks
                0x00002dde                xTaskIncrementTick
                0x00003052                vTaskSetApplicationTaskTag
                0x000030b4                xTaskGetApplicationTaskTag
                0x00003122                xTaskGetApplicationTaskTagFromISR
                0x0000316e                xTaskCallApplicationTaskHook
                0x000031c2                vTaskSwitchContext
                0x000032e6                vTaskPlaceOnEventList
                0x00003326                vTaskPlaceOnUnorderedEventList
                0x000033cc                xTaskRemoveFromEventList
                0x000035e0                vTaskRemoveFromUnorderedEventList
                0x000037a0                vTaskSetTimeOutState
                0x000037fc                vTaskInternalSetTimeOutState
                0x00003826                xTaskCheckForTimeOut
                0x00003914                vTaskMissedYield
                0x00003a8e                uxTaskGetStackHighWaterMark
                0x00003b70                xTaskGetCurrentTaskHandle
                0x00003b8e                xTaskGetCurrentTaskHandleForCore
                0x00003bc4                xTaskGetSchedulerState
                0x00003bfa                xTaskPriorityInherit
                0x00003d80                xTaskPriorityDisinherit
                0x00003ef2                vTaskPriorityDisinheritAfterTimeout
                0x0000409e                uxTaskResetEventItemValue
                0x000040d2                pvTaskIncrementMutexHeldCount
                0x00004106                ulTaskGenericNotifyTake
                0x00004252                xTaskGenericNotifyWait
                0x000043f2                xTaskGenericNotify
                0x000046c0                xTaskGenericNotifyFromISR
                0x000049e0                vTaskGenericNotifyGiveFromISR
                0x00004c0a                xTaskGenericNotifyStateClear
                0x00004cb0                ulTaskGenericNotifyValueClear
                0x00004e86                vTaskResetState
 .text          0x00004eec     0x187c mini_tree/libmini_tree.a(queue.c.obj)
                0x00004eec                xQueueGenericReset
                0x0000502e                xQueueGenericCreateStatic
                0x000050e4                xQueueGenericGetStaticBuffers
                0x0000515c                xQueueGenericCreate
                0x000052be                xQueueCreateMutex
                0x000052fe                xQueueCreateMutexStatic
                0x00005348                xQueueGetMutexHolder
                0x000053b4                xQueueGetMutexHolderFromISR
                0x000053f2                xQueueGiveMutexRecursive
                0x00005464                xQueueTakeMutexRecursive
                0x00005504                xQueueCreateCountingSemaphoreStatic
                0x0000556e                xQueueCreateCountingSemaphore
                0x000055ce                xQueueGenericSend
                0x000057e2                xQueueGenericSendFromISR
                0x0000590e                xQueueGiveFromISR
                0x00005a18                xQueueReceive
                0x00005c0a                xQueueSemaphoreTake
                0x00005e82                xQueuePeek
                0x0000606a                xQueueReceiveFromISR
                0x00006168                xQueuePeekFromISR
                0x000061f2                uxQueueMessagesWaiting
                0x00006248                uxQueueSpacesAvailable
                0x000062b0                uxQueueMessagesWaitingFromISR
                0x000062e8                vQueueDelete
                0x00006324                uxQueueGetQueueItemSize
                0x00006340                uxQueueGetQueueLength
                0x00006680                xQueueIsQueueEmptyFromISR
                0x0000671e                xQueueIsQueueFullFromISR
 .text          0x00006768      0x1f2 mini_tree/libmini_tree.a(list.c.obj)
                0x00006768                vListInitialise
                0x000067b8                vListInitialiseItem
                0x000067d6                vListInsertEnd
                0x00006840                vListInsert
                0x000068e6                uxListRemove
 .text          0x0000695a      0x7c6 mini_tree/libmini_tree.a(heap_4.c.obj)
                0x0000695a                pvPortMalloc
                0x00006be8                vPortFree
                0x00006cc8                xPortGetFreeHeapSize
                0x00006ce2                xPortGetMinimumEverFreeHeapSize
                0x00006cfc                xPortResetHeapMinimumEverFreeHeapSize
                0x00006d1e                vPortInitialiseBlocks
                0x00006d30                pvPortCalloc
                0x00006fd4                vPortGetHeapStats
                0x000070e6                vPortHeapResetState
 .text          0x00007120       0x36 mini_tree/libmini_tree.a(port.c.obj)
                0x00007120                xPortStartScheduler
                0x0000714c                vPortEndScheduler
 .text          0x00007156       0xb6 mini_tree/libmini_tree.a(portASM.S.obj)
                0x00007156                pxPortInitialiseStack
                0x0000719a                xPortStartFirstTask
                0x000071f0                freertos_risc_v_application_exception_handler
                0x000071fe                freertos_risc_v_application_interrupt_handler
 .text          0x0000720c     0x16f2 mini_tree/libmini_tree.a(board_device.c.obj)
                0x000074cc                device_tree_init
                0x000076ac                board_dev_get
                0x000076f2                device_find
                0x0000773a                device_find_by_label
                0x00007782                device_get_phandle_dev
                0x000077d6                device_find_by_id
                0x000077f4                device_find_by_path
                0x00007876                device_find_by_compatible
                0x000078be                device_get_parent
                0x00007b50                device_get_prop_int
                0x00007bfc                device_get_prop_int_array
                0x00007d98                device_get_prop_str
                0x00007e3a                device_get_prop_bool
                0x00007e68                device_get_reg
                0x00007eec                device_get_irq
                0x00007f70                device_get_name
                0x00007fa0                device_get_compatible
                0x00007fd0                device_get_status
                0x00007ff6                device_get_criticality
                0x00008028                device_set_status
                0x0000809a                device_set_priv
                0x000080ca                device_get_priv
                0x00008108                device_get_first
                0x00008136                device_get_next
                0x000081de                device_get_count
                0x000081f6                device_open
                0x000082e0                device_close
                0x0000838c                device_write
                0x00008428                device_read
                0x000084c4                device_ioctl
                0x00008568                device_suspend
                0x0000860c                device_resume
                0x000086b0                device_lock
                0x000086f6                device_unlock
                0x00008734                device_ops_unregister
                0x000087b0                device_lc
                0x000087dc                device_lc_bind
                0x00008866                hal_pin_probe
 .text          0x000088fe       0x46 mini_tree/libmini_tree.a(board_dma.c.obj)
                0x000088fe                board_dma_id_from_phandle
                0x00008930                board_dma_register_channels
 .text          0x00008944      0x46a mini_tree/libmini_tree.a(dev_lifecycle.c.obj)
                0x000089b8                dev_lc_init
                0x000089fc                dev_lc_reset
                0x00008a3a                dev_lc_state
                0x00008a60                dev_lc_opens
                0x00008a86                dev_lc_io_active_count
                0x00008aac                dev_lc_open_begin
                0x00008b00                dev_lc_open_end
                0x00008b30                dev_lc_open_abort
                0x00008b6e                dev_lc_close_begin
                0x00008bda                dev_lc_close_end
                0x00008c0a                dev_lc_io_begin
                0x00008c50                dev_lc_io_end
                0x00008c9c                dev_lc_remove_start
                0x00008cc2                dev_lc_remove_drain
                0x00008d76                dev_lc_remove_finish
 .text          0x00008dae      0x9e2 mini_tree/libmini_tree.a(board_driver.c.obj)
                0x00008dae                board_safety_add_pin
                0x00008dc8                board_safety_register_shutdown
                0x00009148                system_safety_hardware_shutdown
                0x0000917c                board_register_all_drivers
                0x0000918e                board_driver_probe_all
                0x00009660                board_driver_remove_all
 .text          0x00009790      0x1c8 mini_tree/libmini_tree.a(board_devtable.c.obj)
                0x00009790                board_node_get
                0x000097d0                board_dev_count
                0x000097e4                board_dev_find
                0x0000984a                board_dev_find_by_compat
                0x000098cc                board_dev_find_by_label
 .text          0x00009958      0x1a8 mini_tree/libmini_tree.a(board_probe.c.obj)
                0x00009970                board_probe_get_fn
                0x000099ac                board_remove_get_fn
                0x000099e8                board_probe_order
                0x00009a00                board_probe_order_count
                0x00009a14                board_cascade_get
                0x00009a8a                board_children_get
 .text          0x00009b00      0x706 mini_tree/libmini_tree.a(event_bus.c.obj)
                0x00009c96                event_bus_init
                0x00009d7a                event_bus_subscribe
                0x00009fe0                event_bus_post
                0x0000a016                event_bus_post_from_isr
                0x0000a046                event_bus_dropped_count
                0x0000a062                event_bus_start
                0x0000a100                event_bus_stop
                0x0000a1e6                event_bus_seal
 .text          0x0000a206       0xb2 mini_tree/libmini_tree.a(production_log.c.obj)
                0x0000a206                production_log_init
                0x0000a21a                production_log_push
                0x0000a238                production_log_push_fmt
                0x0000a264                production_log_count
                0x0000a278                production_log_get
                0x0000a290                production_log_dump
 .text          0x0000a2b8       0x48 mini_tree/libmini_tree.a(printf_output.c.obj)
                0x0000a2b8                my_printf_output
 .text          0x0000a300      0x198 mini_tree/libmini_tree.a(system_init.cpp.obj)
                0x0000a300                MiniTree::System_Pre_OS_Init()
                0x0000a3c6                MiniTree::System_Start_Tasks()
                0x0000a444                system_init_complete
                0x0000a45a                mini_tree_pre_os_init
                0x0000a46e                mini_tree_start_tasks
                0x0000a482                mini_tree_system_loop
 .text          0x0000a498      0x1b2 mini_tree/libmini_tree.a(system_scrubber.cpp.obj)
                0x0000a588                system_scrubber_init
                0x0000a59c                system_scrubber_start
                0x0000a62c                system_scrubber_is_running
 .text          0x0000a64a      0x422 mini_tree/libmini_tree.a(system_wdt.cpp.obj)
                0x0000a64a                system_wdt_init_rtc
                0x0000a6ae                system_wdt_rtc_set_long_timeout
                0x0000a6e8                system_wdt_rtc_restore_timeout
                0x0000a728                system_wdt_feed_rtc
                0x0000a746                system_wdt_stack_monitor_register
                0x0000a7e0                system_wdt_stack_check_all
                0x0000a910                system_wdt_init
                0x0000a97e                system_wdt_subscribe
                0x0000a9e6                system_wdt_unsubscribe
                0x0000aa4e                system_wdt_feed
 .text          0x0000aa6c       0x86 mini_tree/libmini_tree.a(safe_state.c.obj)
                0x0000aa6c                safe_state_check_bootloop
                0x0000aaaa                safe_state_clear_bootloop
                0x0000aac4                enter_safe_state
                0x0000aade                safe_state_nmi_emergency_stamp
 .text          0x0000aaf2      0x1d8 mini_tree/libmini_tree.a(hal_ch32v307.c.obj)
                0x0000aaf2                hal_pwm_init_struct
                0x0000ab36                hal_pwm_force_stop_all
                0x0000ab48                hal_cpu_emergency_stop_all_cores
                0x0000ab58                hal_wdt_init_rtc
                0x0000ab78                hal_wdt_feed_rtc
                0x0000ab8a                hal_wdt_rtc_set_long_timeout
                0x0000ab9c                hal_wdt_rtc_restore_timeout
                0x0000abae                hal_wdt_init_twdt
                0x0000abce                hal_wdt_subscribe
                0x0000abee                hal_wdt_unsubscribe
                0x0000ac0e                hal_wdt_feed_twdt
                0x0000ac20                hal_flash_read
                0x0000ac78                hal_flash_get_app_addr
                0x0000ac8c                hal_flash_get_app_size
                0x0000aca2                hal_platform_critical_hardware_lock
                0x0000acb8                hal_platform_nmi_emergency_stamp
 .text          0x0000acca      0x27a mini_tree/libmini_tree.a(hal_dma_ch32.c.obj)
                0x0000ad02                hal_dma_ch32_clocks_enable
                0x0000ad1c                hal_dma_ch32_init
                0x0000ad3a                hal_dma_ch32_channel_disable
                0x0000ad92                hal_dma_ch32_channel_poll
                0x0000adf8                hal_dma_ch32_channel_setup
                0x0000aece                hal_dma_ch32_channel_enable
                0x0000aefa                hal_dma_init_struct
                0x0000af2a                hal_dma_force_stop
 .text          0x0000af44      0xb06 mini_tree/libmini_tree.a(hal_spi_ch32.c.obj)
                0x0000b0fa                hal_spi_bus_host_init
                0x0000b220                hal_spi_bus_host_deinit
                0x0000b288                hal_spi_bus_host_get
                0x0000b2fa                hal_spi_dev_init
                0x0000b44a                hal_spi_dev_hw_open
                0x0000b4e4                hal_spi_dev_hw_close
                0x0000b698                spi_sync
                0x0000b7f2                hal_spi_transfer_dma_ch32
                0x0000b9ec                hal_spi_abort_ch32
                0x0000ba32                hal_spi_ch32_dma_abort
 .text          0x0000ba4a      0x56e mini_tree/libmini_tree.a(hal_uart_ch32.c.obj)
                0x0000bdb6                hal_uart_bus_get
                0x0000bdce                hal_uart_xfer_begin
                0x0000be06                hal_uart_xfer_end
                0x0000be32                hal_uart_force_stop
                0x0000be8a                hal_uart_write_dma_ch32
                0x0000bf9c                hal_uart_ch32_dma_abort
 .text          0x0000bfb8      0xcb4 hal/libch32_periph.a(ch32v30x_gpio.c.obj)
                0x0000bfb8                GPIO_DeInit
                0x0000c07a                GPIO_AFIODeInit
                0x0000c09c                GPIO_Init
                0x0000c2ca                GPIO_StructInit
                0x0000c2fa                GPIO_ReadInputDataBit
                0x0000c338                GPIO_ReadInputData
                0x0000c358                GPIO_ReadOutputDataBit
                0x0000c396                GPIO_ReadOutputData
                0x0000c3b6                GPIO_SetBits
                0x0000c3dc                GPIO_ResetBits
                0x0000c402                GPIO_WriteBit
                0x0000c43e                GPIO_Write
                0x0000c464                GPIO_PinLockConfig
                0x0000c4c6                GPIO_EventOutputConfig
                0x0000c52c                GPIO_EventOutputCmd
                0x0000c56a                GPIO_PinRemapConfig
                0x0000c73c                GPIO_EXTILineConfig
                0x0000c7e2                GPIO_ETH_MediaInterfaceConfig
                0x0000c826                GPIO_IPD_Unused
 .text          0x0000cc6c      0xa2a hal/libch32_periph.a(ch32v30x_spi.c.obj)
                0x0000cc6c                SPI_I2S_DeInit
                0x0000cce2                SPI_Init
                0x0000cdde                I2S_Init
                0x0000cffc                SPI_StructInit
                0x0000d054                I2S_StructInit
                0x0000d09a                SPI_Cmd
                0x0000d0f8                I2S_Cmd
                0x0000d156                SPI_I2S_ITConfig
                0x0000d1ec                SPI_I2S_DMACmd
                0x0000d25e                SPI_I2S_SendData
                0x0000d286                SPI_I2S_ReceiveData
                0x0000d2a8                SPI_NSSInternalSoftwareConfig
                0x0000d310                SPI_SSOutputCmd
                0x0000d36c                SPI_DataSizeConfig
                0x0000d3cc                SPI_TransmitCRC
                0x0000d402                SPI_CalculateCRC
                0x0000d466                SPI_GetCRC
                0x0000d4ae                SPI_GetCRCPolynomial
                0x0000d4d0                SPI_BiDirectionalLineConfig
                0x0000d53a                SPI_I2S_GetFlagStatus
                0x0000d582                SPI_I2S_ClearFlag
                0x0000d5b4                SPI_I2S_GetITStatus
                0x0000d650                SPI_I2S_ClearITPendingBit
 .text          0x0000d696      0xcaa hal/libch32_periph.a(ch32v30x_usart.c.obj)
                0x0000d696                USART_DeInit
                0x0000d7ce                USART_Init
                0x0000d9c4                USART_StructInit
                0x0000da10                USART_ClockInit
                0x0000daa2                USART_ClockStructInit
                0x0000dad8                USART_Cmd
                0x0000db3c                USART_ITConfig
                0x0000dc04                USART_DMACmd
                0x0000dc76                USART_SetAddress
                0x0000dcd4                USART_WakeUpConfig
                0x0000dd34                USART_ReceiverWakeUpCmd
                0x0000dd90                USART_LINBreakDetectLengthConfig
                0x0000ddea                USART_LINCmd
                0x0000de4e                USART_SendData
                0x0000de80                USART_ReceiveData
                0x0000deaa                USART_SendBreak
                0x0000dede                USART_SetGuardTime
                0x0000df44                USART_SetPrescaler
                0x0000dfa4                USART_SmartCardCmd
                0x0000e002                USART_SmartCardNACKCmd
                0x0000e05e                USART_HalfDuplexCmd
                0x0000e0ba                USART_IrDAConfig
                0x0000e112                USART_IrDACmd
                0x0000e16e                USART_GetFlagStatus
                0x0000e1b6                USART_ClearFlag
                0x0000e1e8                USART_GetITStatus
                0x0000e2ee                USART_ClearITPendingBit
 .text          0x0000e340     0x1194 hal/libch32_periph.a(ch32v30x_rcc.c.obj)
                0x0000e340                RCC_DeInit
                0x0000e3d6                RCC_HSEConfig
                0x0000e450                RCC_WaitForHSEStartUp
                0x0000e4b0                RCC_AdjustHSICalibrationValue
                0x0000e4fc                RCC_HSICmd
                0x0000e538                RCC_PLLConfig
                0x0000e5b0                RCC_PLLCmd
                0x0000e5f4                RCC_SYSCLKConfig
                0x0000e63a                RCC_GetSYSCLKSource
                0x0000e65c                RCC_HCLKConfig
                0x0000e6a4                RCC_PCLK1Config
                0x0000e6ec                RCC_PCLK2Config
                0x0000e73a                RCC_ITConfig
                0x0000e7aa                RCC_ADCCLKConfig
                0x0000e7f4                RCC_LSEConfig
                0x0000e856                RCC_LSICmd
                0x0000e892                RCC_RTCCLKConfig
                0x0000e8ba                RCC_RTCCLKCmd
                0x0000e8fa                RCC_GetClocksFreq
                0x0000ec94                RCC_AHBPeriphClockCmd
                0x0000ecde                RCC_APB2PeriphClockCmd
                0x0000ed28                RCC_APB1PeriphClockCmd
                0x0000ed72                RCC_APB2PeriphResetCmd
                0x0000edbc                RCC_APB1PeriphResetCmd
                0x0000ee06                RCC_BackupResetCmd
                0x0000ee46                RCC_ClockSecuritySystemCmd
                0x0000ee8a                RCC_MCOConfig
                0x0000eeb0                RCC_GetFlagStatus
                0x0000ef42                RCC_ClearFlag
                0x0000ef66                RCC_GetITStatus
                0x0000efa0                RCC_ClearITPendingBit
                0x0000efc6                RCC_PREDIV1Config
                0x0000f01a                RCC_PREDIV2Config
                0x0000f062                RCC_PLL2Config
                0x0000f0ae                RCC_PLL2Cmd
                0x0000f0f2                RCC_PLL3Config
                0x0000f13c                RCC_PLL3Cmd
                0x0000f180                RCC_USBFSCLKConfig
                0x0000f1c0                RCC_I2S2CLKConfig
                0x0000f1fe                RCC_I2S3CLKConfig
                0x0000f23e                RCC_AHBPeriphResetCmd
                0x0000f288                RCC_ADCCLKADJcmd
                0x0000f2cc                RCC_RNGCLKConfig
                0x0000f30c                RCC_ETH1GCLKConfig
                0x0000f34c                RCC_ETH1G_125Mcmd
                0x0000f390                RCC_USBHSConfig
                0x0000f3d0                RCC_USBHSPLLCLKConfig
                0x0000f410                RCC_USBHSPLLCKREFCLKConfig
                0x0000f450                RCC_USBHSPHYPLLALIVEcmd
                0x0000f494                RCC_USBCLK48MConfig
 .text          0x0000f4d4      0x6b0 hal/libch32_periph.a(ch32v30x_dma.c.obj)
                0x0000f4d4                DMA_DeInit
                0x0000f7ea                DMA_Init
                0x0000f896                DMA_StructInit
                0x0000f904                DMA_Cmd
                0x0000f948                DMA_ITConfig
                0x0000f996                DMA_SetCurrDataCounter
                0x0000f9bc                DMA_GetCurrDataCounter
                0x0000f9dc                DMA_GetFlagStatus
                0x0000fa58                DMA_ClearFlag
                0x0000fab0                DMA_GetITStatus
                0x0000fb2c                DMA_ClearITPendingBit
 .text          0x0000fb84       0x10 D:/MounRiver_Studio2/resources/app/resources/win32/components/WCH/Toolchain/RISC-V Embedded GCC15/bin/../lib/gcc/riscv32-wch-elf/15.2.0/../../../../riscv32-wch-elf/lib\libg_nano.a(libc_a-memset.o)
                0x0000fb84                memset
 .text          0x0000fb94       0x16 D:/MounRiver_Studio2/resources/app/resources/win32/components/WCH/Toolchain/RISC-V Embedded GCC15/bin/../lib/gcc/riscv32-wch-elf/15.2.0/../../../../riscv32-wch-elf/lib\libg_nano.a(libc_a-memcpy-asm.o)
                0x0000fb94                memcpy
 .text          0x0000fbaa       0x18 D:/MounRiver_Studio2/resources/app/resources/win32/components/WCH/Toolchain/RISC-V Embedded GCC15/bin/../lib/gcc/riscv32-wch-elf/15.2.0/../../../../riscv32-wch-elf/lib\libg_nano.a(libc_a-strcmp.o)
                0x0000fbaa                strcmp
 *(.text.*)
 .text.vector_handler
                0x0000fbc2        0x2 CMakeFiles/ch307_node.dir/SRC/Startup/startup_ch32v30x_D8C.S.obj
                0x0000fbc2                EXTI2_IRQHandler
                0x0000fbc2                TIM8_TRG_COM_IRQHandler
                0x0000fbc2                TIM8_CC_IRQHandler
                0x0000fbc2                UART8_IRQHandler
                0x0000fbc2                TIM1_CC_IRQHandler
                0x0000fbc2                TIM6_IRQHandler
                0x0000fbc2                SysTick_Handler
                0x0000fbc2                PVD_IRQHandler
                0x0000fbc2                SDIO_IRQHandler
                0x0000fbc2                TIM9_BRK_IRQHandler
                0x0000fbc2                DMA2_Channel8_IRQHandler
                0x0000fbc2                CAN2_RX1_IRQHandler
                0x0000fbc2                EXTI3_IRQHandler
                0x0000fbc2                USBHS_IRQHandler
                0x0000fbc2                DMA2_Channel9_IRQHandler
                0x0000fbc2                TIM10_CC_IRQHandler
                0x0000fbc2                USBFS_IRQHandler
                0x0000fbc2                EXTI0_IRQHandler
                0x0000fbc2                I2C2_EV_IRQHandler
                0x0000fbc2                TIM10_TRG_COM_IRQHandler
                0x0000fbc2                CAN2_SCE_IRQHandler
                0x0000fbc2                ADC1_2_IRQHandler
                0x0000fbc2                Break_Point_Handler
                0x0000fbc2                SPI1_IRQHandler
                0x0000fbc2                TAMPER_IRQHandler
                0x0000fbc2                CAN2_RX0_IRQHandler
                0x0000fbc2                TIM8_UP_IRQHandler
                0x0000fbc2                Ecall_M_Mode_Handler
                0x0000fbc2                DMA2_Channel2_IRQHandler
                0x0000fbc2                DMA1_Channel4_IRQHandler
                0x0000fbc2                TIM9_UP_IRQHandler
                0x0000fbc2                USART3_IRQHandler
                0x0000fbc2                RTC_IRQHandler
                0x0000fbc2                DMA1_Channel7_IRQHandler
                0x0000fbc2                CAN1_RX1_IRQHandler
                0x0000fbc2                DVP_IRQHandler
                0x0000fbc2                UART5_IRQHandler
                0x0000fbc2                TIM4_IRQHandler
                0x0000fbc2                DMA2_Channel1_IRQHandler
                0x0000fbc2                I2C1_EV_IRQHandler
                0x0000fbc2                DMA1_Channel6_IRQHandler
                0x0000fbc2                UART4_IRQHandler
                0x0000fbc2                DMA2_Channel4_IRQHandler
                0x0000fbc2                TIM3_IRQHandler
                0x0000fbc2                RCC_IRQHandler
                0x0000fbc2                TIM1_TRG_COM_IRQHandler
                0x0000fbc2                DMA1_Channel1_IRQHandler
                0x0000fbc2                DMA2_Channel7_IRQHandler
                0x0000fbc2                EXTI15_10_IRQHandler
                0x0000fbc2                TIM7_IRQHandler
                0x0000fbc2                CAN2_TX_IRQHandler
                0x0000fbc2                TIM5_IRQHandler
                0x0000fbc2                EXTI9_5_IRQHandler
                0x0000fbc2                ETH_WKUP_IRQHandler
                0x0000fbc2                SPI2_IRQHandler
                0x0000fbc2                TIM10_BRK_IRQHandler
                0x0000fbc2                TIM9_CC_IRQHandler
                0x0000fbc2                DMA2_Channel5_IRQHandler
                0x0000fbc2                DMA1_Channel5_IRQHandler
                0x0000fbc2                EXTI4_IRQHandler
                0x0000fbc2                USB_LP_CAN1_RX0_IRQHandler
                0x0000fbc2                RNG_IRQHandler
                0x0000fbc2                USB_HP_CAN1_TX_IRQHandler
                0x0000fbc2                DMA1_Channel3_IRQHandler
                0x0000fbc2                ETH_IRQHandler
                0x0000fbc2                TIM1_UP_IRQHandler
                0x0000fbc2                WWDG_IRQHandler
                0x0000fbc2                USBHSWakeup_IRQHandler
                0x0000fbc2                DMA2_Channel11_IRQHandler
                0x0000fbc2                Ecall_U_Mode_Handler
                0x0000fbc2                DMA2_Channel6_IRQHandler
                0x0000fbc2                TIM2_IRQHandler
                0x0000fbc2                SW_Handler
                0x0000fbc2                TIM1_BRK_IRQHandler
                0x0000fbc2                DMA2_Channel10_IRQHandler
                0x0000fbc2                EXTI1_IRQHandler
                0x0000fbc2                RTCAlarm_IRQHandler
                0x0000fbc2                TIM10_UP_IRQHandler
                0x0000fbc2                TIM9_TRG_COM_IRQHandler
                0x0000fbc2                UART7_IRQHandler
                0x0000fbc2                USART2_IRQHandler
                0x0000fbc2                UART6_IRQHandler
                0x0000fbc2                I2C2_ER_IRQHandler
                0x0000fbc2                DMA1_Channel2_IRQHandler
                0x0000fbc2                TIM8_BRK_IRQHandler
                0x0000fbc2                CAN1_SCE_IRQHandler
                0x0000fbc2                FLASH_IRQHandler
                0x0000fbc2                USART1_IRQHandler
                0x0000fbc2                SPI3_IRQHandler
                0x0000fbc2                I2C1_ER_IRQHandler
                0x0000fbc2                USBWakeUp_IRQHandler
                0x0000fbc2                DMA2_Channel3_IRQHandler
 .text.handle_reset
                0x0000fbc4       0x90 CMakeFiles/ch307_node.dir/SRC/Startup/startup_ch32v30x_D8C.S.obj
                0x0000fbc4                handle_reset
 .text.__clzsi2
                0x0000fc54       0x3a D:/MounRiver_Studio2/resources/app/resources/win32/components/WCH/Toolchain/RISC-V Embedded GCC15/bin/../lib/gcc/riscv32-wch-elf/15.2.0\libgcc.a(_clzsi2.o)
                0x0000fc54                __clzsi2
 .text.__udivdi3
                0x0000fc8e      0x306 D:/MounRiver_Studio2/resources/app/resources/win32/components/WCH/Toolchain/RISC-V Embedded GCC15/bin/../lib/gcc/riscv32-wch-elf/15.2.0\libgcc.a(_udivdi3.o)
                0x0000fc8e                __udivdi3
 .text.calloc   0x0000ff94        0xa D:/MounRiver_Studio2/resources/app/resources/win32/components/WCH/Toolchain/RISC-V Embedded GCC15/bin/../lib/gcc/riscv32-wch-elf/15.2.0/../../../../riscv32-wch-elf/lib\libg_nano.a(libc_a-calloc.o)
                0x0000ff94                calloc
 .text._calloc_r
                0x0000ff9e       0x34 D:/MounRiver_Studio2/resources/app/resources/win32/components/WCH/Toolchain/RISC-V Embedded GCC15/bin/../lib/gcc/riscv32-wch-elf/15.2.0/../../../../riscv32-wch-elf/lib\libg_nano.a(libc_a-callocr.o)
                0x0000ff9e                _calloc_r
 .text.free     0x0000ffd2        0x8 D:/MounRiver_Studio2/resources/app/resources/win32/components/WCH/Toolchain/RISC-V Embedded GCC15/bin/../lib/gcc/riscv32-wch-elf/15.2.0/../../../../riscv32-wch-elf/lib\libg_nano.a(libc_a-malloc.o)
                0x0000ffd2                free
 .text.sbrk_aligned
                0x0000ffda       0x50 D:/MounRiver_Studio2/resources/app/resources/win32/components/WCH/Toolchain/RISC-V Embedded GCC15/bin/../lib/gcc/riscv32-wch-elf/15.2.0/../../../../riscv32-wch-elf/lib\libg_nano.a(libc_a-mallocr.o)
 .text._malloc_r
                0x0001002a      0x116 D:/MounRiver_Studio2/resources/app/resources/win32/components/WCH/Toolchain/RISC-V Embedded GCC15/bin/../lib/gcc/riscv32-wch-elf/15.2.0/../../../../riscv32-wch-elf/lib\libg_nano.a(libc_a-mallocr.o)
                0x0001002a                _malloc_r
 .text.__malloc_lock
                0x00010140        0x2 D:/MounRiver_Studio2/resources/app/resources/win32/components/WCH/Toolchain/RISC-V Embedded GCC15/bin/../lib/gcc/riscv32-wch-elf/15.2.0/../../../../riscv32-wch-elf/lib\libg_nano.a(libc_a-mlock.o)
                0x00010140                __malloc_lock
 .text.__malloc_unlock
                0x00010142        0x2 D:/MounRiver_Studio2/resources/app/resources/win32/components/WCH/Toolchain/RISC-V Embedded GCC15/bin/../lib/gcc/riscv32-wch-elf/15.2.0/../../../../riscv32-wch-elf/lib\libg_nano.a(libc_a-mlock.o)
                0x00010142                __malloc_unlock
 .text.vprintf  0x00010144        0xc D:/MounRiver_Studio2/resources/app/resources/win32/components/WCH/Toolchain/RISC-V Embedded GCC15/bin/../lib/gcc/riscv32-wch-elf/15.2.0/../../../../riscv32-wch-elf/lib\libg_nano.a(libc_a-vprintf.o)
                0x00010144                viprintf
                0x00010144                vprintf
 .text._sbrk_r  0x00010150       0x2c D:/MounRiver_Studio2/resources/app/resources/win32/components/WCH/Toolchain/RISC-V Embedded GCC15/bin/../lib/gcc/riscv32-wch-elf/15.2.0/../../../../riscv32-wch-elf/lib\libg_nano.a(libc_a-sbrkr.o)
                0x00010150                _sbrk_r
 .text._free_r  0x0001017c       0xa2 D:/MounRiver_Studio2/resources/app/resources/win32/components/WCH/Toolchain/RISC-V Embedded GCC15/bin/../lib/gcc/riscv32-wch-elf/15.2.0/../../../../riscv32-wch-elf/lib\libg_nano.a(libc_a-freer.o)
                0x0001017c                _free_r
 .text.__sfputc_r
                0x0001021e       0x2a D:/MounRiver_Studio2/resources/app/resources/win32/components/WCH/Toolchain/RISC-V Embedded GCC15/bin/../lib/gcc/riscv32-wch-elf/15.2.0/../../../../riscv32-wch-elf/lib\libg_nano.a(libc_a-nano-vfprintf.o)
 .text.__sfputs_r
                0x00010248       0x44 D:/MounRiver_Studio2/resources/app/resources/win32/components/WCH/Toolchain/RISC-V Embedded GCC15/bin/../lib/gcc/riscv32-wch-elf/15.2.0/../../../../riscv32-wch-elf/lib\libg_nano.a(libc_a-nano-vfprintf.o)
                0x00010248                __sfputs_r
 .text._vfprintf_r
                0x0001028c      0x258 D:/MounRiver_Studio2/resources/app/resources/win32/components/WCH/Toolchain/RISC-V Embedded GCC15/bin/../lib/gcc/riscv32-wch-elf/15.2.0/../../../../riscv32-wch-elf/lib\libg_nano.a(libc_a-nano-vfprintf.o)
                0x0001028c                _vfprintf_r
                0x0001028c                _vfiprintf_r
 .text._printf_common
                0x000104e4      0x112 D:/MounRiver_Studio2/resources/app/resources/win32/components/WCH/Toolchain/RISC-V Embedded GCC15/bin/../lib/gcc/riscv32-wch-elf/15.2.0/../../../../riscv32-wch-elf/lib\libg_nano.a(libc_a-nano-vfprintf_i.o)
                0x000104e4                _printf_common
 .text._printf_i
                0x000105f6      0x256 D:/MounRiver_Studio2/resources/app/resources/win32/components/WCH/Toolchain/RISC-V Embedded GCC15/bin/../lib/gcc/riscv32-wch-elf/15.2.0/../../../../riscv32-wch-elf/lib\libg_nano.a(libc_a-nano-vfprintf_i.o)
                0x000105f6                _printf_i
 .text.std      0x0001084c       0x62 D:/MounRiver_Studio2/resources/app/resources/win32/components/WCH/Toolchain/RISC-V Embedded GCC15/bin/../lib/gcc/riscv32-wch-elf/15.2.0/../../../../riscv32-wch-elf/lib\libg_nano.a(libc_a-findfp.o)
 .text.stdio_exit_handler
                0x000108ae       0x18 D:/MounRiver_Studio2/resources/app/resources/win32/components/WCH/Toolchain/RISC-V Embedded GCC15/bin/../lib/gcc/riscv32-wch-elf/15.2.0/../../../../riscv32-wch-elf/lib\libg_nano.a(libc_a-findfp.o)
 .text.cleanup_stdio
                0x000108c6       0x4a D:/MounRiver_Studio2/resources/app/resources/win32/components/WCH/Toolchain/RISC-V Embedded GCC15/bin/../lib/gcc/riscv32-wch-elf/15.2.0/../../../../riscv32-wch-elf/lib\libg_nano.a(libc_a-findfp.o)
 .text.global_stdio_init.part.0
                0x00010910       0x42 D:/MounRiver_Studio2/resources/app/resources/win32/components/WCH/Toolchain/RISC-V Embedded GCC15/bin/../lib/gcc/riscv32-wch-elf/15.2.0/../../../../riscv32-wch-elf/lib\libg_nano.a(libc_a-findfp.o)
 .text.__sinit  0x00010952       0x18 D:/MounRiver_Studio2/resources/app/resources/win32/components/WCH/Toolchain/RISC-V Embedded GCC15/bin/../lib/gcc/riscv32-wch-elf/15.2.0/../../../../riscv32-wch-elf/lib\libg_nano.a(libc_a-findfp.o)
                0x00010952                __sinit
 .text._fwalk_sglue
                0x0001096a       0x60 D:/MounRiver_Studio2/resources/app/resources/win32/components/WCH/Toolchain/RISC-V Embedded GCC15/bin/../lib/gcc/riscv32-wch-elf/15.2.0/../../../../riscv32-wch-elf/lib\libg_nano.a(libc_a-fwalk.o)
                0x0001096a                _fwalk_sglue
 .text.__sread  0x000109ca       0x30 D:/MounRiver_Studio2/resources/app/resources/win32/components/WCH/Toolchain/RISC-V Embedded GCC15/bin/../lib/gcc/riscv32-wch-elf/15.2.0/../../../../riscv32-wch-elf/lib\libg_nano.a(libc_a-stdio.o)
                0x000109ca                __sread
 .text.__swrite
                0x000109fa       0x4e D:/MounRiver_Studio2/resources/app/resources/win32/components/WCH/Toolchain/RISC-V Embedded GCC15/bin/../lib/gcc/riscv32-wch-elf/15.2.0/../../../../riscv32-wch-elf/lib\libg_nano.a(libc_a-stdio.o)
                0x000109fa                __swrite
 .text.__sseek  0x00010a48       0x3a D:/MounRiver_Studio2/resources/app/resources/win32/components/WCH/Toolchain/RISC-V Embedded GCC15/bin/../lib/gcc/riscv32-wch-elf/15.2.0/../../../../riscv32-wch-elf/lib\libg_nano.a(libc_a-stdio.o)
                0x00010a48                __sseek
 .text.__sclose
                0x00010a82        0x6 D:/MounRiver_Studio2/resources/app/resources/win32/components/WCH/Toolchain/RISC-V Embedded GCC15/bin/../lib/gcc/riscv32-wch-elf/15.2.0/../../../../riscv32-wch-elf/lib\libg_nano.a(libc_a-stdio.o)
                0x00010a82                __sclose
 .text.__swbuf_r
                0x00010a88       0x90 D:/MounRiver_Studio2/resources/app/resources/win32/components/WCH/Toolchain/RISC-V Embedded GCC15/bin/../lib/gcc/riscv32-wch-elf/15.2.0/../../../../riscv32-wch-elf/lib\libg_nano.a(libc_a-wbuf.o)
                0x00010a88                __swbuf_r
 .text.__swsetup_r
                0x00010b18       0xc0 D:/MounRiver_Studio2/resources/app/resources/win32/components/WCH/Toolchain/RISC-V Embedded GCC15/bin/../lib/gcc/riscv32-wch-elf/15.2.0/../../../../riscv32-wch-elf/lib\libg_nano.a(libc_a-wsetup.o)
                0x00010b18                __swsetup_r
 .text.memchr   0x00010bd8       0x1a D:/MounRiver_Studio2/resources/app/resources/win32/components/WCH/Toolchain/RISC-V Embedded GCC15/bin/../lib/gcc/riscv32-wch-elf/15.2.0/../../../../riscv32-wch-elf/lib\libg_nano.a(libc_a-memchr.o)
                0x00010bd8                memchr
 .text._close_r
                0x00010bf2       0x2a D:/MounRiver_Studio2/resources/app/resources/win32/components/WCH/Toolchain/RISC-V Embedded GCC15/bin/../lib/gcc/riscv32-wch-elf/15.2.0/../../../../riscv32-wch-elf/lib\libg_nano.a(libc_a-closer.o)
                0x00010bf2                _close_r
 .text._lseek_r
                0x00010c1c       0x2e D:/MounRiver_Studio2/resources/app/resources/win32/components/WCH/Toolchain/RISC-V Embedded GCC15/bin/../lib/gcc/riscv32-wch-elf/15.2.0/../../../../riscv32-wch-elf/lib\libg_nano.a(libc_a-lseekr.o)
                0x00010c1c                _lseek_r
 .text._read_r  0x00010c4a       0x2e D:/MounRiver_Studio2/resources/app/resources/win32/components/WCH/Toolchain/RISC-V Embedded GCC15/bin/../lib/gcc/riscv32-wch-elf/15.2.0/../../../../riscv32-wch-elf/lib\libg_nano.a(libc_a-readr.o)
                0x00010c4a                _read_r
 .text._write_r
                0x00010c78       0x2e D:/MounRiver_Studio2/resources/app/resources/win32/components/WCH/Toolchain/RISC-V Embedded GCC15/bin/../lib/gcc/riscv32-wch-elf/15.2.0/../../../../riscv32-wch-elf/lib\libg_nano.a(libc_a-writer.o)
                0x00010c78                _write_r
 .text.__sflush_r
                0x00010ca6      0x126 D:/MounRiver_Studio2/resources/app/resources/win32/components/WCH/Toolchain/RISC-V Embedded GCC15/bin/../lib/gcc/riscv32-wch-elf/15.2.0/../../../../riscv32-wch-elf/lib\libg_nano.a(libc_a-fflush.o)
                0x00010ca6                __sflush_r
 .text._fflush_r
                0x00010dcc       0x3a D:/MounRiver_Studio2/resources/app/resources/win32/components/WCH/Toolchain/RISC-V Embedded GCC15/bin/../lib/gcc/riscv32-wch-elf/15.2.0/../../../../riscv32-wch-elf/lib\libg_nano.a(libc_a-fflush.o)
                0x00010dcc                _fflush_r
 .text.__swhatbuf_r
                0x00010e06       0x56 D:/MounRiver_Studio2/resources/app/resources/win32/components/WCH/Toolchain/RISC-V Embedded GCC15/bin/../lib/gcc/riscv32-wch-elf/15.2.0/../../../../riscv32-wch-elf/lib\libg_nano.a(libc_a-makebuf.o)
                0x00010e06                __swhatbuf_r
 .text.__smakebuf_r
                0x00010e5c       0x82 D:/MounRiver_Studio2/resources/app/resources/win32/components/WCH/Toolchain/RISC-V Embedded GCC15/bin/../lib/gcc/riscv32-wch-elf/15.2.0/../../../../riscv32-wch-elf/lib\libg_nano.a(libc_a-makebuf.o)
                0x00010e5c                __smakebuf_r
 .text._fstat_r
                0x00010ede       0x2c D:/MounRiver_Studio2/resources/app/resources/win32/components/WCH/Toolchain/RISC-V Embedded GCC15/bin/../lib/gcc/riscv32-wch-elf/15.2.0/../../../../riscv32-wch-elf/lib\libg_nano.a(libc_a-fstatr.o)
                0x00010ede                _fstat_r
 .text._isatty_r
                0x00010f0a       0x2a D:/MounRiver_Studio2/resources/app/resources/win32/components/WCH/Toolchain/RISC-V Embedded GCC15/bin/../lib/gcc/riscv32-wch-elf/15.2.0/../../../../riscv32-wch-elf/lib\libg_nano.a(libc_a-isattyr.o)
                0x00010f0a                _isatty_r
 .text._close   0x00010f34        0xc D:/MounRiver_Studio2/resources/app/resources/win32/components/WCH/Toolchain/RISC-V Embedded GCC15/bin/../lib/gcc/riscv32-wch-elf/15.2.0/../../../../riscv32-wch-elf/lib\libnosys.a(close.o)
                0x00010f34                _close
 .text._fstat   0x00010f40        0xc D:/MounRiver_Studio2/resources/app/resources/win32/components/WCH/Toolchain/RISC-V Embedded GCC15/bin/../lib/gcc/riscv32-wch-elf/15.2.0/../../../../riscv32-wch-elf/lib\libnosys.a(fstat.o)
                0x00010f40                _fstat
 .text._isatty  0x00010f4c        0xc D:/MounRiver_Studio2/resources/app/resources/win32/components/WCH/Toolchain/RISC-V Embedded GCC15/bin/../lib/gcc/riscv32-wch-elf/15.2.0/../../../../riscv32-wch-elf/lib\libnosys.a(isatty.o)
                0x00010f4c                _isatty
 .text._lseek   0x00010f58        0xc D:/MounRiver_Studio2/resources/app/resources/win32/components/WCH/Toolchain/RISC-V Embedded GCC15/bin/../lib/gcc/riscv32-wch-elf/15.2.0/../../../../riscv32-wch-elf/lib\libnosys.a(lseek.o)
                0x00010f58                _lseek
 .text._read    0x00010f64        0xc D:/MounRiver_Studio2/resources/app/resources/win32/components/WCH/Toolchain/RISC-V Embedded GCC15/bin/../lib/gcc/riscv32-wch-elf/15.2.0/../../../../riscv32-wch-elf/lib\libnosys.a(read.o)
                0x00010f64                _read
 .text._sbrk    0x00010f70       0x22 D:/MounRiver_Studio2/resources/app/resources/win32/components/WCH/Toolchain/RISC-V Embedded GCC15/bin/../lib/gcc/riscv32-wch-elf/15.2.0/../../../../riscv32-wch-elf/lib\libnosys.a(sbrk.o)
                0x00010f70                _sbrk
 .text._write   0x00010f92        0xc D:/MounRiver_Studio2/resources/app/resources/win32/components/WCH/Toolchain/RISC-V Embedded GCC15/bin/../lib/gcc/riscv32-wch-elf/15.2.0/../../../../riscv32-wch-elf/lib\libnosys.a(write.o)
                0x00010f92                _write
 *(.rodata)
 *fill*         0x00010f9e        0x2 
 .rodata        0x00010fa0       0x10 CMakeFiles/ch307_node.dir/SRC/Core/system_ch32v30x.c.obj
                0x00010fa0                AHBPrescTable
 .rodata        0x00010fb0       0x57 mini_tree/libmini_tree.a(osal_freertos.c.obj)
 *fill*         0x00011007        0x1 
 .rodata        0x00011008        0x5 mini_tree/libmini_tree.a(tasks.c.obj)
 *fill*         0x0001100d        0x3 
 .rodata        0x00011010       0x62 mini_tree/libmini_tree.a(board_device.c.obj)
 *fill*         0x00011072        0x2 
 .rodata        0x00011074      0x2f7 mini_tree/libmini_tree.a(board_driver.c.obj)
 *fill*         0x0001136b        0x1 
 .rodata        0x0001136c      0x674 mini_tree/libmini_tree.a(board_devtable.c.obj)
 .rodata        0x000119e0       0x80 mini_tree/libmini_tree.a(board_probe.c.obj)
 .rodata        0x00011a60      0x1bb mini_tree/libmini_tree.a(event_bus.c.obj)
 *fill*         0x00011c1b        0x1 
 .rodata        0x00011c1c       0x23 mini_tree/libmini_tree.a(production_log.c.obj)
 *fill*         0x00011c3f        0x1 
 .rodata        0x00011c40      0x166 mini_tree/libmini_tree.a(system_init.cpp.obj)
 *fill*         0x00011da6        0x2 
 .rodata        0x00011da8      0x50f mini_tree/libmini_tree.a(system_scrubber.cpp.obj)
 *fill*         0x000122b7        0x1 
 .rodata        0x000122b8      0x1c4 mini_tree/libmini_tree.a(system_wdt.cpp.obj)
 .rodata        0x0001247c       0x28 mini_tree/libmini_tree.a(safe_state.c.obj)
 .rodata        0x000124a4       0x1c mini_tree/libmini_tree.a(hal_uart_ch32.c.obj)
 .rodata        0x000124c0       0x10 hal/libch32_periph.a(ch32v30x_rcc.c.obj)
 *(.rodata*)
 .rodata.str1.4
                0x000124d0       0x51 CMakeFiles/ch307_node.dir/app/src/freeRTOS.cpp.obj
                                 0x18 (size before relaxing)
 *fill*         0x00012521        0x3 
 .rodata.__clz_tab
                0x00012524      0x100 D:/MounRiver_Studio2/resources/app/resources/win32/components/WCH/Toolchain/RISC-V Embedded GCC15/bin/../lib/gcc/riscv32-wch-elf/15.2.0\libgcc.a(_clz.o)
                0x00012524                __clz_tab
 .rodata._vfprintf_r.str1.4
                0x00012624        0x0 D:/MounRiver_Studio2/resources/app/resources/win32/components/WCH/Toolchain/RISC-V Embedded GCC15/bin/../lib/gcc/riscv32-wch-elf/15.2.0/../../../../riscv32-wch-elf/lib\libg_nano.a(libc_a-nano-vfprintf.o)
                                 0x13 (size before relaxing)
 .rodata._printf_i.str1.4
                0x00012624        0x0 D:/MounRiver_Studio2/resources/app/resources/win32/components/WCH/Toolchain/RISC-V Embedded GCC15/bin/../lib/gcc/riscv32-wch-elf/15.2.0/../../../../riscv32-wch-elf/lib\libg_nano.a(libc_a-nano-vfprintf_i.o)
                                 0x25 (size before relaxing)
 .rodata._printf_i
                0x00012624       0x58 D:/MounRiver_Studio2/resources/app/resources/win32/components/WCH/Toolchain/RISC-V Embedded GCC15/bin/../lib/gcc/riscv32-wch-elf/15.2.0/../../../../riscv32-wch-elf/lib\libg_nano.a(libc_a-nano-vfprintf_i.o)
 *(.gnu.linkonce.t.*)
                0x0001267c                        . = ALIGN (0x4)

.entry          0x0001267c       0x20
 .entry         0x0001267c       0x20 CMakeFiles/ch307_node.dir/app/src/main.cpp.obj
                0x0001267c                ch307_node_main

.rela.dyn       0x0001269c        0x0
 .rela.init     0x0001269c        0x0 CMakeFiles/ch307_node.dir/SRC/Core/system_ch32v30x.c.obj
 .rela.vector   0x0001269c        0x0 CMakeFiles/ch307_node.dir/SRC/Core/system_ch32v30x.c.obj
 .rela.text.handle_reset
                0x0001269c        0x0 CMakeFiles/ch307_node.dir/SRC/Core/system_ch32v30x.c.obj
 .rela.srodata  0x0001269c        0x0 CMakeFiles/ch307_node.dir/SRC/Core/system_ch32v30x.c.obj
 .rela.text     0x0001269c        0x0 CMakeFiles/ch307_node.dir/SRC/Core/system_ch32v30x.c.obj
 .rela.rodata   0x0001269c        0x0 CMakeFiles/ch307_node.dir/SRC/Core/system_ch32v30x.c.obj
 .rela.text._vfprintf_r
                0x0001269c        0x0 CMakeFiles/ch307_node.dir/SRC/Core/system_ch32v30x.c.obj
 .rela.text._sbrk
                0x0001269c        0x0 CMakeFiles/ch307_node.dir/SRC/Core/system_ch32v30x.c.obj

.fini           0x0001269c        0x0
 *(SORT_NONE(.fini))
                0x0001269c                        . = ALIGN (0x4)
                [!provide]                        PROVIDE (_etext = .)
                [!provide]                        PROVIDE (_eitcm = .)

.preinit_array  0x0001269c        0x0
                [!provide]                        PROVIDE (__preinit_array_start = .)
 *(.preinit_array)
                [!provide]                        PROVIDE (__preinit_array_end = .)

.init_array     0x0001269c        0xc
                [!provide]                        PROVIDE (__init_array_start = .)
 *(SORT_BY_INIT_PRIORITY(.init_array.*) SORT_BY_INIT_PRIORITY(.ctors.*))
 .init_array.00150
                0x0001269c        0x4 CMakeFiles/ch307_node.dir/app/src/main.cpp.obj
 .init_array.00250
                0x000126a0        0x4 mini_tree/libmini_tree.a(osal_freertos.c.obj)
 .init_array.00251
                0x000126a4        0x4 mini_tree/libmini_tree.a(osal_freertos.c.obj)
 *(.init_array EXCLUDE_FILE(*crtend?.o *crtend.o *crtbegin?.o *crtbegin.o) .ctors)
                [!provide]                        PROVIDE (__init_array_end = .)

.fini_array     0x000126a8        0x0
                [!provide]                        PROVIDE (__fini_array_start = .)
 *(SORT_BY_INIT_PRIORITY(.fini_array.*) SORT_BY_INIT_PRIORITY(.dtors.*))
 *(.fini_array EXCLUDE_FILE(*crtend?.o *crtend.o *crtbegin?.o *crtbegin.o) .dtors)
                [!provide]                        PROVIDE (__fini_array_end = .)

.ctors
 *crtbegin.o(.ctors)
 *crtbegin?.o(.ctors)
 *(EXCLUDE_FILE(*crtend?.o *crtend.o) .ctors)
 *(SORT_BY_NAME(.ctors.*))
 *(.ctors)

.dtors
 *crtbegin.o(.dtors)
 *crtbegin?.o(.dtors)
 *(EXCLUDE_FILE(*crtend?.o *crtend.o) .dtors)
 *(SORT_BY_NAME(.dtors.*))
 *(.dtors)

.dalign         0x20000000        0x0 load address 0x000126a8
                0x20000000                        . = ALIGN (0x4)
                0x20000000                        PROVIDE (_data_vma = .)

.dlalign        0x000126a8        0x0
                0x000126a8                        . = ALIGN (0x4)
                0x000126a8                        PROVIDE (_data_lma = .)

.data           0x20000000       0xc8 load address 0x000126a8
 *(.gnu.linkonce.r.*)
 *(.data .data.*)
 .data._impure_data
                0x20000000       0x4c D:/MounRiver_Studio2/resources/app/resources/win32/components/WCH/Toolchain/RISC-V Embedded GCC15/bin/../lib/gcc/riscv32-wch-elf/15.2.0/../../../../riscv32-wch-elf/lib\libg_nano.a(libc_a-impure.o)
                0x20000000                _impure_data
 .data.__sglue  0x2000004c        0xc D:/MounRiver_Studio2/resources/app/resources/win32/components/WCH/Toolchain/RISC-V Embedded GCC15/bin/../lib/gcc/riscv32-wch-elf/15.2.0/../../../../riscv32-wch-elf/lib\libg_nano.a(libc_a-findfp.o)
                0x2000004c                __sglue
 *(.gnu.linkonce.d.*)
                0x20000058                        . = ALIGN (0x8)
                0x20000858                        PROVIDE (__global_pointer$ = (. + 0x800))
 *(.sdata .sdata.*)
 .sdata         0x20000058        0x4 CMakeFiles/ch307_node.dir/SRC/Core/system_ch32v30x.c.obj
                0x20000058                SystemCoreClock
 .sdata         0x2000005c        0x4 mini_tree/libmini_tree.a(osal_freertos.c.obj)
 .sdata         0x20000060        0xc mini_tree/libmini_tree.a(port.c.obj)
                0x20000060                pullNextTime
                0x20000064                xCriticalNesting
                0x20000068                pxCriticalNesting
 .sdata         0x2000006c        0x8 mini_tree/libmini_tree.a(board_driver.c.obj)
 .sdata         0x20000074        0x8 mini_tree/libmini_tree.a(system_wdt.cpp.obj)
 .sdata._impure_ptr
                0x2000007c        0x4 D:/MounRiver_Studio2/resources/app/resources/win32/components/WCH/Toolchain/RISC-V Embedded GCC15/bin/../lib/gcc/riscv32-wch-elf/15.2.0/../../../../riscv32-wch-elf/lib\libg_nano.a(libc_a-impure.o)
                0x2000007c                _impure_ptr
 *(.sdata2.*)
 *(.gnu.linkonce.s.*)
                0x20000080                        . = ALIGN (0x8)
 *(.srodata.cst16)
 *(.srodata.cst8)
 *(.srodata.cst4)
 *(.srodata.cst2)
 *(.srodata .srodata.*)
 .srodata       0x20000080        0x4 mini_tree/libmini_tree.a(tasks.c.obj)
 .srodata       0x20000084        0xc mini_tree/libmini_tree.a(port.c.obj)
                0x20000084                xISRStackTop
                0x20000088                uxTimerIncrementsForOneTick
                0x2000008c                ullMachineTimerCompareRegisterBase
 .srodata       0x20000090       0x1c mini_tree/libmini_tree.a(board_devtable.c.obj)
 .srodata       0x200000ac       0x18 mini_tree/libmini_tree.a(board_probe.c.obj)
 .srodata       0x200000c4        0x4 hal/libch32_periph.a(ch32v30x_rcc.c.obj)
                0x200000c8                        . = ALIGN (0x4)
                0x200000c8                        PROVIDE (_edata = .)

.bss            0x200000e0     0x2658 load address 0x00012770
                0x200000e0                        . = ALIGN (0x4)
                0x200000e0                        PROVIDE (_sbss = .)
 *(.sbss*)
 .sbss          0x200000e0        0x4 mini_tree/libmini_tree.a(tasks.c.obj)
                0x200000e0                pxCurrentTCB
 *fill*         0x200000e4        0x4 
 .sbss          0x200000e8       0x10 mini_tree/libmini_tree.a(port.c.obj)
                0x200000e8                ullNextTime
                0x200000f0                pullMachineTimerCompareRegister
                0x200000f4                xTaskReturnAddress
 .sbss          0x200000f8        0x1 mini_tree/libmini_tree.a(system_init.cpp.obj)
                0x200000f8                g_system_os_initialized
 *fill*         0x200000f9        0x3 
 .sbss.__malloc_sbrk_start
                0x200000fc        0x4 D:/MounRiver_Studio2/resources/app/resources/win32/components/WCH/Toolchain/RISC-V Embedded GCC15/bin/../lib/gcc/riscv32-wch-elf/15.2.0/../../../../riscv32-wch-elf/lib\libg_nano.a(libc_a-mallocr.o)
                0x200000fc                __malloc_sbrk_start
 .sbss.__malloc_free_list
                0x20000100        0x4 D:/MounRiver_Studio2/resources/app/resources/win32/components/WCH/Toolchain/RISC-V Embedded GCC15/bin/../lib/gcc/riscv32-wch-elf/15.2.0/../../../../riscv32-wch-elf/lib\libg_nano.a(libc_a-mallocr.o)
                0x20000100                __malloc_free_list
 .sbss.__stdio_exit_handler
                0x20000104        0x4 D:/MounRiver_Studio2/resources/app/resources/win32/components/WCH/Toolchain/RISC-V Embedded GCC15/bin/../lib/gcc/riscv32-wch-elf/15.2.0/../../../../riscv32-wch-elf/lib\libg_nano.a(libc_a-findfp.o)
                0x20000104                __stdio_exit_handler
 .sbss.errno    0x20000108        0x4 D:/MounRiver_Studio2/resources/app/resources/win32/components/WCH/Toolchain/RISC-V Embedded GCC15/bin/../lib/gcc/riscv32-wch-elf/15.2.0/../../../../riscv32-wch-elf/lib\libg_nano.a(libc_a-reent.o)
                0x20000108                errno
 .sbss.heap_end.0
                0x2000010c        0x4 D:/MounRiver_Studio2/resources/app/resources/win32/components/WCH/Toolchain/RISC-V Embedded GCC15/bin/../lib/gcc/riscv32-wch-elf/15.2.0/../../../../riscv32-wch-elf/lib\libnosys.a(sbrk.o)
 *(.gnu.linkonce.sb.*)
 *(.bss*)
 .bss           0x20000110      0x798 mini_tree/libmini_tree.a(osal_freertos.c.obj)
 .bss           0x200008a8      0x31c mini_tree/libmini_tree.a(tasks.c.obj)
 .bss           0x20000bc4     0x101c mini_tree/libmini_tree.a(heap_4.c.obj)
 .bss           0x20001be0      0x460 mini_tree/libmini_tree.a(board_device.c.obj)
 .bss           0x20002040        0x4 mini_tree/libmini_tree.a(board_driver.c.obj)
 .bss           0x20002044       0xf8 mini_tree/libmini_tree.a(event_bus.c.obj)
 .bss           0x2000213c        0x5 mini_tree/libmini_tree.a(system_scrubber.cpp.obj)
 *fill*         0x20002141        0x3 
 .bss           0x20002144       0x48 mini_tree/libmini_tree.a(system_wdt.cpp.obj)
 .bss           0x2000218c        0x4 mini_tree/libmini_tree.a(safe_state.c.obj)
 .bss           0x20002190        0x4 mini_tree/libmini_tree.a(hal_dma_ch32.c.obj)
 *fill*         0x20002194        0xc 
 .bss           0x200021a0      0x460 mini_tree/libmini_tree.a(hal_spi_ch32.c.obj)
 .bss.__sf      0x20002600      0x138 D:/MounRiver_Studio2/resources/app/resources/win32/components/WCH/Toolchain/RISC-V Embedded GCC15/bin/../lib/gcc/riscv32-wch-elf/15.2.0/../../../../riscv32-wch-elf/lib\libg_nano.a(libc_a-findfp.o)
                0x20002600                __sf
 *(.gnu.linkonce.b.*)
 *(COMMON*)
                0x20002738                        . = ALIGN (0x4)
                0x20002738                        PROVIDE (_ebss = .)
                [!provide]                        PROVIDE (_end = _ebss)
                0x20002738                        PROVIDE (end = .)

.stack          0x20007c00      0x400
                [!provide]                        PROVIDE (_heap_end = .)
                0x20007c00                        . = ALIGN (0x4)
                [!provide]                        PROVIDE (_susrstack = .)
                0x20008000                        . = (. + __stack_size)
 *fill*         0x20007c00      0x400 
                0x20008000                        PROVIDE (_eusrstack = .)
                0x20008000                        PROVIDE (__freertos_irq_stack_top = _eusrstack)
OUTPUT(ch307_node elf32-littleriscv)

.debug_info     0x00000000    0x1271d
 .debug_info    0x00000000      0x2f2 CMakeFiles/ch307_node.dir/SRC/Core/system_ch32v30x.c.obj
 .debug_info    0x000002f2       0x23 CMakeFiles/ch307_node.dir/SRC/Startup/startup_ch32v30x_D8C.S.obj
 .debug_info    0x00000315       0xa0 CMakeFiles/ch307_node.dir/SRC/User/ch32v30x_it.c.obj
 .debug_info    0x000003b5      0x4a8 CMakeFiles/ch307_node.dir/SRC/User/spi.c.obj
 .debug_info    0x0000085d      0x466 CMakeFiles/ch307_node.dir/SRC/User/usart.c.obj
 .debug_info    0x00000cc3      0x132 CMakeFiles/ch307_node.dir/app/src/freeRTOS.cpp.obj
 .debug_info    0x00000df5      0x7c5 CMakeFiles/ch307_node.dir/app/src/main.cpp.obj
 .debug_info    0x000015ba     0x1805 mini_tree/libmini_tree.a(osal_freertos.c.obj)
 .debug_info    0x00002dbf     0x2229 mini_tree/libmini_tree.a(tasks.c.obj)
 .debug_info    0x00004fe8     0x1430 mini_tree/libmini_tree.a(queue.c.obj)
 .debug_info    0x00006418      0x2ab mini_tree/libmini_tree.a(list.c.obj)
 .debug_info    0x000066c3      0x4d5 mini_tree/libmini_tree.a(heap_4.c.obj)
 .debug_info    0x00006b98      0x221 mini_tree/libmini_tree.a(port.c.obj)
 .debug_info    0x00006db9       0x23 mini_tree/libmini_tree.a(portASM.S.obj)
 .debug_info    0x00006ddc     0x16d2 mini_tree/libmini_tree.a(board_device.c.obj)
 .debug_info    0x000084ae      0x123 mini_tree/libmini_tree.a(board_dma.c.obj)
 .debug_info    0x000085d1      0x467 mini_tree/libmini_tree.a(dev_lifecycle.c.obj)
 .debug_info    0x00008a38      0xc98 mini_tree/libmini_tree.a(board_driver.c.obj)
 .debug_info    0x000096d0      0x651 mini_tree/libmini_tree.a(board_devtable.c.obj)
 .debug_info    0x00009d21      0x7d4 mini_tree/libmini_tree.a(board_probe.c.obj)
 .debug_info    0x0000a4f5      0x71a mini_tree/libmini_tree.a(event_bus.c.obj)
 .debug_info    0x0000ac0f      0x275 mini_tree/libmini_tree.a(production_log.c.obj)
 .debug_info    0x0000ae84      0x124 mini_tree/libmini_tree.a(printf_output.c.obj)
 .debug_info    0x0000afa8      0x9d4 mini_tree/libmini_tree.a(system_init.cpp.obj)
 .debug_info    0x0000b97c      0xa05 mini_tree/libmini_tree.a(system_scrubber.cpp.obj)
 .debug_info    0x0000c381      0xa64 mini_tree/libmini_tree.a(system_wdt.cpp.obj)
 .debug_info    0x0000cde5      0x150 mini_tree/libmini_tree.a(safe_state.c.obj)
 .debug_info    0x0000cf35      0x44e mini_tree/libmini_tree.a(hal_ch32v307.c.obj)
 .debug_info    0x0000d383      0x6eb mini_tree/libmini_tree.a(hal_dma_ch32.c.obj)
 .debug_info    0x0000da6e      0xd0b mini_tree/libmini_tree.a(hal_spi_ch32.c.obj)
 .debug_info    0x0000e779      0xb09 mini_tree/libmini_tree.a(hal_uart_ch32.c.obj)
 .debug_info    0x0000f282      0x71b hal/libch32_periph.a(ch32v30x_gpio.c.obj)
 .debug_info    0x0000f99d      0x92f hal/libch32_periph.a(ch32v30x_spi.c.obj)
 .debug_info    0x000102cc      0x9a1 hal/libch32_periph.a(ch32v30x_usart.c.obj)
 .debug_info    0x00010c6d      0xbca hal/libch32_periph.a(ch32v30x_rcc.c.obj)
 .debug_info    0x00011837      0x43c hal/libch32_periph.a(ch32v30x_dma.c.obj)
 .debug_info    0x00011c73      0x168 D:/MounRiver_Studio2/resources/app/resources/win32/components/WCH/Toolchain/RISC-V Embedded GCC15/bin/../lib/gcc/riscv32-wch-elf/15.2.0\libgcc.a(_clzsi2.o)
 .debug_info    0x00011ddb      0x850 D:/MounRiver_Studio2/resources/app/resources/win32/components/WCH/Toolchain/RISC-V Embedded GCC15/bin/../lib/gcc/riscv32-wch-elf/15.2.0\libgcc.a(_udivdi3.o)
 .debug_info    0x0001262b       0xf2 D:/MounRiver_Studio2/resources/app/resources/win32/components/WCH/Toolchain/RISC-V Embedded GCC15/bin/../lib/gcc/riscv32-wch-elf/15.2.0\libgcc.a(_clz.o)

.debug_abbrev   0x00000000     0x468f
 .debug_abbrev  0x00000000      0x19b CMakeFiles/ch307_node.dir/SRC/Core/system_ch32v30x.c.obj
 .debug_abbrev  0x0000019b       0x12 CMakeFiles/ch307_node.dir/SRC/Startup/startup_ch32v30x_D8C.S.obj
 .debug_abbrev  0x000001ad       0x4b CMakeFiles/ch307_node.dir/SRC/User/ch32v30x_it.c.obj
 .debug_abbrev  0x000001f8      0x14f CMakeFiles/ch307_node.dir/SRC/User/spi.c.obj
 .debug_abbrev  0x00000347      0x151 CMakeFiles/ch307_node.dir/SRC/User/usart.c.obj
 .debug_abbrev  0x00000498       0xec CMakeFiles/ch307_node.dir/app/src/freeRTOS.cpp.obj
 .debug_abbrev  0x00000584      0x1eb CMakeFiles/ch307_node.dir/app/src/main.cpp.obj
 .debug_abbrev  0x0000076f      0x47e mini_tree/libmini_tree.a(osal_freertos.c.obj)
 .debug_abbrev  0x00000bed      0x321 mini_tree/libmini_tree.a(tasks.c.obj)
 .debug_abbrev  0x00000f0e      0x2d0 mini_tree/libmini_tree.a(queue.c.obj)
 .debug_abbrev  0x000011de       0xf2 mini_tree/libmini_tree.a(list.c.obj)
 .debug_abbrev  0x000012d0      0x1f7 mini_tree/libmini_tree.a(heap_4.c.obj)
 .debug_abbrev  0x000014c7       0xe3 mini_tree/libmini_tree.a(port.c.obj)
 .debug_abbrev  0x000015aa       0x12 mini_tree/libmini_tree.a(portASM.S.obj)
 .debug_abbrev  0x000015bc      0x317 mini_tree/libmini_tree.a(board_device.c.obj)
 .debug_abbrev  0x000018d3       0xc6 mini_tree/libmini_tree.a(board_dma.c.obj)
 .debug_abbrev  0x00001999      0x1d8 mini_tree/libmini_tree.a(dev_lifecycle.c.obj)
 .debug_abbrev  0x00001b71      0x2b3 mini_tree/libmini_tree.a(board_driver.c.obj)
 .debug_abbrev  0x00001e24      0x1a4 mini_tree/libmini_tree.a(board_devtable.c.obj)
 .debug_abbrev  0x00001fc8      0x1a4 mini_tree/libmini_tree.a(board_probe.c.obj)
 .debug_abbrev  0x0000216c      0x2e8 mini_tree/libmini_tree.a(event_bus.c.obj)
 .debug_abbrev  0x00002454      0x171 mini_tree/libmini_tree.a(production_log.c.obj)
 .debug_abbrev  0x000025c5       0xce mini_tree/libmini_tree.a(printf_output.c.obj)
 .debug_abbrev  0x00002693      0x2aa mini_tree/libmini_tree.a(system_init.cpp.obj)
 .debug_abbrev  0x0000293d      0x2e3 mini_tree/libmini_tree.a(system_scrubber.cpp.obj)
 .debug_abbrev  0x00002c20      0x2ae mini_tree/libmini_tree.a(system_wdt.cpp.obj)
 .debug_abbrev  0x00002ece      0x108 mini_tree/libmini_tree.a(safe_state.c.obj)
 .debug_abbrev  0x00002fd6      0x1d6 mini_tree/libmini_tree.a(hal_ch32v307.c.obj)
 .debug_abbrev  0x000031ac      0x242 mini_tree/libmini_tree.a(hal_dma_ch32.c.obj)
 .debug_abbrev  0x000033ee      0x36f mini_tree/libmini_tree.a(hal_spi_ch32.c.obj)
 .debug_abbrev  0x0000375d      0x2f5 mini_tree/libmini_tree.a(hal_uart_ch32.c.obj)
 .debug_abbrev  0x00003a52      0x217 hal/libch32_periph.a(ch32v30x_gpio.c.obj)
 .debug_abbrev  0x00003c69      0x1ce hal/libch32_periph.a(ch32v30x_spi.c.obj)
 .debug_abbrev  0x00003e37      0x1d0 hal/libch32_periph.a(ch32v30x_usart.c.obj)
 .debug_abbrev  0x00004007      0x204 hal/libch32_periph.a(ch32v30x_rcc.c.obj)
 .debug_abbrev  0x0000420b      0x188 hal/libch32_periph.a(ch32v30x_dma.c.obj)
 .debug_abbrev  0x00004393       0xd9 D:/MounRiver_Studio2/resources/app/resources/win32/components/WCH/Toolchain/RISC-V Embedded GCC15/bin/../lib/gcc/riscv32-wch-elf/15.2.0\libgcc.a(_clzsi2.o)
 .debug_abbrev  0x0000446c      0x1ad D:/MounRiver_Studio2/resources/app/resources/win32/components/WCH/Toolchain/RISC-V Embedded GCC15/bin/../lib/gcc/riscv32-wch-elf/15.2.0\libgcc.a(_udivdi3.o)
 .debug_abbrev  0x00004619       0x76 D:/MounRiver_Studio2/resources/app/resources/win32/components/WCH/Toolchain/RISC-V Embedded GCC15/bin/../lib/gcc/riscv32-wch-elf/15.2.0\libgcc.a(_clz.o)

.debug_loclists
                0x00000000      0xd87
 .debug_loclists
                0x00000000      0x11d CMakeFiles/ch307_node.dir/SRC/Core/system_ch32v30x.c.obj
 .debug_loclists
                0x0000011d       0x3c CMakeFiles/ch307_node.dir/app/src/freeRTOS.cpp.obj
 .debug_loclists
                0x00000159       0x5f D:/MounRiver_Studio2/resources/app/resources/win32/components/WCH/Toolchain/RISC-V Embedded GCC15/bin/../lib/gcc/riscv32-wch-elf/15.2.0\libgcc.a(_clzsi2.o)
 .debug_loclists
                0x000001b8      0xbcf D:/MounRiver_Studio2/resources/app/resources/win32/components/WCH/Toolchain/RISC-V Embedded GCC15/bin/../lib/gcc/riscv32-wch-elf/15.2.0\libgcc.a(_udivdi3.o)

.debug_aranges  0x00000000      0x510
 .debug_aranges
                0x00000000       0x20 CMakeFiles/ch307_node.dir/SRC/Core/system_ch32v30x.c.obj
 .debug_aranges
                0x00000020       0x30 CMakeFiles/ch307_node.dir/SRC/Startup/startup_ch32v30x_D8C.S.obj
 .debug_aranges
                0x00000050       0x20 CMakeFiles/ch307_node.dir/SRC/User/ch32v30x_it.c.obj
 .debug_aranges
                0x00000070       0x20 CMakeFiles/ch307_node.dir/SRC/User/spi.c.obj
 .debug_aranges
                0x00000090       0x20 CMakeFiles/ch307_node.dir/SRC/User/usart.c.obj
 .debug_aranges
                0x000000b0       0x20 CMakeFiles/ch307_node.dir/app/src/freeRTOS.cpp.obj
 .debug_aranges
                0x000000d0       0x28 CMakeFiles/ch307_node.dir/app/src/main.cpp.obj
 .debug_aranges
                0x000000f8       0x20 mini_tree/libmini_tree.a(osal_freertos.c.obj)
 .debug_aranges
                0x00000118       0x20 mini_tree/libmini_tree.a(tasks.c.obj)
 .debug_aranges
                0x00000138       0x20 mini_tree/libmini_tree.a(queue.c.obj)
 .debug_aranges
                0x00000158       0x20 mini_tree/libmini_tree.a(list.c.obj)
 .debug_aranges
                0x00000178       0x20 mini_tree/libmini_tree.a(heap_4.c.obj)
 .debug_aranges
                0x00000198       0x20 mini_tree/libmini_tree.a(port.c.obj)
 .debug_aranges
                0x000001b8       0x40 mini_tree/libmini_tree.a(portASM.S.obj)
 .debug_aranges
                0x000001f8       0x20 mini_tree/libmini_tree.a(board_device.c.obj)
 .debug_aranges
                0x00000218       0x20 mini_tree/libmini_tree.a(board_dma.c.obj)
 .debug_aranges
                0x00000238       0x20 mini_tree/libmini_tree.a(dev_lifecycle.c.obj)
 .debug_aranges
                0x00000258       0x20 mini_tree/libmini_tree.a(board_driver.c.obj)
 .debug_aranges
                0x00000278       0x20 mini_tree/libmini_tree.a(board_devtable.c.obj)
 .debug_aranges
                0x00000298       0x20 mini_tree/libmini_tree.a(board_probe.c.obj)
 .debug_aranges
                0x000002b8       0x20 mini_tree/libmini_tree.a(event_bus.c.obj)
 .debug_aranges
                0x000002d8       0x20 mini_tree/libmini_tree.a(production_log.c.obj)
 .debug_aranges
                0x000002f8       0x20 mini_tree/libmini_tree.a(printf_output.c.obj)
 .debug_aranges
                0x00000318       0x20 mini_tree/libmini_tree.a(system_init.cpp.obj)
 .debug_aranges
                0x00000338       0x20 mini_tree/libmini_tree.a(system_scrubber.cpp.obj)
 .debug_aranges
                0x00000358       0x20 mini_tree/libmini_tree.a(system_wdt.cpp.obj)
 .debug_aranges
                0x00000378       0x20 mini_tree/libmini_tree.a(safe_state.c.obj)
 .debug_aranges
                0x00000398       0x20 mini_tree/libmini_tree.a(hal_ch32v307.c.obj)
 .debug_aranges
                0x000003b8       0x20 mini_tree/libmini_tree.a(hal_dma_ch32.c.obj)
 .debug_aranges
                0x000003d8       0x20 mini_tree/libmini_tree.a(hal_spi_ch32.c.obj)
 .debug_aranges
                0x000003f8       0x20 mini_tree/libmini_tree.a(hal_uart_ch32.c.obj)
 .debug_aranges
                0x00000418       0x20 hal/libch32_periph.a(ch32v30x_gpio.c.obj)
 .debug_aranges
                0x00000438       0x20 hal/libch32_periph.a(ch32v30x_spi.c.obj)
 .debug_aranges
                0x00000458       0x20 hal/libch32_periph.a(ch32v30x_usart.c.obj)
 .debug_aranges
                0x00000478       0x20 hal/libch32_periph.a(ch32v30x_rcc.c.obj)
 .debug_aranges
                0x00000498       0x20 hal/libch32_periph.a(ch32v30x_dma.c.obj)
 .debug_aranges
                0x000004b8       0x20 D:/MounRiver_Studio2/resources/app/resources/win32/components/WCH/Toolchain/RISC-V Embedded GCC15/bin/../lib/gcc/riscv32-wch-elf/15.2.0\libgcc.a(_clzsi2.o)
 .debug_aranges
                0x000004d8       0x20 D:/MounRiver_Studio2/resources/app/resources/win32/components/WCH/Toolchain/RISC-V Embedded GCC15/bin/../lib/gcc/riscv32-wch-elf/15.2.0\libgcc.a(_udivdi3.o)
 .debug_aranges
                0x000004f8       0x18 D:/MounRiver_Studio2/resources/app/resources/win32/components/WCH/Toolchain/RISC-V Embedded GCC15/bin/../lib/gcc/riscv32-wch-elf/15.2.0\libgcc.a(_clz.o)

.debug_line     0x00000000    0x1167b
 .debug_line    0x00000000      0x528 CMakeFiles/ch307_node.dir/SRC/Core/system_ch32v30x.c.obj
 .debug_line    0x00000528      0x11a CMakeFiles/ch307_node.dir/SRC/Startup/startup_ch32v30x_D8C.S.obj
 .debug_line    0x00000642       0x70 CMakeFiles/ch307_node.dir/SRC/User/ch32v30x_it.c.obj
 .debug_line    0x000006b2      0x164 CMakeFiles/ch307_node.dir/SRC/User/spi.c.obj
 .debug_line    0x00000816      0x15c CMakeFiles/ch307_node.dir/SRC/User/usart.c.obj
 .debug_line    0x00000972       0xab CMakeFiles/ch307_node.dir/app/src/freeRTOS.cpp.obj
 .debug_line    0x00000a1d      0x14c CMakeFiles/ch307_node.dir/app/src/main.cpp.obj
 .debug_line    0x00000b69     0x12a0 mini_tree/libmini_tree.a(osal_freertos.c.obj)
 .debug_line    0x00001e09     0x2bbb mini_tree/libmini_tree.a(tasks.c.obj)
 .debug_line    0x000049c4     0x1bb5 mini_tree/libmini_tree.a(queue.c.obj)
 .debug_line    0x00006579      0x279 mini_tree/libmini_tree.a(list.c.obj)
 .debug_line    0x000067f2      0x83a mini_tree/libmini_tree.a(heap_4.c.obj)
 .debug_line    0x0000702c       0xb3 mini_tree/libmini_tree.a(port.c.obj)
 .debug_line    0x000070df      0x2e7 mini_tree/libmini_tree.a(portASM.S.obj)
 .debug_line    0x000073c6     0x1f06 mini_tree/libmini_tree.a(board_device.c.obj)
 .debug_line    0x000092cc       0xa3 mini_tree/libmini_tree.a(board_dma.c.obj)
 .debug_line    0x0000936f      0x54d mini_tree/libmini_tree.a(dev_lifecycle.c.obj)
 .debug_line    0x000098bc      0xae5 mini_tree/libmini_tree.a(board_driver.c.obj)
 .debug_line    0x0000a3a1      0x2ab mini_tree/libmini_tree.a(board_devtable.c.obj)
 .debug_line    0x0000a64c      0x2b0 mini_tree/libmini_tree.a(board_probe.c.obj)
 .debug_line    0x0000a8fc      0x683 mini_tree/libmini_tree.a(event_bus.c.obj)
 .debug_line    0x0000af7f       0xe3 mini_tree/libmini_tree.a(production_log.c.obj)
 .debug_line    0x0000b062       0x8f mini_tree/libmini_tree.a(printf_output.c.obj)
 .debug_line    0x0000b0f1      0x260 mini_tree/libmini_tree.a(system_init.cpp.obj)
 .debug_line    0x0000b351      0x223 mini_tree/libmini_tree.a(system_scrubber.cpp.obj)
 .debug_line    0x0000b574      0x4b7 mini_tree/libmini_tree.a(system_wdt.cpp.obj)
 .debug_line    0x0000ba2b      0x105 mini_tree/libmini_tree.a(safe_state.c.obj)
 .debug_line    0x0000bb30      0x26e mini_tree/libmini_tree.a(hal_ch32v307.c.obj)
 .debug_line    0x0000bd9e      0x347 mini_tree/libmini_tree.a(hal_dma_ch32.c.obj)
 .debug_line    0x0000c0e5      0xc82 mini_tree/libmini_tree.a(hal_spi_ch32.c.obj)
 .debug_line    0x0000cd67      0x687 mini_tree/libmini_tree.a(hal_uart_ch32.c.obj)
 .debug_line    0x0000d3ee      0xb13 hal/libch32_periph.a(ch32v30x_gpio.c.obj)
 .debug_line    0x0000df01      0x857 hal/libch32_periph.a(ch32v30x_spi.c.obj)
 .debug_line    0x0000e758      0x9d8 hal/libch32_periph.a(ch32v30x_usart.c.obj)
 .debug_line    0x0000f130     0x1210 hal/libch32_periph.a(ch32v30x_rcc.c.obj)
 .debug_line    0x00010340      0x6dc hal/libch32_periph.a(ch32v30x_dma.c.obj)
 .debug_line    0x00010a1c       0xef D:/MounRiver_Studio2/resources/app/resources/win32/components/WCH/Toolchain/RISC-V Embedded GCC15/bin/../lib/gcc/riscv32-wch-elf/15.2.0\libgcc.a(_clzsi2.o)
 .debug_line    0x00010b0b      0xb27 D:/MounRiver_Studio2/resources/app/resources/win32/components/WCH/Toolchain/RISC-V Embedded GCC15/bin/../lib/gcc/riscv32-wch-elf/15.2.0\libgcc.a(_udivdi3.o)
 .debug_line    0x00011632       0x49 D:/MounRiver_Studio2/resources/app/resources/win32/components/WCH/Toolchain/RISC-V Embedded GCC15/bin/../lib/gcc/riscv32-wch-elf/15.2.0\libgcc.a(_clz.o)

.debug_str      0x00000000     0x5bd3
 .debug_str     0x00000000     0x5bd3 CMakeFiles/ch307_node.dir/SRC/Core/system_ch32v30x.c.obj
                                0x29e (size before relaxing)
 .debug_str     0x00005bd3        0x0 CMakeFiles/ch307_node.dir/SRC/Startup/startup_ch32v30x_D8C.S.obj
                                 0x93 (size before relaxing)
 .debug_str     0x00005bd3        0x0 CMakeFiles/ch307_node.dir/SRC/User/ch32v30x_it.c.obj
                                0x153 (size before relaxing)
 .debug_str     0x00005bd3        0x0 CMakeFiles/ch307_node.dir/SRC/User/spi.c.obj
                                0x443 (size before relaxing)
 .debug_str     0x00005bd3        0x0 CMakeFiles/ch307_node.dir/SRC/User/usart.c.obj
                                0x411 (size before relaxing)
 .debug_str     0x00005bd3        0x0 CMakeFiles/ch307_node.dir/app/src/freeRTOS.cpp.obj
                                0x1eb (size before relaxing)
 .debug_str     0x00005bd3        0x0 CMakeFiles/ch307_node.dir/app/src/main.cpp.obj
                                0x39a (size before relaxing)
 .debug_str     0x00005bd3        0x0 mini_tree/libmini_tree.a(osal_freertos.c.obj)
                                0xd74 (size before relaxing)
 .debug_str     0x00005bd3        0x0 mini_tree/libmini_tree.a(tasks.c.obj)
                               0x1257 (size before relaxing)
 .debug_str     0x00005bd3        0x0 mini_tree/libmini_tree.a(queue.c.obj)
                                0xb20 (size before relaxing)
 .debug_str     0x00005bd3        0x0 mini_tree/libmini_tree.a(list.c.obj)
                                0x251 (size before relaxing)
 .debug_str     0x00005bd3        0x0 mini_tree/libmini_tree.a(heap_4.c.obj)
                                0x4a0 (size before relaxing)
 .debug_str     0x00005bd3        0x0 mini_tree/libmini_tree.a(port.c.obj)
                                0x289 (size before relaxing)
 .debug_str     0x00005bd3        0x0 mini_tree/libmini_tree.a(portASM.S.obj)
                                 0xa5 (size before relaxing)
 .debug_str     0x00005bd3        0x0 mini_tree/libmini_tree.a(board_device.c.obj)
                                0xa3b (size before relaxing)
 .debug_str     0x00005bd3        0x0 mini_tree/libmini_tree.a(board_dma.c.obj)
                                0x16a (size before relaxing)
 .debug_str     0x00005bd3        0x0 mini_tree/libmini_tree.a(dev_lifecycle.c.obj)
                                0x30b (size before relaxing)
 .debug_str     0x00005bd3        0x0 mini_tree/libmini_tree.a(board_driver.c.obj)
                                0x813 (size before relaxing)
 .debug_str     0x00005bd3        0x0 mini_tree/libmini_tree.a(board_devtable.c.obj)
                                0x574 (size before relaxing)
 .debug_str     0x00005bd3        0x0 mini_tree/libmini_tree.a(board_probe.c.obj)
                                0x60a (size before relaxing)
 .debug_str     0x00005bd3        0x0 mini_tree/libmini_tree.a(event_bus.c.obj)
                                0x51c (size before relaxing)
 .debug_str     0x00005bd3        0x0 mini_tree/libmini_tree.a(production_log.c.obj)
                                0x21b (size before relaxing)
 .debug_str     0x00005bd3        0x0 mini_tree/libmini_tree.a(printf_output.c.obj)
                                0x168 (size before relaxing)
 .debug_str     0x00005bd3        0x0 mini_tree/libmini_tree.a(system_init.cpp.obj)
                                0x5b8 (size before relaxing)
 .debug_str     0x00005bd3        0x0 mini_tree/libmini_tree.a(system_scrubber.cpp.obj)
                                0x48a (size before relaxing)
 .debug_str     0x00005bd3        0x0 mini_tree/libmini_tree.a(system_wdt.cpp.obj)
                                0x593 (size before relaxing)
 .debug_str     0x00005bd3        0x0 mini_tree/libmini_tree.a(safe_state.c.obj)
                                0x20b (size before relaxing)
 .debug_str     0x00005bd3        0x0 mini_tree/libmini_tree.a(hal_ch32v307.c.obj)
                                0x377 (size before relaxing)
 .debug_str     0x00005bd3        0x0 mini_tree/libmini_tree.a(hal_dma_ch32.c.obj)
                                0x5c8 (size before relaxing)
 .debug_str     0x00005bd3        0x0 mini_tree/libmini_tree.a(hal_spi_ch32.c.obj)
                                0x73b (size before relaxing)
 .debug_str     0x00005bd3        0x0 mini_tree/libmini_tree.a(hal_uart_ch32.c.obj)
                                0x7a3 (size before relaxing)
 .debug_str     0x00005bd3        0x0 hal/libch32_periph.a(ch32v30x_gpio.c.obj)
                                0x51e (size before relaxing)
 .debug_str     0x00005bd3        0x0 hal/libch32_periph.a(ch32v30x_spi.c.obj)
                                0x5fe (size before relaxing)
 .debug_str     0x00005bd3        0x0 hal/libch32_periph.a(ch32v30x_usart.c.obj)
                                0x667 (size before relaxing)
 .debug_str     0x00005bd3        0x0 hal/libch32_periph.a(ch32v30x_rcc.c.obj)
                                0x84e (size before relaxing)
 .debug_str     0x00005bd3        0x0 hal/libch32_periph.a(ch32v30x_dma.c.obj)
                                0x362 (size before relaxing)
 .debug_str     0x00005bd3        0x0 D:/MounRiver_Studio2/resources/app/resources/win32/components/WCH/Toolchain/RISC-V Embedded GCC15/bin/../lib/gcc/riscv32-wch-elf/15.2.0\libgcc.a(_clzsi2.o)
                                0x21b (size before relaxing)
 .debug_str     0x00005bd3        0x0 D:/MounRiver_Studio2/resources/app/resources/win32/components/WCH/Toolchain/RISC-V Embedded GCC15/bin/../lib/gcc/riscv32-wch-elf/15.2.0\libgcc.a(_udivdi3.o)
                                0x2b1 (size before relaxing)
 .debug_str     0x00005bd3        0x0 D:/MounRiver_Studio2/resources/app/resources/win32/components/WCH/Toolchain/RISC-V Embedded GCC15/bin/../lib/gcc/riscv32-wch-elf/15.2.0\libgcc.a(_clz.o)
                                0x1fe (size before relaxing)

.debug_line_str
                0x00000000     0x19c1
 .debug_line_str
                0x00000000     0x19c1 CMakeFiles/ch307_node.dir/SRC/Core/system_ch32v30x.c.obj
                                0x24a (size before relaxing)
 .debug_line_str
                0x000019c1        0x0 CMakeFiles/ch307_node.dir/SRC/Startup/startup_ch32v30x_D8C.S.obj
                                 0x87 (size before relaxing)
 .debug_line_str
                0x000019c1        0x0 CMakeFiles/ch307_node.dir/SRC/User/ch32v30x_it.c.obj
                                 0xbe (size before relaxing)
 .debug_line_str
                0x000019c1        0x0 CMakeFiles/ch307_node.dir/SRC/User/spi.c.obj
                                0x283 (size before relaxing)
 .debug_line_str
                0x000019c1        0x0 CMakeFiles/ch307_node.dir/SRC/User/usart.c.obj
                                0x289 (size before relaxing)
 .debug_line_str
                0x000019c1        0x0 CMakeFiles/ch307_node.dir/app/src/freeRTOS.cpp.obj
                                0x15c (size before relaxing)
 .debug_line_str
                0x000019c1        0x0 CMakeFiles/ch307_node.dir/app/src/main.cpp.obj
                                0x640 (size before relaxing)
 .debug_line_str
                0x000019c1        0x0 mini_tree/libmini_tree.a(osal_freertos.c.obj)
                                0x4f6 (size before relaxing)
 .debug_line_str
                0x000019c1        0x0 mini_tree/libmini_tree.a(tasks.c.obj)
                                0x41b (size before relaxing)
 .debug_line_str
                0x000019c1        0x0 mini_tree/libmini_tree.a(queue.c.obj)
                                0x418 (size before relaxing)
 .debug_line_str
                0x000019c1        0x0 mini_tree/libmini_tree.a(list.c.obj)
                                0x2db (size before relaxing)
 .debug_line_str
                0x000019c1        0x0 mini_tree/libmini_tree.a(heap_4.c.obj)
                                0x423 (size before relaxing)
 .debug_line_str
                0x000019c1        0x0 mini_tree/libmini_tree.a(port.c.obj)
                                0x2ec (size before relaxing)
 .debug_line_str
                0x000019c1        0x0 mini_tree/libmini_tree.a(portASM.S.obj)
                                 0x99 (size before relaxing)
 .debug_line_str
                0x000019c1        0x0 mini_tree/libmini_tree.a(board_device.c.obj)
                                0x577 (size before relaxing)
 .debug_line_str
                0x000019c1        0x0 mini_tree/libmini_tree.a(board_dma.c.obj)
                                0x284 (size before relaxing)
 .debug_line_str
                0x000019c1        0x0 mini_tree/libmini_tree.a(dev_lifecycle.c.obj)
                                0x32e (size before relaxing)
 .debug_line_str
                0x000019c1        0x0 mini_tree/libmini_tree.a(board_driver.c.obj)
                                0x49b (size before relaxing)
 .debug_line_str
                0x000019c1        0x0 mini_tree/libmini_tree.a(board_devtable.c.obj)
                                0x395 (size before relaxing)
 .debug_line_str
                0x000019c1        0x0 mini_tree/libmini_tree.a(board_probe.c.obj)
                                0x3bc (size before relaxing)
 .debug_line_str
                0x000019c1        0x0 mini_tree/libmini_tree.a(event_bus.c.obj)
                                0x3cf (size before relaxing)
 .debug_line_str
                0x000019c1        0x0 mini_tree/libmini_tree.a(production_log.c.obj)
                                0x2a2 (size before relaxing)
 .debug_line_str
                0x000019c1        0x0 mini_tree/libmini_tree.a(printf_output.c.obj)
                                0x3a2 (size before relaxing)
 .debug_line_str
                0x000019c1        0x0 mini_tree/libmini_tree.a(system_init.cpp.obj)
                                0x6f6 (size before relaxing)
 .debug_line_str
                0x000019c1        0x0 mini_tree/libmini_tree.a(system_scrubber.cpp.obj)
                                0x623 (size before relaxing)
 .debug_line_str
                0x000019c1        0x0 mini_tree/libmini_tree.a(system_wdt.cpp.obj)
                                0x611 (size before relaxing)
 .debug_line_str
                0x000019c1        0x0 mini_tree/libmini_tree.a(safe_state.c.obj)
                                0x332 (size before relaxing)
 .debug_line_str